******************************************************************************
                  TI ARM Linker PC v18.12.3                    
******************************************************************************
>> Linked Thu Nov 28 08:49:44 2019

OUTPUT FILE NAME:   <MC_Lab_LCD-master.out>
ENTRY POINT SYMBOL: "_c_int00_noargs"  address: 00005311


MEMORY CONFIGURATION

         name            origin    length      used     unused   attr    fill
----------------------  --------  ---------  --------  --------  ----  --------
  FLASH                 00000000   00100000  00007e74  000f818c  R  X
  SRAM                  20000000   00040000  000016c0  0003e940  RW X


SEGMENT ALLOCATION MAP

run origin  load origin   length   init length attrs members
----------  ----------- ---------- ----------- ----- -------
00000000    00000000    00007e78   00007e78    r-x
  00000000    00000000    00000208   00000208    r-- .intvecs
  00000208    00000208    000053c0   000053c0    r-x .text
  000055c8    000055c8    00002854   00002854    r-- .const
  00007e20    00007e20    00000058   00000058    r-- .cinit
20000000    20000000    000016c0   00000000    rw-
  20000000    20000000    0000026c   00000000    rw- .vtable
  2000026c    2000026c    00000004   00000000    rw- .bss
  20000270    20000270    00001400   00000000    rw- .stack
  20001670    20001670    00000050   00000000    rw- .data


SECTION ALLOCATION MAP

 output                                  attributes/
section   page    origin      length       input sections
--------  ----  ----------  ----------   ----------------
.intvecs   0    00000000    00000208     
                  00000000    00000208     tm4c1294ncpdt_startup_ccs.obj (.intvecs)

.text      0    00000208    000053c0     
                  00000208    00000e80     lcd_write.obj (.text)
                  00001088    00000a4e     rtsv7M4_T_le_v4SPD16_eabi.lib : _printfi.c.obj (.text:__TI_printfi)
                  00001ad6    00000002                                   : div0.asm.obj (.text)
                  00001ad8    00000738                                   : k_rem_pio2.c.obj (.text:__kernel_rem_pio2)
                  00002210    000005dc                                   : s_cos.c.obj (.text:cos)
                  000027ec    000005c4                                   : s_sin.c.obj (.text:sin)
                  00002db0    0000050c     interrupt_handler.obj (.text)
                  000032bc    00000270     rtsv7M4_T_le_v4SPD16_eabi.lib : _printfi.c.obj (.text:_pconv_a)
                  0000352c    00000200     driverlib.lib : sysctl.obj (.text:SysCtlClockFreqSet)
                  0000372c    000001d0     rtsv7M4_T_le_v4SPD16_eabi.lib : _printfi.c.obj (.text:_pconv_g)
                  000038fc    000001b6                                   : fd_add_t2.asm.obj (.text)
                  00003ab2    00000002     --HOLE-- [fill = 0]
                  00003ab4    00000188     init_LCD.obj (.text)
                  00003c3c    00000174     rtsv7M4_T_le_v4SPD16_eabi.lib : k_sin.c.obj (.text:__kernel_sin)
                  00003db0    0000016c                                   : k_cos.c.obj (.text:__kernel_cos)
                  00003f1c    00000144     init_peripherals.obj (.text)
                  00004060    0000013c     rtsv7M4_T_le_v4SPD16_eabi.lib : _printfi.c.obj (.text:_pconv_e)
                  0000419c    00000136                                   : fd_div_t2.asm.obj (.text)
                  000042d2    00000132     driverlib.lib : gpio.obj (.text:GPIOPadConfigSet)
                  00004404    00000124     rtsv7M4_T_le_v4SPD16_eabi.lib : _printfi.c.obj (.text:fcvt)
                  00004528    00000110                                   : s_scalbn.c.obj (.text:scalbn)
                  00004638    000000fc                                   : fd_mul_t2.asm.obj (.text)
                  00004734    000000f8                                   : s_floor.c.obj (.text:floor)
                  0000482c    000000c0                                   : s_round.c.obj (.text:round)
                  000048ec    000000b1                                   : _printfi.c.obj (.text:_ltostr)
                  0000499d    00000001     --HOLE-- [fill = 0]
                  0000499e    0000009c                                   : memcpy_t2.asm.obj (.text)
                  00004a3a    00000096                                   : ull_div_t2.asm.obj (.text)
                  00004ad0    00000086                                   : fd_cmp_t2.asm.obj (.text:__aeabi_cdcmple)
                  00004b56    00000086                                   : fd_cmp_t2.asm.obj (.text:__aeabi_cdrcmple)
                  00004bdc    0000007a                                   : memset_t2.asm.obj (.text)
                  00004c56    0000006e                                   : _printfi.c.obj (.text:_mcpy)
                  00004cc4    00000068     driverlib.lib : interrupt.obj (.text:IntEnable)
                  00004d2c    00000068     rtsv7M4_T_le_v4SPD16_eabi.lib : copy_decompress_lzss.c.obj (.text:decompress:lzss:__TI_decompress_lzss)
                  00004d94    00000064                                   : s_frexp.c.obj (.text:frexp)
                  00004df8    00000060     driverlib.lib : timer.obj (.text:TimerConfigure)
                  00004e58    00000056                   : gpio.obj (.text:GPIOIntTypeSet)
                  00004eae    00000056     rtsv7M4_T_le_v4SPD16_eabi.lib : _printfi.c.obj (.text:_pconv_f)
                  00004f04    00000054                                   : ltoa.c.obj (.text:ltoa)
                  00004f58    00000052                                   : _printfi.c.obj (.text:_ecpy)
                  00004faa    00000002     --HOLE-- [fill = 0]
                  00004fac    00000050     mc_project_main.obj (.text)
                  00004ffc    0000004c     driverlib.lib : timer.obj (.text:_TimerIntNumberGet)
                  00005048    0000004c     rtsv7M4_T_le_v4SPD16_eabi.lib : atoi.c.obj (.text:atoi)
                  00005094    00000048     driverlib.lib : sysctl.obj (.text:_SysCtlFrequencyGet)
                  000050dc    00000048     rtsv7M4_T_le_v4SPD16_eabi.lib : fd_toi_t2.asm.obj (.text)
                  00005124    00000044     driverlib.lib : gpio.obj (.text:_GPIOIntNumberGet)
                  00005168    00000044     rtsv7M4_T_le_v4SPD16_eabi.lib : autoinit.c.obj (.text:__TI_auto_init_nobinit_nopinit:__TI_auto_init_nobinit_nopinit)
                  000051ac    00000044                                   : fd_tou_t2.asm.obj (.text)
                  000051f0    00000040                                   : sprintf.c.obj (.text:sprintf)
                  00005230    0000003e                                   : _printfi.c.obj (.text:_fcpy)
                  0000526e    00000038                                   : fs_tod_t2.asm.obj (.text)
                  000052a6    00000002     --HOLE-- [fill = 0]
                  000052a8    00000034     driverlib.lib : interrupt.obj (.text:IntRegister)
                  000052dc    00000034                   : sysctl.obj (.text:SysCtlPeripheralEnable)
                  00005310    00000034     rtsv7M4_T_le_v4SPD16_eabi.lib : boot_cortex_m.c.obj (.text:_c_int00_noargs:_c_int00_noargs)
                  00005344    0000002e                                   : i_tofd_t2.asm.obj (.text)
                  00005372    0000002a     driverlib.lib : gpio.obj (.text:GPIODirModeSet)
                  0000539c    00000024                   : interrupt.obj (.text:IntPrioritySet)
                  000053c0    00000020                   : sysctl.obj (.text:_SysCtlMemTimingGet)
                  000053e0    00000020     rtsv7M4_T_le_v4SPD16_eabi.lib : u_tofd_t2.asm.obj (.text)
                  00005400    0000001c                                   : copy_zero_init.c.obj (.text:decompress:ZI:__TI_zero_init_nomemset:__TI_zero_init_nomemset)
                  0000541c    0000001c                                   : memccpy.c.obj (.text:memccpy)
                  00005438    0000001a                                   : s_copysign.c.obj (.text:copysign)
                  00005452    00000018     driverlib.lib : gpio.obj (.text:GPIOIntRegister)
                  0000546a    00000018                   : gpio.obj (.text:GPIOPinTypeGPIOOutput)
                  00005482    00000002     --HOLE-- [fill = 0]
                  00005484    00000018                   : timer.obj (.text:TimerDisable)
                  0000549c    00000018                   : timer.obj (.text:TimerIntRegister)
                  000054b4    00000018     rtsv7M4_T_le_v4SPD16_eabi.lib : sprintf.c.obj (.text:_outs)
                  000054cc    00000016                                   : strchr.c.obj (.text:strchr)
                  000054e2    00000014                                   : strlen.c.obj (.text:strlen)
                  000054f6    00000012     driverlib.lib : gpio.obj (.text:GPIOPinTypeGPIOInput)
                  00005508    00000012                   : timer.obj (.text:TimerLoadSet)
                  0000551a    00000012     rtsv7M4_T_le_v4SPD16_eabi.lib : wcslen.c.obj (.text:wcslen)
                  0000552c    00000010     driverlib.lib : interrupt.obj (.text:IntMasterDisable)
                  0000553c    00000010                   : interrupt.obj (.text:IntMasterEnable)
                  0000554c    0000000e                   : timer.obj (.text:TimerEnable)
                  0000555a    0000000e     rtsv7M4_T_le_v4SPD16_eabi.lib : copy_decompress_none.c.obj (.text:decompress:none:__TI_decompress_none)
                  00005568    0000000c     driverlib.lib : cpu.obj (.text:CPUcpsid)
                  00005574    0000000c                   : cpu.obj (.text:CPUcpsie)
                  00005580    0000000c                   : gpio.obj (.text:GPIOIntEnable)
                  0000558c    0000000a     rtsv7M4_T_le_v4SPD16_eabi.lib : sprintf.c.obj (.text:_outc)
                  00005596    00000008     driverlib.lib : timer.obj (.text:TimerIntEnable)
                  0000559e    00000002     --HOLE-- [fill = 0]
                  000055a0    00000008     rtsv7M4_T_le_v4SPD16_eabi.lib : errno.c.obj (.text:__aeabi_errno_addr)
                  000055a8    00000008     tm4c1294ncpdt_startup_ccs.obj (.text)
                  000055b0    00000006     driverlib.lib : gpio.obj (.text:GPIOIntClear)
                  000055b6    00000006                   : sysctl.obj (.text:SysCtlDelay)
                  000055bc    00000004                   : timer.obj (.text:TimerIntClear)
                  000055c0    00000004     rtsv7M4_T_le_v4SPD16_eabi.lib : pre_init.c.obj (.text:_system_pre_init)
                  000055c4    00000004                                   : exit.c.obj (.text:abort:abort)

.const     0    000055c8    00002854     
                  000055c8    00002040     lcd_write.obj (.const:$O2$$)
                  00007608    000001b0     driverlib.lib : sysctl.obj (.const:g_pppui32XTALtoVCO)
                  000077b8    00000158     rtsv7M4_T_le_v4SPD16_eabi.lib : k_rem_pio2.c.obj (.const:$O1$$)
                  00007910    00000101                                   : ctype.c.obj (.const:.string:_ctypes_)
                  00007a11    00000003     --HOLE-- [fill = 0]
                  00007a14    000000d8     driverlib.lib : gpio.obj (.const:g_ppui32GPIOIntMapSnowflake)
                  00007aec    000000c0                   : gpio.obj (.const:g_ppui32GPIOIntMapBlizzard)
                  00007bac    0000009c                   : interrupt.obj (.const:g_pui32Regs)
                  00007c48    00000070                   : interrupt.obj (.const)
                  00007cb8    0000006c                   : sysctl.obj (.const:g_pui32Xtals)
                  00007d24    00000060                   : timer.obj (.const:g_ppui32TimerIntMap)
                  00007d84    00000040                   : timer.obj (.const:g_ppui32TimerIntMapSnowflake)
                  00007dc4    00000030                   : sysctl.obj (.const:g_sXTALtoMEMTIM)
                  00007df4    00000020     interrupt_handler.obj (.const:$O2$$)
                  00007e14    00000008     driverlib.lib : sysctl.obj (.const)

.cinit     0    00007e20    00000058     
                  00007e20    00000020     (.cinit..data.load) [load image, compression = lzss]
                  00007e40    0000000c     (__TI_handler_table)
                  00007e4c    00000004     --HOLE-- [fill = 0]
                  00007e50    00000008     (.cinit..bss.load) [load image, compression = zero_init]
                  00007e58    00000008     (.cinit..vtable.load) [load image, compression = zero_init]
                  00007e60    00000018     (__TI_cinit_table)

.init_array 
*          0    00000000    00000000     UNINITIALIZED

.vtable    0    20000000    0000026c     UNINITIALIZED
                  20000000    0000026c     driverlib.lib : interrupt.obj (.vtable)

.bss       0    2000026c    00000004     UNINITIALIZED
                  2000026c    00000004     init_peripherals.obj (.bss)

.data      0    20001670    00000050     UNINITIALIZED
                  20001670    00000030     interrupt_handler.obj (.data:$O1$$)
                  200016a0    00000010     lcd_write.obj (.data:$O1$$)
                  200016b0    0000000c     mc_project_main.obj (.data:$O1$$)
                  200016bc    00000004     rtsv7M4_T_le_v4SPD16_eabi.lib : errno.c.obj (.data)

.stack     0    20000270    00001400     UNINITIALIZED
                  20000270    00000004     rtsv7M4_T_le_v4SPD16_eabi.lib : boot_cortex_m.c.obj (.stack)
                  20000274    000013fc     --HOLE--

MODULE SUMMARY

       Module                          code    ro data   rw data
       ------                          ----    -------   -------
    .\
       tm4c1294ncpdt_startup_ccs.obj   8       520       0      
    +--+-------------------------------+-------+---------+---------+
       Total:                          8       520       0      
                                                                
    .\src\
       lcd_write.obj                   3712    8256      16     
       interrupt_handler.obj           1292    32        48     
       init_LCD.obj                    392     0         0      
       init_peripherals.obj            324     0         4      
       mc_project_main.obj             80      0         12     
    +--+-------------------------------+-------+---------+---------+
       Total:                          5800    8288      80     
                                                                
    C:/ti/TivaWare_C_Series-2.1.4.178/driverlib/ccs/Debug/driverlib.lib
       sysctl.obj                      674     596       0      
       interrupt.obj                   224     268       620    
       gpio.obj                        586     408       0      
       timer.obj                       264     160       0      
       cpu.obj                         24      0         0      
    +--+-------------------------------+-------+---------+---------+
       Total:                          1772    1432      620    
                                                                
    C:\ti\ccs920\ccs\tools\compiler\ti-cgt-arm_18.12.3.LTS\lib\rtsv7M4_T_le_v4SPD16_eabi.lib
       _printfi.c.obj                  4851    0         0      
       k_rem_pio2.c.obj                1848    344       0      
       s_cos.c.obj                     1500    0         0      
       s_sin.c.obj                     1476    0         0      
       fd_add_t2.asm.obj               438     0         0      
       k_sin.c.obj                     372     0         0      
       k_cos.c.obj                     364     0         0      
       fd_div_t2.asm.obj               310     0         0      
       s_scalbn.c.obj                  272     0         0      
       fd_cmp_t2.asm.obj               268     0         0      
       ctype.c.obj                     0       257       0      
       fd_mul_t2.asm.obj               252     0         0      
       s_floor.c.obj                   248     0         0      
       s_round.c.obj                   192     0         0      
       memcpy_t2.asm.obj               156     0         0      
       ull_div_t2.asm.obj              150     0         0      
       memset_t2.asm.obj               122     0         0      
       copy_decompress_lzss.c.obj      104     0         0      
       s_frexp.c.obj                   100     0         0      
       sprintf.c.obj                   98      0         0      
       ltoa.c.obj                      84      0         0      
       atoi.c.obj                      76      0         0      
       fd_toi_t2.asm.obj               72      0         0      
       autoinit.c.obj                  68      0         0      
       fd_tou_t2.asm.obj               68      0         0      
       fs_tod_t2.asm.obj               56      0         0      
       boot_cortex_m.c.obj             52      0         0      
       i_tofd_t2.asm.obj               46      0         0      
       u_tofd_t2.asm.obj               32      0         0      
       copy_zero_init.c.obj            28      0         0      
       memccpy.c.obj                   28      0         0      
       s_copysign.c.obj                26      0         0      
       strchr.c.obj                    22      0         0      
       strlen.c.obj                    20      0         0      
       wcslen.c.obj                    18      0         0      
       copy_decompress_none.c.obj      14      0         0      
       errno.c.obj                     8       0         4      
       exit.c.obj                      4       0         0      
       pre_init.c.obj                  4       0         0      
       div0.asm.obj                    2       0         0      
    +--+-------------------------------+-------+---------+---------+
       Total:                          13849   601       4      
                                                                
       Stack:                          0       0         5120   
       Linker Generated:               0       84        0      
    +--+-------------------------------+-------+---------+---------+
       Grand Total:                    21429   10925     5824   


LINKER GENERATED COPY TABLES

__TI_cinit_table @ 00007e60 records: 3, size/record: 8, table size: 24
	.data: load addr=00007e20, load size=00000020 bytes, run addr=20001670, run size=00000050 bytes, compression=lzss
	.bss: load addr=00007e50, load size=00000008 bytes, run addr=2000026c, run size=00000004 bytes, compression=zero_init
	.vtable: load addr=00007e58, load size=00000008 bytes, run addr=20000000, run size=0000026c bytes, compression=zero_init


LINKER GENERATED HANDLER TABLE

__TI_handler_table @ 00007e40 records: 3, size/record: 4, table size: 12
	index: 0, handler: __TI_zero_init
	index: 1, handler: __TI_decompress_lzss
	index: 2, handler: __TI_decompress_none


GLOBAL SYMBOLS: SORTED ALPHABETICALLY BY Name 

address   name                          
-------   ----                          
000055c5  C$$EXIT                       
00005569  CPUcpsid                      
00005575  CPUcpsie                      
00005373  GPIODirModeSet                
000055b1  GPIOIntClear                  
00005581  GPIOIntEnable                 
00005453  GPIOIntRegister               
00004e59  GPIOIntTypeSet                
000042d3  GPIOPadConfigSet              
000054f7  GPIOPinTypeGPIOInput          
0000546b  GPIOPinTypeGPIOOutput         
00004cc5  IntEnable                     
0000552d  IntMasterDisable              
0000553d  IntMasterEnable               
0000539d  IntPrioritySet                
000052a9  IntRegister                   
000055a9  ResetISR                      
0000352d  SysCtlClockFreqSet            
000055b7  SysCtlDelay                   
000052dd  SysCtlPeripheralEnable        
0000326b  Timer1IntHandler              
00002e2d  Timer2IntHandler              
00004df9  TimerConfigure                
00005485  TimerDisable                  
0000554d  TimerEnable                   
000055bd  TimerIntClear                 
00005597  TimerIntEnable                
0000549d  TimerIntRegister              
00005509  TimerLoadSet                  
20001670  __STACK_END                   
00001400  __STACK_SIZE                  
20000470  __STACK_TOP                   
00007e60  __TI_CINIT_Base               
00007e78  __TI_CINIT_Limit              
00007e40  __TI_Handler_Table_Base       
00007e4c  __TI_Handler_Table_Limit      
00005169  __TI_auto_init_nobinit_nopinit
00004d2d  __TI_decompress_lzss          
0000555b  __TI_decompress_none          
ffffffff  __TI_pprof_out_hndl           
00001089  __TI_printfi                  
ffffffff  __TI_prof_data_size           
ffffffff  __TI_prof_data_start          
00000000  __TI_static_base__            
00005401  __TI_zero_init_nomemset       
00004ad1  __aeabi_cdcmpeq               
00004ad1  __aeabi_cdcmple               
00004b57  __aeabi_cdrcmple              
000050dd  __aeabi_d2iz                  
000051ad  __aeabi_d2uiz                 
00003907  __aeabi_dadd                  
0000419d  __aeabi_ddiv                  
00004639  __aeabi_dmul                  
000038fd  __aeabi_dsub                  
000055a1  __aeabi_errno_addr            
0000526f  __aeabi_f2d                   
00005345  __aeabi_i2d                   
00001ad7  __aeabi_idiv0                 
00001ad7  __aeabi_ldiv0                 
00004bdd  __aeabi_memclr                
00004bdd  __aeabi_memclr4               
00004bdd  __aeabi_memclr8               
0000499f  __aeabi_memcpy                
0000499f  __aeabi_memcpy4               
0000499f  __aeabi_memcpy8               
00004bdf  __aeabi_memset                
00004bdf  __aeabi_memset4               
00004bdf  __aeabi_memset8               
000053e1  __aeabi_ui2d                  
00004a3b  __aeabi_uldivmod              
ffffffff  __binit__                     
ffffffff  __c_args__                    
00003db1  __kernel_cos                  
00001ad9  __kernel_rem_pio2             
00003c3d  __kernel_sin                  
UNDEFED   __mpu_init                    
20000270  __stack                       
00005311  _c_int00_noargs               
00007910  _ctypes_                      
UNDEFED   _system_post_cinit            
000055c1  _system_pre_init              
000055c5  abort                         
00005049  atoi                          
ffffffff  binit                         
00005439  copysign                      
00005439  copysignl                     
00002211  cos                           
00002211  cosl                          
00000fd9  darstellung_display           
000006dd  darstellung_tacho             
200016bc  errno                         
00004735  floor                         
00004735  floorl                        
00005608  font_12_16                    
00004d95  frexp                         
00004d95  frexpl                        
20000000  g_pfnRAMVectors               
00000000  g_pfnVectors                  
00003ad5  init_LCD                      
00003f1d  init_peripherals              
00004529  ldexp                         
00004529  ldexpl                        
00004f05  ltoa                          
00004fad  main                          
0000541d  memccpy                       
0000499f  memcpy                        
00004be5  memset                        
00002db1  portD1IntHandler              
0000063b  print_string                  
0000482d  round                         
0000482d  roundl                        
00004529  scalbn                        
00004529  scalbnl                       
000027ed  sin                           
000027ed  sinl                          
000051f1  sprintf                       
000054cd  strchr                        
000054e3  strlen                        
00003ab5  wait                          
0000551b  wcslen                        
000005c5  write_char                    
0000021d  write_cmd_data                
00000209  write_command                 
000002d7  write_data                    
00000315  write_line                    
00000231  write_position                
0000027f  write_screen_color            


GLOBAL SYMBOLS: SORTED BY Symbol Address 

address   name                          
-------   ----                          
00000000  __TI_static_base__            
00000000  g_pfnVectors                  
00000209  write_command                 
0000021d  write_cmd_data                
00000231  write_position                
0000027f  write_screen_color            
000002d7  write_data                    
00000315  write_line                    
000005c5  write_char                    
0000063b  print_string                  
000006dd  darstellung_tacho             
00000fd9  darstellung_display           
00001089  __TI_printfi                  
00001400  __STACK_SIZE                  
00001ad7  __aeabi_idiv0                 
00001ad7  __aeabi_ldiv0                 
00001ad9  __kernel_rem_pio2             
00002211  cos                           
00002211  cosl                          
000027ed  sin                           
000027ed  sinl                          
00002db1  portD1IntHandler              
00002e2d  Timer2IntHandler              
0000326b  Timer1IntHandler              
0000352d  SysCtlClockFreqSet            
000038fd  __aeabi_dsub                  
00003907  __aeabi_dadd                  
00003ab5  wait                          
00003ad5  init_LCD                      
00003c3d  __kernel_sin                  
00003db1  __kernel_cos                  
00003f1d  init_peripherals              
0000419d  __aeabi_ddiv                  
000042d3  GPIOPadConfigSet              
00004529  ldexp                         
00004529  ldexpl                        
00004529  scalbn                        
00004529  scalbnl                       
00004639  __aeabi_dmul                  
00004735  floor                         
00004735  floorl                        
0000482d  round                         
0000482d  roundl                        
0000499f  __aeabi_memcpy                
0000499f  __aeabi_memcpy4               
0000499f  __aeabi_memcpy8               
0000499f  memcpy                        
00004a3b  __aeabi_uldivmod              
00004ad1  __aeabi_cdcmpeq               
00004ad1  __aeabi_cdcmple               
00004b57  __aeabi_cdrcmple              
00004bdd  __aeabi_memclr                
00004bdd  __aeabi_memclr4               
00004bdd  __aeabi_memclr8               
00004bdf  __aeabi_memset                
00004bdf  __aeabi_memset4               
00004bdf  __aeabi_memset8               
00004be5  memset                        
00004cc5  IntEnable                     
00004d2d  __TI_decompress_lzss          
00004d95  frexp                         
00004d95  frexpl                        
00004df9  TimerConfigure                
00004e59  GPIOIntTypeSet                
00004f05  ltoa                          
00004fad  main                          
00005049  atoi                          
000050dd  __aeabi_d2iz                  
00005169  __TI_auto_init_nobinit_nopinit
000051ad  __aeabi_d2uiz                 
000051f1  sprintf                       
0000526f  __aeabi_f2d                   
000052a9  IntRegister                   
000052dd  SysCtlPeripheralEnable        
00005311  _c_int00_noargs               
00005345  __aeabi_i2d                   
00005373  GPIODirModeSet                
0000539d  IntPrioritySet                
000053e1  __aeabi_ui2d                  
00005401  __TI_zero_init_nomemset       
0000541d  memccpy                       
00005439  copysign                      
00005439  copysignl                     
00005453  GPIOIntRegister               
0000546b  GPIOPinTypeGPIOOutput         
00005485  TimerDisable                  
0000549d  TimerIntRegister              
000054cd  strchr                        
000054e3  strlen                        
000054f7  GPIOPinTypeGPIOInput          
00005509  TimerLoadSet                  
0000551b  wcslen                        
0000552d  IntMasterDisable              
0000553d  IntMasterEnable               
0000554d  TimerEnable                   
0000555b  __TI_decompress_none          
00005569  CPUcpsid                      
00005575  CPUcpsie                      
00005581  GPIOIntEnable                 
00005597  TimerIntEnable                
000055a1  __aeabi_errno_addr            
000055a9  ResetISR                      
000055b1  GPIOIntClear                  
000055b7  SysCtlDelay                   
000055bd  TimerIntClear                 
000055c1  _system_pre_init              
000055c5  C$$EXIT                       
000055c5  abort                         
00005608  font_12_16                    
00007910  _ctypes_                      
00007e40  __TI_Handler_Table_Base       
00007e4c  __TI_Handler_Table_Limit      
00007e60  __TI_CINIT_Base               
00007e78  __TI_CINIT_Limit              
20000000  g_pfnRAMVectors               
20000270  __stack                       
20000470  __STACK_TOP                   
20001670  __STACK_END                   
200016bc  errno                         
ffffffff  __TI_pprof_out_hndl           
ffffffff  __TI_prof_data_size           
ffffffff  __TI_prof_data_start          
ffffffff  __binit__                     
ffffffff  __c_args__                    
ffffffff  binit                         
UNDEFED   __mpu_init                    
UNDEFED   _system_post_cinit            

[127 symbols]
