******************************************************************************
                  TI ARM Linker PC v18.12.3                    
******************************************************************************
>> Linked Sat Nov 30 11:00:19 2019

OUTPUT FILE NAME:   <MC_Lab_LCD-master.out>
ENTRY POINT SYMBOL: "_c_int00_noargs"  address: 0000531d


MEMORY CONFIGURATION

         name            origin    length      used     unused   attr    fill
----------------------  --------  ---------  --------  --------  ----  --------
  FLASH                 00000000   00100000  00007e70  000f8190  R  X
  SRAM                  20000000   00040000  000016bc  0003e944  RW X


SEGMENT ALLOCATION MAP

run origin  load origin   length   init length attrs members
----------  ----------- ---------- ----------- ----- -------
00000000    00000000    00007e78   00007e78    r-x
  00000000    00000000    00000208   00000208    r-- .intvecs
  00000208    00000208    000053cc   000053cc    r-x .text
  000055d8    000055d8    00002854   00002854    r-- .const
  00007e30    00007e30    00000048   00000048    r-- .cinit
20000000    20000000    000016c0   00000000    rw-
  20000000    20000000    0000026c   00000000    rw- .vtable
  20000270    20000270    00001400   00000000    rw- .stack
  20001670    20001670    00000050   00000000    rw- .data


SECTION ALLOCATION MAP

 output                                  attributes/
section   page    origin      length       input sections
--------  ----  ----------  ----------   ----------------
.intvecs   0    00000000    00000208     
                  00000000    00000208     tm4c1294ncpdt_startup_ccs.obj (.intvecs)

.text      0    00000208    000053cc     
                  00000208    00000e80     lcd_write.obj (.text)
                  00001088    00000a4e     rtsv7M4_T_le_v4SPD16_eabi.lib : _printfi.c.obj (.text:__TI_printfi)
                  00001ad6    00000002                                   : div0.asm.obj (.text)
                  00001ad8    00000738                                   : k_rem_pio2.c.obj (.text:__kernel_rem_pio2)
                  00002210    000005dc                                   : s_cos.c.obj (.text:cos)
                  000027ec    000005c4                                   : s_sin.c.obj (.text:sin)
                  00002db0    0000050c     interrupt_handler.obj (.text)
                  000032bc    00000270     rtsv7M4_T_le_v4SPD16_eabi.lib : _printfi.c.obj (.text:_pconv_a)
                  0000352c    00000200     driverlib.lib : sysctl.obj (.text:SysCtlClockFreqSet)
                  0000372c    000001d0     rtsv7M4_T_le_v4SPD16_eabi.lib : _printfi.c.obj (.text:_pconv_g)
                  000038fc    000001b6                                   : fd_add_t2.asm.obj (.text)
                  00003ab2    00000002     --HOLE-- [fill = 0]
                  00003ab4    00000188     init_LCD.obj (.text)
                  00003c3c    00000174     rtsv7M4_T_le_v4SPD16_eabi.lib : k_sin.c.obj (.text:__kernel_sin)
                  00003db0    0000016c                                   : k_cos.c.obj (.text:__kernel_cos)
                  00003f1c    0000013c                                   : _printfi.c.obj (.text:_pconv_e)
                  00004058    00000136                                   : fd_div_t2.asm.obj (.text)
                  0000418e    00000132     driverlib.lib : gpio.obj (.text:GPIOPadConfigSet)
                  000042c0    00000128     mc_project_main.obj (.text)
                  000043e8    00000124     rtsv7M4_T_le_v4SPD16_eabi.lib : _printfi.c.obj (.text:fcvt)
                  0000450c    00000110                                   : s_scalbn.c.obj (.text:scalbn)
                  0000461c    000000fc                                   : fd_mul_t2.asm.obj (.text)
                  00004718    000000f8                                   : s_floor.c.obj (.text:floor)
                  00004810    000000c0                                   : s_round.c.obj (.text:round)
                  000048d0    000000b1                                   : _printfi.c.obj (.text:_ltostr)
                  00004981    00000001     --HOLE-- [fill = 0]
                  00004982    0000009c                                   : memcpy_t2.asm.obj (.text)
                  00004a1e    00000096                                   : ull_div_t2.asm.obj (.text)
                  00004ab4    00000086                                   : fd_cmp_t2.asm.obj (.text:__aeabi_cdcmple)
                  00004b3a    00000086                                   : fd_cmp_t2.asm.obj (.text:__aeabi_cdrcmple)
                  00004bc0    0000007a                                   : memset_t2.asm.obj (.text)
                  00004c3a    00000002     --HOLE-- [fill = 0]
                  00004c3c    00000074     init_peripherals.obj (.text)
                  00004cb0    0000006e     rtsv7M4_T_le_v4SPD16_eabi.lib : _printfi.c.obj (.text:_mcpy)
                  00004d1e    00000002     --HOLE-- [fill = 0]
                  00004d20    00000068     driverlib.lib : interrupt.obj (.text:IntEnable)
                  00004d88    00000068     rtsv7M4_T_le_v4SPD16_eabi.lib : copy_decompress_lzss.c.obj (.text:decompress:lzss:__TI_decompress_lzss)
                  00004df0    00000064                                   : s_frexp.c.obj (.text:frexp)
                  00004e54    00000060     driverlib.lib : timer.obj (.text:TimerConfigure)
                  00004eb4    00000056                   : gpio.obj (.text:GPIOIntTypeSet)
                  00004f0a    00000056     rtsv7M4_T_le_v4SPD16_eabi.lib : _printfi.c.obj (.text:_pconv_f)
                  00004f60    00000054                                   : ltoa.c.obj (.text:ltoa)
                  00004fb4    00000052                                   : _printfi.c.obj (.text:_ecpy)
                  00005006    00000002     --HOLE-- [fill = 0]
                  00005008    0000004c     driverlib.lib : timer.obj (.text:_TimerIntNumberGet)
                  00005054    0000004c     rtsv7M4_T_le_v4SPD16_eabi.lib : atoi.c.obj (.text:atoi)
                  000050a0    00000048     driverlib.lib : sysctl.obj (.text:_SysCtlFrequencyGet)
                  000050e8    00000048     rtsv7M4_T_le_v4SPD16_eabi.lib : fd_toi_t2.asm.obj (.text)
                  00005130    00000044     driverlib.lib : gpio.obj (.text:_GPIOIntNumberGet)
                  00005174    00000044     rtsv7M4_T_le_v4SPD16_eabi.lib : autoinit.c.obj (.text:__TI_auto_init_nobinit_nopinit:__TI_auto_init_nobinit_nopinit)
                  000051b8    00000044                                   : fd_tou_t2.asm.obj (.text)
                  000051fc    00000040                                   : sprintf.c.obj (.text:sprintf)
                  0000523c    0000003e                                   : _printfi.c.obj (.text:_fcpy)
                  0000527a    00000038                                   : fs_tod_t2.asm.obj (.text)
                  000052b2    00000002     --HOLE-- [fill = 0]
                  000052b4    00000034     driverlib.lib : interrupt.obj (.text:IntRegister)
                  000052e8    00000034                   : sysctl.obj (.text:SysCtlPeripheralEnable)
                  0000531c    00000034     rtsv7M4_T_le_v4SPD16_eabi.lib : boot_cortex_m.c.obj (.text:_c_int00_noargs:_c_int00_noargs)
                  00005350    0000002e                                   : i_tofd_t2.asm.obj (.text)
                  0000537e    0000002a     driverlib.lib : gpio.obj (.text:GPIODirModeSet)
                  000053a8    00000024                   : interrupt.obj (.text:IntPrioritySet)
                  000053cc    00000020                   : sysctl.obj (.text:_SysCtlMemTimingGet)
                  000053ec    00000020     rtsv7M4_T_le_v4SPD16_eabi.lib : u_tofd_t2.asm.obj (.text)
                  0000540c    0000001c                                   : copy_zero_init.c.obj (.text:decompress:ZI:__TI_zero_init_nomemset:__TI_zero_init_nomemset)
                  00005428    0000001c                                   : memccpy.c.obj (.text:memccpy)
                  00005444    0000001a                                   : s_copysign.c.obj (.text:copysign)
                  0000545e    00000018     driverlib.lib : gpio.obj (.text:GPIOIntRegister)
                  00005476    00000018                   : gpio.obj (.text:GPIOPinTypeGPIOOutput)
                  0000548e    00000002     --HOLE-- [fill = 0]
                  00005490    00000018                   : timer.obj (.text:TimerDisable)
                  000054a8    00000018                   : timer.obj (.text:TimerIntRegister)
                  000054c0    00000018     rtsv7M4_T_le_v4SPD16_eabi.lib : sprintf.c.obj (.text:_outs)
                  000054d8    00000016                                   : strchr.c.obj (.text:strchr)
                  000054ee    00000014                                   : strlen.c.obj (.text:strlen)
                  00005502    00000012     driverlib.lib : gpio.obj (.text:GPIOPinTypeGPIOInput)
                  00005514    00000012                   : timer.obj (.text:TimerLoadSet)
                  00005526    00000012     rtsv7M4_T_le_v4SPD16_eabi.lib : wcslen.c.obj (.text:wcslen)
                  00005538    00000010     driverlib.lib : interrupt.obj (.text:IntMasterDisable)
                  00005548    00000010                   : interrupt.obj (.text:IntMasterEnable)
                  00005558    0000000e                   : timer.obj (.text:TimerEnable)
                  00005566    0000000e     rtsv7M4_T_le_v4SPD16_eabi.lib : copy_decompress_none.c.obj (.text:decompress:none:__TI_decompress_none)
                  00005574    0000000c     driverlib.lib : cpu.obj (.text:CPUcpsid)
                  00005580    0000000c                   : cpu.obj (.text:CPUcpsie)
                  0000558c    0000000c                   : gpio.obj (.text:GPIOIntEnable)
                  00005598    0000000a     rtsv7M4_T_le_v4SPD16_eabi.lib : sprintf.c.obj (.text:_outc)
                  000055a2    00000008     driverlib.lib : timer.obj (.text:TimerIntEnable)
                  000055aa    00000002     --HOLE-- [fill = 0]
                  000055ac    00000008     rtsv7M4_T_le_v4SPD16_eabi.lib : errno.c.obj (.text:__aeabi_errno_addr)
                  000055b4    00000008     tm4c1294ncpdt_startup_ccs.obj (.text)
                  000055bc    00000006     driverlib.lib : gpio.obj (.text:GPIOIntClear)
                  000055c2    00000006                   : sysctl.obj (.text:SysCtlDelay)
                  000055c8    00000004                   : timer.obj (.text:TimerIntClear)
                  000055cc    00000004     rtsv7M4_T_le_v4SPD16_eabi.lib : pre_init.c.obj (.text:_system_pre_init)
                  000055d0    00000004                                   : exit.c.obj (.text:abort:abort)

.const     0    000055d8    00002854     
                  000055d8    00002040     lcd_write.obj (.const:$O2$$)
                  00007618    000001b0     driverlib.lib : sysctl.obj (.const:g_pppui32XTALtoVCO)
                  000077c8    00000158     rtsv7M4_T_le_v4SPD16_eabi.lib : k_rem_pio2.c.obj (.const:$O1$$)
                  00007920    00000101                                   : ctype.c.obj (.const:.string:_ctypes_)
                  00007a21    00000003     --HOLE-- [fill = 0]
                  00007a24    000000d8     driverlib.lib : gpio.obj (.const:g_ppui32GPIOIntMapSnowflake)
                  00007afc    000000c0                   : gpio.obj (.const:g_ppui32GPIOIntMapBlizzard)
                  00007bbc    0000009c                   : interrupt.obj (.const:g_pui32Regs)
                  00007c58    00000070                   : interrupt.obj (.const)
                  00007cc8    0000006c                   : sysctl.obj (.const:g_pui32Xtals)
                  00007d34    00000060                   : timer.obj (.const:g_ppui32TimerIntMap)
                  00007d94    00000040                   : timer.obj (.const:g_ppui32TimerIntMapSnowflake)
                  00007dd4    00000030                   : sysctl.obj (.const:g_sXTALtoMEMTIM)
                  00007e04    00000020     interrupt_handler.obj (.const:$O2$$)
                  00007e24    00000008     driverlib.lib : sysctl.obj (.const)

.cinit     0    00007e30    00000048     
                  00007e30    00000020     (.cinit..data.load) [load image, compression = lzss]
                  00007e50    0000000c     (__TI_handler_table)
                  00007e5c    00000004     --HOLE-- [fill = 0]
                  00007e60    00000008     (.cinit..vtable.load) [load image, compression = zero_init]
                  00007e68    00000010     (__TI_cinit_table)

.init_array 
*          0    00000000    00000000     UNINITIALIZED

.vtable    0    20000000    0000026c     UNINITIALIZED
                  20000000    0000026c     driverlib.lib : interrupt.obj (.vtable)

.data      0    20001670    00000050     UNINITIALIZED
                  20001670    00000030     interrupt_handler.obj (.data:$O1$$)
                  200016a0    00000010     lcd_write.obj (.data:$O1$$)
                  200016b0    0000000c     mc_project_main.obj (.data:$O1$$)
                  200016bc    00000004     rtsv7M4_T_le_v4SPD16_eabi.lib : errno.c.obj (.data)

.stack     0    20000270    00001400     UNINITIALIZED
                  20000270    00000004     rtsv7M4_T_le_v4SPD16_eabi.lib : boot_cortex_m.c.obj (.stack)
                  20000274    000013fc     --HOLE--

MODULE SUMMARY

       Module                          code    ro data   rw data
       ------                          ----    -------   -------
    .\src\
       lcd_write.obj                   3712    8256      16     
       interrupt_handler.obj           1292    32        48     
       tm4c1294ncpdt_startup_ccs.obj   8       520       0      
       init_LCD.obj                    392     0         0      
       mc_project_main.obj             296     0         12     
       init_peripherals.obj            116     0         0      
    +--+-------------------------------+-------+---------+---------+
       Total:                          5816    8808      76     
                                                                
    C:/ti/TivaWare_C_Series-2.1.4.178/driverlib/ccs/Debug/driverlib.lib
       sysctl.obj                      674     596       0      
       interrupt.obj                   224     268       620    
       gpio.obj                        586     408       0      
       timer.obj                       264     160       0      
       cpu.obj                         24      0         0      
    +--+-------------------------------+-------+---------+---------+
       Total:                          1772    1432      620    
                                                                
    C:\ti\ccs920\ccs\tools\compiler\ti-cgt-arm_18.12.3.LTS\lib\rtsv7M4_T_le_v4SPD16_eabi.lib
       _printfi.c.obj                  4851    0         0      
       k_rem_pio2.c.obj                1848    344       0      
       s_cos.c.obj                     1500    0         0      
       s_sin.c.obj                     1476    0         0      
       fd_add_t2.asm.obj               438     0         0      
       k_sin.c.obj                     372     0         0      
       k_cos.c.obj                     364     0         0      
       fd_div_t2.asm.obj               310     0         0      
       s_scalbn.c.obj                  272     0         0      
       fd_cmp_t2.asm.obj               268     0         0      
       ctype.c.obj                     0       257       0      
       fd_mul_t2.asm.obj               252     0         0      
       s_floor.c.obj                   248     0         0      
       s_round.c.obj                   192     0         0      
       memcpy_t2.asm.obj               156     0         0      
       ull_div_t2.asm.obj              150     0         0      
       memset_t2.asm.obj               122     0         0      
       copy_decompress_lzss.c.obj      104     0         0      
       s_frexp.c.obj                   100     0         0      
       sprintf.c.obj                   98      0         0      
       ltoa.c.obj                      84      0         0      
       atoi.c.obj                      76      0         0      
       fd_toi_t2.asm.obj               72      0         0      
       autoinit.c.obj                  68      0         0      
       fd_tou_t2.asm.obj               68      0         0      
       fs_tod_t2.asm.obj               56      0         0      
       boot_cortex_m.c.obj             52      0         0      
       i_tofd_t2.asm.obj               46      0         0      
       u_tofd_t2.asm.obj               32      0         0      
       copy_zero_init.c.obj            28      0         0      
       memccpy.c.obj                   28      0         0      
       s_copysign.c.obj                26      0         0      
       strchr.c.obj                    22      0         0      
       strlen.c.obj                    20      0         0      
       wcslen.c.obj                    18      0         0      
       copy_decompress_none.c.obj      14      0         0      
       errno.c.obj                     8       0         4      
       exit.c.obj                      4       0         0      
       pre_init.c.obj                  4       0         0      
       div0.asm.obj                    2       0         0      
    +--+-------------------------------+-------+---------+---------+
       Total:                          13849   601       4      
                                                                
       Stack:                          0       0         5120   
       Linker Generated:               0       68        0      
    +--+-------------------------------+-------+---------+---------+
       Grand Total:                    21437   10909     5820   


LINKER GENERATED COPY TABLES

__TI_cinit_table @ 00007e68 records: 2, size/record: 8, table size: 16
	.data: load addr=00007e30, load size=00000020 bytes, run addr=20001670, run size=00000050 bytes, compression=lzss
	.vtable: load addr=00007e60, load size=00000008 bytes, run addr=20000000, run size=0000026c bytes, compression=zero_init


LINKER GENERATED HANDLER TABLE

__TI_handler_table @ 00007e50 records: 3, size/record: 4, table size: 12
	index: 0, handler: __TI_zero_init
	index: 1, handler: __TI_decompress_lzss
	index: 2, handler: __TI_decompress_none


GLOBAL SYMBOLS: SORTED ALPHABETICALLY BY Name 

address   name                          
-------   ----                          
000055d1  C$$EXIT                       
00005575  CPUcpsid                      
00005581  CPUcpsie                      
0000537f  GPIODirModeSet                
000055bd  GPIOIntClear                  
0000558d  GPIOIntEnable                 
0000545f  GPIOIntRegister               
00004eb5  GPIOIntTypeSet                
0000418f  GPIOPadConfigSet              
00005503  GPIOPinTypeGPIOInput          
00005477  GPIOPinTypeGPIOOutput         
00004d21  IntEnable                     
00005539  IntMasterDisable              
00005549  IntMasterEnable               
000053a9  IntPrioritySet                
000052b5  IntRegister                   
000055b5  ResetISR                      
0000352d  SysCtlClockFreqSet            
000055c3  SysCtlDelay                   
000052e9  SysCtlPeripheralEnable        
0000326b  Timer1IntHandler              
00002e2d  Timer2IntHandler              
00004e55  TimerConfigure                
00005491  TimerDisable                  
00005559  TimerEnable                   
000055c9  TimerIntClear                 
000055a3  TimerIntEnable                
000054a9  TimerIntRegister              
00005515  TimerLoadSet                  
20001670  __STACK_END                   
00001400  __STACK_SIZE                  
20000470  __STACK_TOP                   
00007e68  __TI_CINIT_Base               
00007e78  __TI_CINIT_Limit              
00007e50  __TI_Handler_Table_Base       
00007e5c  __TI_Handler_Table_Limit      
00005175  __TI_auto_init_nobinit_nopinit
00004d89  __TI_decompress_lzss          
00005567  __TI_decompress_none          
ffffffff  __TI_pprof_out_hndl           
00001089  __TI_printfi                  
ffffffff  __TI_prof_data_size           
ffffffff  __TI_prof_data_start          
00000000  __TI_static_base__            
0000540d  __TI_zero_init_nomemset       
00004ab5  __aeabi_cdcmpeq               
00004ab5  __aeabi_cdcmple               
00004b3b  __aeabi_cdrcmple              
000050e9  __aeabi_d2iz                  
000051b9  __aeabi_d2uiz                 
00003907  __aeabi_dadd                  
00004059  __aeabi_ddiv                  
0000461d  __aeabi_dmul                  
000038fd  __aeabi_dsub                  
000055ad  __aeabi_errno_addr            
0000527b  __aeabi_f2d                   
00005351  __aeabi_i2d                   
00001ad7  __aeabi_idiv0                 
00001ad7  __aeabi_ldiv0                 
00004bc1  __aeabi_memclr                
00004bc1  __aeabi_memclr4               
00004bc1  __aeabi_memclr8               
00004983  __aeabi_memcpy                
00004983  __aeabi_memcpy4               
00004983  __aeabi_memcpy8               
00004bc3  __aeabi_memset                
00004bc3  __aeabi_memset4               
00004bc3  __aeabi_memset8               
000053ed  __aeabi_ui2d                  
00004a1f  __aeabi_uldivmod              
ffffffff  __binit__                     
ffffffff  __c_args__                    
00003db1  __kernel_cos                  
00001ad9  __kernel_rem_pio2             
00003c3d  __kernel_sin                  
UNDEFED   __mpu_init                    
20000270  __stack                       
0000531d  _c_int00_noargs               
00007920  _ctypes_                      
UNDEFED   _system_post_cinit            
000055cd  _system_pre_init              
000055d1  abort                         
00005055  atoi                          
ffffffff  binit                         
00005445  copysign                      
00005445  copysignl                     
00002211  cos                           
00002211  cosl                          
00000fd9  darstellung_display           
000006dd  darstellung_tacho             
000042c1  enable_interrupt              
200016bc  errno                         
00004719  floor                         
00004719  floorl                        
00005618  font_12_16                    
00004df1  frexp                         
00004df1  frexpl                        
20000000  g_pfnRAMVectors               
00000000  g_pfnVectors                  
00003ad5  init_LCD                      
00004c3d  init_peripherals              
0000450d  ldexp                         
0000450d  ldexpl                        
00004f61  ltoa                          
00004379  main                          
00005429  memccpy                       
00004983  memcpy                        
00004bc9  memset                        
00002db1  portD1IntHandler              
0000063b  print_string                  
00004811  round                         
00004811  roundl                        
0000450d  scalbn                        
0000450d  scalbnl                       
000027ed  sin                           
000027ed  sinl                          
000051fd  sprintf                       
000054d9  strchr                        
000054ef  strlen                        
00003ab5  wait                          
00005527  wcslen                        
000005c5  write_char                    
0000021d  write_cmd_data                
00000209  write_command                 
000002d7  write_data                    
00000315  write_line                    
00000231  write_position                
0000027f  write_screen_color            


GLOBAL SYMBOLS: SORTED BY Symbol Address 

address   name                          
-------   ----                          
00000000  __TI_static_base__            
00000000  g_pfnVectors                  
00000209  write_command                 
0000021d  write_cmd_data                
00000231  write_position                
0000027f  write_screen_color            
000002d7  write_data                    
00000315  write_line                    
000005c5  write_char                    
0000063b  print_string                  
000006dd  darstellung_tacho             
00000fd9  darstellung_display           
00001089  __TI_printfi                  
00001400  __STACK_SIZE                  
00001ad7  __aeabi_idiv0                 
00001ad7  __aeabi_ldiv0                 
00001ad9  __kernel_rem_pio2             
00002211  cos                           
00002211  cosl                          
000027ed  sin                           
000027ed  sinl                          
00002db1  portD1IntHandler              
00002e2d  Timer2IntHandler              
0000326b  Timer1IntHandler              
0000352d  SysCtlClockFreqSet            
000038fd  __aeabi_dsub                  
00003907  __aeabi_dadd                  
00003ab5  wait                          
00003ad5  init_LCD                      
00003c3d  __kernel_sin                  
00003db1  __kernel_cos                  
00004059  __aeabi_ddiv                  
0000418f  GPIOPadConfigSet              
000042c1  enable_interrupt              
00004379  main                          
0000450d  ldexp                         
0000450d  ldexpl                        
0000450d  scalbn                        
0000450d  scalbnl                       
0000461d  __aeabi_dmul                  
00004719  floor                         
00004719  floorl                        
00004811  round                         
00004811  roundl                        
00004983  __aeabi_memcpy                
00004983  __aeabi_memcpy4               
00004983  __aeabi_memcpy8               
00004983  memcpy                        
00004a1f  __aeabi_uldivmod              
00004ab5  __aeabi_cdcmpeq               
00004ab5  __aeabi_cdcmple               
00004b3b  __aeabi_cdrcmple              
00004bc1  __aeabi_memclr                
00004bc1  __aeabi_memclr4               
00004bc1  __aeabi_memclr8               
00004bc3  __aeabi_memset                
00004bc3  __aeabi_memset4               
00004bc3  __aeabi_memset8               
00004bc9  memset                        
00004c3d  init_peripherals              
00004d21  IntEnable                     
00004d89  __TI_decompress_lzss          
00004df1  frexp                         
00004df1  frexpl                        
00004e55  TimerConfigure                
00004eb5  GPIOIntTypeSet                
00004f61  ltoa                          
00005055  atoi                          
000050e9  __aeabi_d2iz                  
00005175  __TI_auto_init_nobinit_nopinit
000051b9  __aeabi_d2uiz                 
000051fd  sprintf                       
0000527b  __aeabi_f2d                   
000052b5  IntRegister                   
000052e9  SysCtlPeripheralEnable        
0000531d  _c_int00_noargs               
00005351  __aeabi_i2d                   
0000537f  GPIODirModeSet                
000053a9  IntPrioritySet                
000053ed  __aeabi_ui2d                  
0000540d  __TI_zero_init_nomemset       
00005429  memccpy                       
00005445  copysign                      
00005445  copysignl                     
0000545f  GPIOIntRegister               
00005477  GPIOPinTypeGPIOOutput         
00005491  TimerDisable                  
000054a9  TimerIntRegister              
000054d9  strchr                        
000054ef  strlen                        
00005503  GPIOPinTypeGPIOInput          
00005515  TimerLoadSet                  
00005527  wcslen                        
00005539  IntMasterDisable              
00005549  IntMasterEnable               
00005559  TimerEnable                   
00005567  __TI_decompress_none          
00005575  CPUcpsid                      
00005581  CPUcpsie                      
0000558d  GPIOIntEnable                 
000055a3  TimerIntEnable                
000055ad  __aeabi_errno_addr            
000055b5  ResetISR                      
000055bd  GPIOIntClear                  
000055c3  SysCtlDelay                   
000055c9  TimerIntClear                 
000055cd  _system_pre_init              
000055d1  C$$EXIT                       
000055d1  abort                         
00005618  font_12_16                    
00007920  _ctypes_                      
00007e50  __TI_Handler_Table_Base       
00007e5c  __TI_Handler_Table_Limit      
00007e68  __TI_CINIT_Base               
00007e78  __TI_CINIT_Limit              
20000000  g_pfnRAMVectors               
20000270  __stack                       
20000470  __STACK_TOP                   
20001670  __STACK_END                   
200016bc  errno                         
ffffffff  __TI_pprof_out_hndl           
ffffffff  __TI_prof_data_size           
ffffffff  __TI_prof_data_start          
ffffffff  __binit__                     
ffffffff  __c_args__                    
ffffffff  binit                         
UNDEFED   __mpu_init                    
UNDEFED   _system_post_cinit            

[128 symbols]
