******************************************************************************
                  TI ARM Linker PC v18.12.2                    
******************************************************************************
>> Linked Tue Nov 26 20:33:15 2019

OUTPUT FILE NAME:   <MC_Project_LCD.out>
ENTRY POINT SYMBOL: "_c_int00_noargs"  address: 00005b4d


MEMORY CONFIGURATION

         name            origin    length      used     unused   attr    fill
----------------------  --------  ---------  --------  --------  ----  --------
  FLASH                 00000000   00100000  000086b0  000f7950  R  X
  SRAM                  20000000   00040000  00001254  0003edac  RW X


SEGMENT ALLOCATION MAP

run origin  load origin   length   init length attrs members
----------  ----------- ---------- ----------- ----- -------
00000000    00000000    000086b8   000086b8    r-x
  00000000    00000000    00000208   00000208    r-- .intvecs
  00000208    00000208    00005bfc   00005bfc    r-x .text
  00005e08    00005e08    00002854   00002854    r-- .const
  00008660    00008660    00000058   00000058    r-- .cinit
20000000    20000000    00001258   00000000    rw-
  20000000    20000000    0000026c   00000000    rw- .vtable
  20000270    20000270    00000fa0   00000000    rw- .stack
  20001210    20001210    00000038   00000000    rw- .data
  20001248    20001248    00000010   00000000    rw- .bss


SECTION ALLOCATION MAP

 output                                  attributes/
section   page    origin      length       input sections
--------  ----  ----------  ----------   ----------------
.intvecs   0    00000000    00000208     
                  00000000    00000208     tm4c1294ncpdt_startup_ccs.obj (.intvecs)

.text      0    00000208    00005bfc     
                  00000208    000014d4     lcd_write.obj (.text)
                  000016dc    00000a4e     rtsv7M4_T_le_v4SPD16_eabi.lib : _printfi.c.obj (.text:__TI_printfi)
                  0000212a    00000002                                   : div0.asm.obj (.text)
                  0000212c    00000738                                   : k_rem_pio2.c.obj (.text:__kernel_rem_pio2)
                  00002864    000006c8     interrupt_handler.obj (.text)
                  00002f2c    000005dc     rtsv7M4_T_le_v4SPD16_eabi.lib : s_cos.c.obj (.text:cos)
                  00003508    000005c4                                   : s_sin.c.obj (.text:sin)
                  00003acc    00000270                                   : _printfi.c.obj (.text:_pconv_a)
                  00003d3c    00000200     driverlib.lib : sysctl.obj (.text:SysCtlClockFreqSet)
                  00003f3c    000001d0     rtsv7M4_T_le_v4SPD16_eabi.lib : _printfi.c.obj (.text:_pconv_g)
                  0000410c    000001b6                                   : fd_add_t2.asm.obj (.text)
                  000042c2    00000002     --HOLE-- [fill = 0]
                  000042c4    000001a8     init_LCD.obj (.text)
                  0000446c    00000174     rtsv7M4_T_le_v4SPD16_eabi.lib : k_sin.c.obj (.text:__kernel_sin)
                  000045e0    0000016c                                   : k_cos.c.obj (.text:__kernel_cos)
                  0000474c    00000140     init_peripherals.obj (.text)
                  0000488c    0000013c     rtsv7M4_T_le_v4SPD16_eabi.lib : _printfi.c.obj (.text:_pconv_e)
                  000049c8    00000136                                   : fd_div_t2.asm.obj (.text)
                  00004afe    00000132     driverlib.lib : gpio.obj (.text:GPIOPadConfigSet)
                  00004c30    00000124     rtsv7M4_T_le_v4SPD16_eabi.lib : _printfi.c.obj (.text:fcvt)
                  00004d54    00000110                                   : s_scalbn.c.obj (.text:scalbn)
                  00004e64    000000fc                                   : fd_mul_t2.asm.obj (.text)
                  00004f60    000000f8                                   : s_floor.c.obj (.text:floor)
                  00005058    000000c0                                   : s_round.c.obj (.text:round)
                  00005118    000000b1                                   : _printfi.c.obj (.text:_ltostr)
                  000051c9    00000001     --HOLE-- [fill = 0]
                  000051ca    0000009c                                   : memcpy_t2.asm.obj (.text)
                  00005266    00000096                                   : ull_div_t2.asm.obj (.text)
                  000052fc    00000086                                   : fd_cmp_t2.asm.obj (.text:__aeabi_cdcmple)
                  00005382    00000086                                   : fd_cmp_t2.asm.obj (.text:__aeabi_cdrcmple)
                  00005408    0000007a                                   : memset_t2.asm.obj (.text)
                  00005482    0000006e                                   : _printfi.c.obj (.text:_mcpy)
                  000054f0    00000068     driverlib.lib : interrupt.obj (.text:IntEnable)
                  00005558    00000068     rtsv7M4_T_le_v4SPD16_eabi.lib : copy_decompress_lzss.c.obj (.text:decompress:lzss:__TI_decompress_lzss)
                  000055c0    00000064                                   : s_frexp.c.obj (.text:frexp)
                  00005624    00000060     driverlib.lib : timer.obj (.text:TimerConfigure)
                  00005684    00000060     mc_project_main.obj (.text)
                  000056e4    00000056     driverlib.lib : gpio.obj (.text:GPIOIntTypeSet)
                  0000573a    00000056     rtsv7M4_T_le_v4SPD16_eabi.lib : _printfi.c.obj (.text:_pconv_f)
                  00005790    00000054                                   : ltoa.c.obj (.text:ltoa)
                  000057e4    00000052                                   : _printfi.c.obj (.text:_ecpy)
                  00005836    00000002     --HOLE-- [fill = 0]
                  00005838    0000004c     driverlib.lib : timer.obj (.text:_TimerIntNumberGet)
                  00005884    0000004c     rtsv7M4_T_le_v4SPD16_eabi.lib : atoi.c.obj (.text:atoi)
                  000058d0    00000048     driverlib.lib : sysctl.obj (.text:_SysCtlFrequencyGet)
                  00005918    00000048     rtsv7M4_T_le_v4SPD16_eabi.lib : fd_toi_t2.asm.obj (.text)
                  00005960    00000044     driverlib.lib : gpio.obj (.text:_GPIOIntNumberGet)
                  000059a4    00000044     rtsv7M4_T_le_v4SPD16_eabi.lib : autoinit.c.obj (.text:__TI_auto_init_nobinit_nopinit:__TI_auto_init_nobinit_nopinit)
                  000059e8    00000044                                   : fd_tou_t2.asm.obj (.text)
                  00005a2c    00000040                                   : sprintf.c.obj (.text:sprintf)
                  00005a6c    0000003e                                   : _printfi.c.obj (.text:_fcpy)
                  00005aaa    00000038                                   : fs_tod_t2.asm.obj (.text)
                  00005ae2    00000002     --HOLE-- [fill = 0]
                  00005ae4    00000034     driverlib.lib : interrupt.obj (.text:IntRegister)
                  00005b18    00000034                   : sysctl.obj (.text:SysCtlPeripheralEnable)
                  00005b4c    00000034     rtsv7M4_T_le_v4SPD16_eabi.lib : boot_cortex_m.c.obj (.text:_c_int00_noargs:_c_int00_noargs)
                  00005b80    0000002e                                   : i_tofd_t2.asm.obj (.text)
                  00005bae    0000002a     driverlib.lib : gpio.obj (.text:GPIODirModeSet)
                  00005bd8    00000024                   : interrupt.obj (.text:IntPrioritySet)
                  00005bfc    00000020                   : sysctl.obj (.text:_SysCtlMemTimingGet)
                  00005c1c    00000020     rtsv7M4_T_le_v4SPD16_eabi.lib : u_tofd_t2.asm.obj (.text)
                  00005c3c    0000001c                                   : copy_zero_init.c.obj (.text:decompress:ZI:__TI_zero_init_nomemset:__TI_zero_init_nomemset)
                  00005c58    0000001c                                   : memccpy.c.obj (.text:memccpy)
                  00005c74    0000001a                                   : s_copysign.c.obj (.text:copysign)
                  00005c8e    00000018     driverlib.lib : gpio.obj (.text:GPIOIntRegister)
                  00005ca6    00000018                   : gpio.obj (.text:GPIOPinTypeGPIOOutput)
                  00005cbe    00000002     --HOLE-- [fill = 0]
                  00005cc0    00000018                   : timer.obj (.text:TimerDisable)
                  00005cd8    00000018                   : timer.obj (.text:TimerIntRegister)
                  00005cf0    00000018     rtsv7M4_T_le_v4SPD16_eabi.lib : sprintf.c.obj (.text:_outs)
                  00005d08    00000016                                   : strchr.c.obj (.text:strchr)
                  00005d1e    00000014                                   : strlen.c.obj (.text:strlen)
                  00005d32    00000012     driverlib.lib : gpio.obj (.text:GPIOPinTypeGPIOInput)
                  00005d44    00000012                   : timer.obj (.text:TimerLoadSet)
                  00005d56    00000012     rtsv7M4_T_le_v4SPD16_eabi.lib : wcslen.c.obj (.text:wcslen)
                  00005d68    00000010     driverlib.lib : interrupt.obj (.text:IntMasterDisable)
                  00005d78    00000010                   : interrupt.obj (.text:IntMasterEnable)
                  00005d88    0000000e                   : timer.obj (.text:TimerEnable)
                  00005d96    0000000e     rtsv7M4_T_le_v4SPD16_eabi.lib : copy_decompress_none.c.obj (.text:decompress:none:__TI_decompress_none)
                  00005da4    0000000c     driverlib.lib : cpu.obj (.text:CPUcpsid)
                  00005db0    0000000c                   : cpu.obj (.text:CPUcpsie)
                  00005dbc    0000000c                   : gpio.obj (.text:GPIOIntEnable)
                  00005dc8    0000000a     rtsv7M4_T_le_v4SPD16_eabi.lib : sprintf.c.obj (.text:_outc)
                  00005dd2    00000008     driverlib.lib : timer.obj (.text:TimerIntEnable)
                  00005dda    00000002     --HOLE-- [fill = 0]
                  00005ddc    00000008     rtsv7M4_T_le_v4SPD16_eabi.lib : errno.c.obj (.text:__aeabi_errno_addr)
                  00005de4    00000008     tm4c1294ncpdt_startup_ccs.obj (.text)
                  00005dec    00000006     driverlib.lib : gpio.obj (.text:GPIOIntClear)
                  00005df2    00000006                   : sysctl.obj (.text:SysCtlDelay)
                  00005df8    00000004                   : timer.obj (.text:TimerIntClear)
                  00005dfc    00000004     rtsv7M4_T_le_v4SPD16_eabi.lib : pre_init.c.obj (.text:_system_pre_init)
                  00005e00    00000004                                   : exit.c.obj (.text:abort:abort)

.const     0    00005e08    00002854     
                  00005e08    00002000     lcd_write.obj (.const:font_12_16)
                  00007e08    000001b0     driverlib.lib : sysctl.obj (.const:g_pppui32XTALtoVCO)
                  00007fb8    00000158     rtsv7M4_T_le_v4SPD16_eabi.lib : k_rem_pio2.c.obj (.const:$O1$$)
                  00008110    00000101                                   : ctype.c.obj (.const:.string:_ctypes_)
                  00008211    00000003     --HOLE-- [fill = 0]
                  00008214    000000d8     driverlib.lib : gpio.obj (.const:g_ppui32GPIOIntMapSnowflake)
                  000082ec    000000c0                   : gpio.obj (.const:g_ppui32GPIOIntMapBlizzard)
                  000083ac    0000009c                   : interrupt.obj (.const:g_pui32Regs)
                  00008448    00000070                   : interrupt.obj (.const)
                  000084b8    0000006c                   : sysctl.obj (.const:g_pui32Xtals)
                  00008524    00000060                   : timer.obj (.const:g_ppui32TimerIntMap)
                  00008584    00000040                   : timer.obj (.const:g_ppui32TimerIntMapSnowflake)
                  000085c4    00000030                   : sysctl.obj (.const:g_sXTALtoMEMTIM)
                  000085f4    00000008                   : sysctl.obj (.const)
                  000085fc    00000004     interrupt_handler.obj (.const:$P$T10$15)
                  00008600    00000004     lcd_write.obj (.const:$P$T10$5)
                  00008604    00000004     interrupt_handler.obj (.const:$P$T11$16)
                  00008608    00000004     lcd_write.obj (.const:$P$T11$6)
                  0000860c    00000004     interrupt_handler.obj (.const:$P$T12$17)
                  00008610    00000004     lcd_write.obj (.const:$P$T12$7)
                  00008614    00000004     lcd_write.obj (.const:$P$T14$8)
                  00008618    00000004     interrupt_handler.obj (.const:$P$T15$18)
                  0000861c    00000004     lcd_write.obj (.const:$P$T15$9)
                  00008620    00000004     lcd_write.obj (.const:$P$T16$10)
                  00008624    00000004     interrupt_handler.obj (.const:$P$T16$19)
                  00008628    00000004     lcd_write.obj (.const:$P$T17$11)
                  0000862c    00000004     lcd_write.obj (.const:$P$T19$12)
                  00008630    00000004     lcd_write.obj (.const:$P$T22$13)
                  00008634    00000004     lcd_write.obj (.const:$P$T23$14)
                  00008638    00000004     lcd_write.obj (.const:$P$T24$15)
                  0000863c    00000004     lcd_write.obj (.const:$P$T29$16)
                  00008640    00000004     interrupt_handler.obj (.const:$P$T3$12)
                  00008644    00000004     lcd_write.obj (.const:$P$T30$17)
                  00008648    00000004     lcd_write.obj (.const:$P$T31$18)
                  0000864c    00000004     lcd_write.obj (.const:$P$T32$19)
                  00008650    00000004     interrupt_handler.obj (.const:$P$T4$13)
                  00008654    00000004     lcd_write.obj (.const:$P$T6$4)
                  00008658    00000004     interrupt_handler.obj (.const:$P$T9$14)

.cinit     0    00008660    00000058     
                  00008660    00000020     (.cinit..data.load) [load image, compression = lzss]
                  00008680    0000000c     (__TI_handler_table)
                  0000868c    00000004     --HOLE-- [fill = 0]
                  00008690    00000008     (.cinit..bss.load) [load image, compression = zero_init]
                  00008698    00000008     (.cinit..vtable.load) [load image, compression = zero_init]
                  000086a0    00000018     (__TI_cinit_table)

.init_array 
*          0    00000000    00000000     UNINITIALIZED

.vtable    0    20000000    0000026c     UNINITIALIZED
                  20000000    0000026c     driverlib.lib : interrupt.obj (.vtable)

.data      0    20001210    00000038     UNINITIALIZED
                  20001210    0000001c     interrupt_handler.obj (.data)
                  2000122c    0000000c     lcd_write.obj (.data)
                  20001238    00000004     interrupt_handler.obj (.data:backroundColor)
                  2000123c    00000004     lcd_write.obj (.data:backroundColor)
                  20001240    00000004     mc_project_main.obj (.data:backroundColor)
                  20001244    00000004     rtsv7M4_T_le_v4SPD16_eabi.lib : errno.c.obj (.data)

.bss       0    20001248    00000010     UNINITIALIZED
                  20001248    00000008     interrupt_handler.obj (.bss)
                  20001250    00000004     (.common:sysClk)
                  20001254    00000004     (.common:timerScaler)

.stack     0    20000270    00000fa0     UNINITIALIZED
                  20000270    00000004     rtsv7M4_T_le_v4SPD16_eabi.lib : boot_cortex_m.c.obj (.stack)
                  20000274    00000f9c     --HOLE--

MODULE SUMMARY

       Module                          code    ro data   rw data
       ------                          ----    -------   -------
    .\
       lcd_write.obj                   5332    8256      16     
       interrupt_handler.obj           1736    32        40     
       tm4c1294ncpdt_startup_ccs.obj   8       520       0      
       init_LCD.obj                    424     0         8      
       init_peripherals.obj            320     0         0      
       mc_project_main.obj             96      0         4      
    +--+-------------------------------+-------+---------+---------+
       Total:                          7916    8808      68     
                                                                
    C:/ti/TivaWare_C_Series-2.1.4.178/driverlib/ccs/Debug/driverlib.lib
       sysctl.obj                      674     596       0      
       interrupt.obj                   224     268       620    
       gpio.obj                        586     408       0      
       timer.obj                       264     160       0      
       cpu.obj                         24      0         0      
    +--+-------------------------------+-------+---------+---------+
       Total:                          1772    1432      620    
                                                                
    C:\ti\ccs910\ccs\tools\compiler\ti-cgt-arm_18.12.2.LTS\lib\rtsv7M4_T_le_v4SPD16_eabi.lib
       _printfi.c.obj                  4851    0         0      
       k_rem_pio2.c.obj                1848    344       0      
       s_cos.c.obj                     1500    0         0      
       s_sin.c.obj                     1476    0         0      
       fd_add_t2.asm.obj               438     0         0      
       k_sin.c.obj                     372     0         0      
       k_cos.c.obj                     364     0         0      
       fd_div_t2.asm.obj               310     0         0      
       s_scalbn.c.obj                  272     0         0      
       fd_cmp_t2.asm.obj               268     0         0      
       ctype.c.obj                     0       257       0      
       fd_mul_t2.asm.obj               252     0         0      
       s_floor.c.obj                   248     0         0      
       s_round.c.obj                   192     0         0      
       memcpy_t2.asm.obj               156     0         0      
       ull_div_t2.asm.obj              150     0         0      
       memset_t2.asm.obj               122     0         0      
       copy_decompress_lzss.c.obj      104     0         0      
       s_frexp.c.obj                   100     0         0      
       sprintf.c.obj                   98      0         0      
       ltoa.c.obj                      84      0         0      
       atoi.c.obj                      76      0         0      
       fd_toi_t2.asm.obj               72      0         0      
       autoinit.c.obj                  68      0         0      
       fd_tou_t2.asm.obj               68      0         0      
       fs_tod_t2.asm.obj               56      0         0      
       boot_cortex_m.c.obj             52      0         0      
       i_tofd_t2.asm.obj               46      0         0      
       u_tofd_t2.asm.obj               32      0         0      
       copy_zero_init.c.obj            28      0         0      
       memccpy.c.obj                   28      0         0      
       s_copysign.c.obj                26      0         0      
       strchr.c.obj                    22      0         0      
       strlen.c.obj                    20      0         0      
       wcslen.c.obj                    18      0         0      
       copy_decompress_none.c.obj      14      0         0      
       errno.c.obj                     8       0         4      
       exit.c.obj                      4       0         0      
       pre_init.c.obj                  4       0         0      
       div0.asm.obj                    2       0         0      
    +--+-------------------------------+-------+---------+---------+
       Total:                          13849   601       4      
                                                                
       Stack:                          0       0         4000   
       Linker Generated:               0       84        0      
    +--+-------------------------------+-------+---------+---------+
       Grand Total:                    23537   10925     4692   


LINKER GENERATED COPY TABLES

__TI_cinit_table @ 000086a0 records: 3, size/record: 8, table size: 24
	.data: load addr=00008660, load size=00000020 bytes, run addr=20001210, run size=00000038 bytes, compression=lzss
	.bss: load addr=00008690, load size=00000008 bytes, run addr=20001248, run size=00000010 bytes, compression=zero_init
	.vtable: load addr=00008698, load size=00000008 bytes, run addr=20000000, run size=0000026c bytes, compression=zero_init


LINKER GENERATED HANDLER TABLE

__TI_handler_table @ 00008680 records: 3, size/record: 4, table size: 12
	index: 0, handler: __TI_zero_init
	index: 1, handler: __TI_decompress_lzss
	index: 2, handler: __TI_decompress_none


GLOBAL SYMBOLS: SORTED ALPHABETICALLY BY Name 

address   name                          
-------   ----                          
00005e01  C$$EXIT                       
00005da5  CPUcpsid                      
00005db1  CPUcpsie                      
00005baf  GPIODirModeSet                
00005ded  GPIOIntClear                  
00005dbd  GPIOIntEnable                 
00005c8f  GPIOIntRegister               
000056e5  GPIOIntTypeSet                
00004aff  GPIOPadConfigSet              
00005d33  GPIOPinTypeGPIOInput          
00005ca7  GPIOPinTypeGPIOOutput         
000054f1  IntEnable                     
00005d69  IntMasterDisable              
00005d79  IntMasterEnable               
00005bd9  IntPrioritySet                
00005ae5  IntRegister                   
00005de5  ResetISR                      
00003d3d  SysCtlClockFreqSet            
00005df3  SysCtlDelay                   
00005b19  SysCtlPeripheralEnable        
00002e91  Timer1IntHandler              
00002865  Timer2IntHandler              
00005625  TimerConfigure                
00005cc1  TimerDisable                  
00005d89  TimerEnable                   
00005df9  TimerIntClear                 
00005dd3  TimerIntEnable                
00005cd9  TimerIntRegister              
00005d45  TimerLoadSet                  
20001210  __STACK_END                   
00000fa0  __STACK_SIZE                  
20000470  __STACK_TOP                   
000086a0  __TI_CINIT_Base               
000086b8  __TI_CINIT_Limit              
00008680  __TI_Handler_Table_Base       
0000868c  __TI_Handler_Table_Limit      
000059a5  __TI_auto_init_nobinit_nopinit
00005559  __TI_decompress_lzss          
00005d97  __TI_decompress_none          
ffffffff  __TI_pprof_out_hndl           
000016dd  __TI_printfi                  
ffffffff  __TI_prof_data_size           
ffffffff  __TI_prof_data_start          
00000000  __TI_static_base__            
00005c3d  __TI_zero_init_nomemset       
000052fd  __aeabi_cdcmpeq               
000052fd  __aeabi_cdcmple               
00005383  __aeabi_cdrcmple              
00005919  __aeabi_d2iz                  
000059e9  __aeabi_d2uiz                 
00004117  __aeabi_dadd                  
000049c9  __aeabi_ddiv                  
00004e65  __aeabi_dmul                  
0000410d  __aeabi_dsub                  
00005ddd  __aeabi_errno_addr            
00005aab  __aeabi_f2d                   
00005b81  __aeabi_i2d                   
0000212b  __aeabi_idiv0                 
0000212b  __aeabi_ldiv0                 
00005409  __aeabi_memclr                
00005409  __aeabi_memclr4               
00005409  __aeabi_memclr8               
000051cb  __aeabi_memcpy                
000051cb  __aeabi_memcpy4               
000051cb  __aeabi_memcpy8               
0000540b  __aeabi_memset                
0000540b  __aeabi_memset4               
0000540b  __aeabi_memset8               
00005c1d  __aeabi_ui2d                  
00005267  __aeabi_uldivmod              
ffffffff  __binit__                     
ffffffff  __c_args__                    
000045e1  __kernel_cos                  
0000212d  __kernel_rem_pio2             
0000446d  __kernel_sin                  
UNDEFED   __mpu_init                    
20000270  __stack                       
00005b4d  _c_int00_noargs               
00008110  _ctypes_                      
UNDEFED   _system_post_cinit            
00005dfd  _system_pre_init              
00005e01  abort                         
00005885  atoi                          
ffffffff  binit                         
00005c75  copysign                      
00005c75  copysignl                     
00002f2d  cos                           
00002f2d  cosl                          
000015c9  darstellung_display           
00000975  darstellung_tacho             
20001244  errno                         
00004f61  floor                         
00004f61  floorl                        
00005e08  font_12_16                    
000055c1  frexp                         
000055c1  frexpl                        
20000000  g_pfnRAMVectors               
00000000  g_pfnVectors                  
000042e9  init_LCD                      
0000474d  init_peripherals              
00004d55  ldexp                         
00004d55  ldexpl                        
00005791  ltoa                          
00005685  main                          
00005c59  memccpy                       
000051cb  memcpy                        
00005411  memset                        
00002e17  portD1IntHandler              
000002b3  print_string                  
00005059  round                         
00005059  roundl                        
00004d55  scalbn                        
00004d55  scalbnl                       
00003509  sin                           
00003509  sinl                          
00005a2d  sprintf                       
00005d09  strchr                        
00005d1f  strlen                        
20001250  sysClk                        
20001254  timerScaler                   
000042c5  wait                          
00005d57  wcslen                        
00000209  write_char                    
00000415  write_cmd_data                
000003f5  write_command                 
00000435  write_data                    
000004f9  write_line                    
0000047b  write_position                
0000037f  write_screen_color            


GLOBAL SYMBOLS: SORTED BY Symbol Address 

address   name                          
-------   ----                          
00000000  __TI_static_base__            
00000000  g_pfnVectors                  
00000209  write_char                    
000002b3  print_string                  
0000037f  write_screen_color            
000003f5  write_command                 
00000415  write_cmd_data                
00000435  write_data                    
0000047b  write_position                
000004f9  write_line                    
00000975  darstellung_tacho             
00000fa0  __STACK_SIZE                  
000015c9  darstellung_display           
000016dd  __TI_printfi                  
0000212b  __aeabi_idiv0                 
0000212b  __aeabi_ldiv0                 
0000212d  __kernel_rem_pio2             
00002865  Timer2IntHandler              
00002e17  portD1IntHandler              
00002e91  Timer1IntHandler              
00002f2d  cos                           
00002f2d  cosl                          
00003509  sin                           
00003509  sinl                          
00003d3d  SysCtlClockFreqSet            
0000410d  __aeabi_dsub                  
00004117  __aeabi_dadd                  
000042c5  wait                          
000042e9  init_LCD                      
0000446d  __kernel_sin                  
000045e1  __kernel_cos                  
0000474d  init_peripherals              
000049c9  __aeabi_ddiv                  
00004aff  GPIOPadConfigSet              
00004d55  ldexp                         
00004d55  ldexpl                        
00004d55  scalbn                        
00004d55  scalbnl                       
00004e65  __aeabi_dmul                  
00004f61  floor                         
00004f61  floorl                        
00005059  round                         
00005059  roundl                        
000051cb  __aeabi_memcpy                
000051cb  __aeabi_memcpy4               
000051cb  __aeabi_memcpy8               
000051cb  memcpy                        
00005267  __aeabi_uldivmod              
000052fd  __aeabi_cdcmpeq               
000052fd  __aeabi_cdcmple               
00005383  __aeabi_cdrcmple              
00005409  __aeabi_memclr                
00005409  __aeabi_memclr4               
00005409  __aeabi_memclr8               
0000540b  __aeabi_memset                
0000540b  __aeabi_memset4               
0000540b  __aeabi_memset8               
00005411  memset                        
000054f1  IntEnable                     
00005559  __TI_decompress_lzss          
000055c1  frexp                         
000055c1  frexpl                        
00005625  TimerConfigure                
00005685  main                          
000056e5  GPIOIntTypeSet                
00005791  ltoa                          
00005885  atoi                          
00005919  __aeabi_d2iz                  
000059a5  __TI_auto_init_nobinit_nopinit
000059e9  __aeabi_d2uiz                 
00005a2d  sprintf                       
00005aab  __aeabi_f2d                   
00005ae5  IntRegister                   
00005b19  SysCtlPeripheralEnable        
00005b4d  _c_int00_noargs               
00005b81  __aeabi_i2d                   
00005baf  GPIODirModeSet                
00005bd9  IntPrioritySet                
00005c1d  __aeabi_ui2d                  
00005c3d  __TI_zero_init_nomemset       
00005c59  memccpy                       
00005c75  copysign                      
00005c75  copysignl                     
00005c8f  GPIOIntRegister               
00005ca7  GPIOPinTypeGPIOOutput         
00005cc1  TimerDisable                  
00005cd9  TimerIntRegister              
00005d09  strchr                        
00005d1f  strlen                        
00005d33  GPIOPinTypeGPIOInput          
00005d45  TimerLoadSet                  
00005d57  wcslen                        
00005d69  IntMasterDisable              
00005d79  IntMasterEnable               
00005d89  TimerEnable                   
00005d97  __TI_decompress_none          
00005da5  CPUcpsid                      
00005db1  CPUcpsie                      
00005dbd  GPIOIntEnable                 
00005dd3  TimerIntEnable                
00005ddd  __aeabi_errno_addr            
00005de5  ResetISR                      
00005ded  GPIOIntClear                  
00005df3  SysCtlDelay                   
00005df9  TimerIntClear                 
00005dfd  _system_pre_init              
00005e01  C$$EXIT                       
00005e01  abort                         
00005e08  font_12_16                    
00008110  _ctypes_                      
00008680  __TI_Handler_Table_Base       
0000868c  __TI_Handler_Table_Limit      
000086a0  __TI_CINIT_Base               
000086b8  __TI_CINIT_Limit              
20000000  g_pfnRAMVectors               
20000270  __stack                       
20000470  __STACK_TOP                   
20001210  __STACK_END                   
20001244  errno                         
20001250  sysClk                        
20001254  timerScaler                   
ffffffff  __TI_pprof_out_hndl           
ffffffff  __TI_prof_data_size           
ffffffff  __TI_prof_data_start          
ffffffff  __binit__                     
ffffffff  __c_args__                    
ffffffff  binit                         
UNDEFED   __mpu_init                    
UNDEFED   _system_post_cinit            

[129 symbols]
