<?xml version="1.0" encoding="ISO-8859-1" ?>
<link_info>
   <banner>TI ARM Linker PC v18.12.2.LTS</banner>
   <copyright>Copyright (c) 1996-2018 Texas Instruments Incorporated</copyright>
   <link_time>0x5ddd7dfb</link_time>
   <link_errors>0x0</link_errors>
   <output_file>MC_Project_LCD.out</output_file>
   <entry_point>
      <name>_c_int00_noargs</name>
      <address>0x5b4d</address>
   </entry_point>
   <input_file_list>
      <input_file id="fl-2">
         <path>.\</path>
         <kind>object</kind>
         <file>init_LCD.obj</file>
         <name>init_LCD.obj</name>
      </input_file>
      <input_file id="fl-3">
         <path>.\</path>
         <kind>object</kind>
         <file>init_peripherals.obj</file>
         <name>init_peripherals.obj</name>
      </input_file>
      <input_file id="fl-4">
         <path>.\</path>
         <kind>object</kind>
         <file>interrupt_handler.obj</file>
         <name>interrupt_handler.obj</name>
      </input_file>
      <input_file id="fl-5">
         <path>.\</path>
         <kind>object</kind>
         <file>lcd_write.obj</file>
         <name>lcd_write.obj</name>
      </input_file>
      <input_file id="fl-6">
         <path>.\</path>
         <kind>object</kind>
         <file>mc_project_main.obj</file>
         <name>mc_project_main.obj</name>
      </input_file>
      <input_file id="fl-7">
         <path>.\</path>
         <kind>object</kind>
         <file>tm4c1294ncpdt_startup_ccs.obj</file>
         <name>tm4c1294ncpdt_startup_ccs.obj</name>
      </input_file>
      <input_file id="fl-c">
         <kind>object</kind>
         <file>&lt;internal&gt;</file>
         <name>&lt;internal&gt;</name>
      </input_file>
      <input_file id="fl-d">
         <path>C:\ti\TivaWare_C_Series-2.1.4.178\driverlib\ccs\Debug\</path>
         <kind>archive</kind>
         <file>driverlib.lib</file>
         <name>gpio.obj</name>
      </input_file>
      <input_file id="fl-e">
         <path>C:\ti\TivaWare_C_Series-2.1.4.178\driverlib\ccs\Debug\</path>
         <kind>archive</kind>
         <file>driverlib.lib</file>
         <name>interrupt.obj</name>
      </input_file>
      <input_file id="fl-f">
         <path>C:\ti\TivaWare_C_Series-2.1.4.178\driverlib\ccs\Debug\</path>
         <kind>archive</kind>
         <file>driverlib.lib</file>
         <name>sysctl.obj</name>
      </input_file>
      <input_file id="fl-10">
         <path>C:\ti\TivaWare_C_Series-2.1.4.178\driverlib\ccs\Debug\</path>
         <kind>archive</kind>
         <file>driverlib.lib</file>
         <name>timer.obj</name>
      </input_file>
      <input_file id="fl-11">
         <path>C:\ti\TivaWare_C_Series-2.1.4.178\driverlib\ccs\Debug\</path>
         <kind>archive</kind>
         <file>driverlib.lib</file>
         <name>cpu.obj</name>
      </input_file>
      <input_file id="fl-c7">
         <path>C:\ti\ccs910\ccs\tools\compiler\ti-cgt-arm_18.12.2.LTS\lib\</path>
         <kind>archive</kind>
         <file>rtsv7M4_T_le_v4SPD16_eabi.lib</file>
         <name>sprintf.c.obj</name>
      </input_file>
      <input_file id="fl-c8">
         <path>C:\ti\ccs910\ccs\tools\compiler\ti-cgt-arm_18.12.2.LTS\lib\</path>
         <kind>archive</kind>
         <file>rtsv7M4_T_le_v4SPD16_eabi.lib</file>
         <name>s_cos.c.obj</name>
      </input_file>
      <input_file id="fl-c9">
         <path>C:\ti\ccs910\ccs\tools\compiler\ti-cgt-arm_18.12.2.LTS\lib\</path>
         <kind>archive</kind>
         <file>rtsv7M4_T_le_v4SPD16_eabi.lib</file>
         <name>s_round.c.obj</name>
      </input_file>
      <input_file id="fl-ca">
         <path>C:\ti\ccs910\ccs\tools\compiler\ti-cgt-arm_18.12.2.LTS\lib\</path>
         <kind>archive</kind>
         <file>rtsv7M4_T_le_v4SPD16_eabi.lib</file>
         <name>s_sin.c.obj</name>
      </input_file>
      <input_file id="fl-cb">
         <path>C:\ti\ccs910\ccs\tools\compiler\ti-cgt-arm_18.12.2.LTS\lib\</path>
         <kind>archive</kind>
         <file>rtsv7M4_T_le_v4SPD16_eabi.lib</file>
         <name>fd_add_t2.asm.obj</name>
      </input_file>
      <input_file id="fl-cc">
         <path>C:\ti\ccs910\ccs\tools\compiler\ti-cgt-arm_18.12.2.LTS\lib\</path>
         <kind>archive</kind>
         <file>rtsv7M4_T_le_v4SPD16_eabi.lib</file>
         <name>fd_cmp_t2.asm.obj</name>
      </input_file>
      <input_file id="fl-cd">
         <path>C:\ti\ccs910\ccs\tools\compiler\ti-cgt-arm_18.12.2.LTS\lib\</path>
         <kind>archive</kind>
         <file>rtsv7M4_T_le_v4SPD16_eabi.lib</file>
         <name>fd_div_t2.asm.obj</name>
      </input_file>
      <input_file id="fl-ce">
         <path>C:\ti\ccs910\ccs\tools\compiler\ti-cgt-arm_18.12.2.LTS\lib\</path>
         <kind>archive</kind>
         <file>rtsv7M4_T_le_v4SPD16_eabi.lib</file>
         <name>fd_mul_t2.asm.obj</name>
      </input_file>
      <input_file id="fl-cf">
         <path>C:\ti\ccs910\ccs\tools\compiler\ti-cgt-arm_18.12.2.LTS\lib\</path>
         <kind>archive</kind>
         <file>rtsv7M4_T_le_v4SPD16_eabi.lib</file>
         <name>fd_toi_t2.asm.obj</name>
      </input_file>
      <input_file id="fl-d0">
         <path>C:\ti\ccs910\ccs\tools\compiler\ti-cgt-arm_18.12.2.LTS\lib\</path>
         <kind>archive</kind>
         <file>rtsv7M4_T_le_v4SPD16_eabi.lib</file>
         <name>fd_tou_t2.asm.obj</name>
      </input_file>
      <input_file id="fl-d1">
         <path>C:\ti\ccs910\ccs\tools\compiler\ti-cgt-arm_18.12.2.LTS\lib\</path>
         <kind>archive</kind>
         <file>rtsv7M4_T_le_v4SPD16_eabi.lib</file>
         <name>fs_tod_t2.asm.obj</name>
      </input_file>
      <input_file id="fl-d2">
         <path>C:\ti\ccs910\ccs\tools\compiler\ti-cgt-arm_18.12.2.LTS\lib\</path>
         <kind>archive</kind>
         <file>rtsv7M4_T_le_v4SPD16_eabi.lib</file>
         <name>i_tofd_t2.asm.obj</name>
      </input_file>
      <input_file id="fl-d3">
         <path>C:\ti\ccs910\ccs\tools\compiler\ti-cgt-arm_18.12.2.LTS\lib\</path>
         <kind>archive</kind>
         <file>rtsv7M4_T_le_v4SPD16_eabi.lib</file>
         <name>memcpy_t2.asm.obj</name>
      </input_file>
      <input_file id="fl-d4">
         <path>C:\ti\ccs910\ccs\tools\compiler\ti-cgt-arm_18.12.2.LTS\lib\</path>
         <kind>archive</kind>
         <file>rtsv7M4_T_le_v4SPD16_eabi.lib</file>
         <name>u_tofd_t2.asm.obj</name>
      </input_file>
      <input_file id="fl-d5">
         <path>C:\ti\ccs910\ccs\tools\compiler\ti-cgt-arm_18.12.2.LTS\lib\</path>
         <kind>archive</kind>
         <file>rtsv7M4_T_le_v4SPD16_eabi.lib</file>
         <name>copy_zero_init.c.obj</name>
      </input_file>
      <input_file id="fl-d6">
         <path>C:\ti\ccs910\ccs\tools\compiler\ti-cgt-arm_18.12.2.LTS\lib\</path>
         <kind>archive</kind>
         <file>rtsv7M4_T_le_v4SPD16_eabi.lib</file>
         <name>copy_decompress_none.c.obj</name>
      </input_file>
      <input_file id="fl-d7">
         <path>C:\ti\ccs910\ccs\tools\compiler\ti-cgt-arm_18.12.2.LTS\lib\</path>
         <kind>archive</kind>
         <file>rtsv7M4_T_le_v4SPD16_eabi.lib</file>
         <name>copy_decompress_lzss.c.obj</name>
      </input_file>
      <input_file id="fl-d8">
         <path>C:\ti\ccs910\ccs\tools\compiler\ti-cgt-arm_18.12.2.LTS\lib\</path>
         <kind>archive</kind>
         <file>rtsv7M4_T_le_v4SPD16_eabi.lib</file>
         <name>strlen.c.obj</name>
      </input_file>
      <input_file id="fl-d9">
         <path>C:\ti\ccs910\ccs\tools\compiler\ti-cgt-arm_18.12.2.LTS\lib\</path>
         <kind>archive</kind>
         <file>rtsv7M4_T_le_v4SPD16_eabi.lib</file>
         <name>k_rem_pio2.c.obj</name>
      </input_file>
      <input_file id="fl-da">
         <path>C:\ti\ccs910\ccs\tools\compiler\ti-cgt-arm_18.12.2.LTS\lib\</path>
         <kind>archive</kind>
         <file>rtsv7M4_T_le_v4SPD16_eabi.lib</file>
         <name>boot_cortex_m.c.obj</name>
      </input_file>
      <input_file id="fl-db">
         <path>C:\ti\ccs910\ccs\tools\compiler\ti-cgt-arm_18.12.2.LTS\lib\</path>
         <kind>archive</kind>
         <file>rtsv7M4_T_le_v4SPD16_eabi.lib</file>
         <name>_printfi.c.obj</name>
      </input_file>
      <input_file id="fl-dc">
         <path>C:\ti\ccs910\ccs\tools\compiler\ti-cgt-arm_18.12.2.LTS\lib\</path>
         <kind>archive</kind>
         <file>rtsv7M4_T_le_v4SPD16_eabi.lib</file>
         <name>k_cos.c.obj</name>
      </input_file>
      <input_file id="fl-dd">
         <path>C:\ti\ccs910\ccs\tools\compiler\ti-cgt-arm_18.12.2.LTS\lib\</path>
         <kind>archive</kind>
         <file>rtsv7M4_T_le_v4SPD16_eabi.lib</file>
         <name>k_sin.c.obj</name>
      </input_file>
      <input_file id="fl-de">
         <path>C:\ti\ccs910\ccs\tools\compiler\ti-cgt-arm_18.12.2.LTS\lib\</path>
         <kind>archive</kind>
         <file>rtsv7M4_T_le_v4SPD16_eabi.lib</file>
         <name>s_floor.c.obj</name>
      </input_file>
      <input_file id="fl-df">
         <path>C:\ti\ccs910\ccs\tools\compiler\ti-cgt-arm_18.12.2.LTS\lib\</path>
         <kind>archive</kind>
         <file>rtsv7M4_T_le_v4SPD16_eabi.lib</file>
         <name>s_frexp.c.obj</name>
      </input_file>
      <input_file id="fl-e0">
         <path>C:\ti\ccs910\ccs\tools\compiler\ti-cgt-arm_18.12.2.LTS\lib\</path>
         <kind>archive</kind>
         <file>rtsv7M4_T_le_v4SPD16_eabi.lib</file>
         <name>s_scalbn.c.obj</name>
      </input_file>
      <input_file id="fl-e1">
         <path>C:\ti\ccs910\ccs\tools\compiler\ti-cgt-arm_18.12.2.LTS\lib\</path>
         <kind>archive</kind>
         <file>rtsv7M4_T_le_v4SPD16_eabi.lib</file>
         <name>ull_div_t2.asm.obj</name>
      </input_file>
      <input_file id="fl-e2">
         <path>C:\ti\ccs910\ccs\tools\compiler\ti-cgt-arm_18.12.2.LTS\lib\</path>
         <kind>archive</kind>
         <file>rtsv7M4_T_le_v4SPD16_eabi.lib</file>
         <name>memset_t2.asm.obj</name>
      </input_file>
      <input_file id="fl-e3">
         <path>C:\ti\ccs910\ccs\tools\compiler\ti-cgt-arm_18.12.2.LTS\lib\</path>
         <kind>archive</kind>
         <file>rtsv7M4_T_le_v4SPD16_eabi.lib</file>
         <name>autoinit.c.obj</name>
      </input_file>
      <input_file id="fl-e4">
         <path>C:\ti\ccs910\ccs\tools\compiler\ti-cgt-arm_18.12.2.LTS\lib\</path>
         <kind>archive</kind>
         <file>rtsv7M4_T_le_v4SPD16_eabi.lib</file>
         <name>pre_init.c.obj</name>
      </input_file>
      <input_file id="fl-e5">
         <path>C:\ti\ccs910\ccs\tools\compiler\ti-cgt-arm_18.12.2.LTS\lib\</path>
         <kind>archive</kind>
         <file>rtsv7M4_T_le_v4SPD16_eabi.lib</file>
         <name>cpy_tbl.c.obj</name>
      </input_file>
      <input_file id="fl-e6">
         <path>C:\ti\ccs910\ccs\tools\compiler\ti-cgt-arm_18.12.2.LTS\lib\</path>
         <kind>archive</kind>
         <file>rtsv7M4_T_le_v4SPD16_eabi.lib</file>
         <name>exit.c.obj</name>
      </input_file>
      <input_file id="fl-e7">
         <path>C:\ti\ccs910\ccs\tools\compiler\ti-cgt-arm_18.12.2.LTS\lib\</path>
         <kind>archive</kind>
         <file>rtsv7M4_T_le_v4SPD16_eabi.lib</file>
         <name>_lock.c.obj</name>
      </input_file>
      <input_file id="fl-e8">
         <path>C:\ti\ccs910\ccs\tools\compiler\ti-cgt-arm_18.12.2.LTS\lib\</path>
         <kind>archive</kind>
         <file>rtsv7M4_T_le_v4SPD16_eabi.lib</file>
         <name>args_main.c.obj</name>
      </input_file>
      <input_file id="fl-e9">
         <path>C:\ti\ccs910\ccs\tools\compiler\ti-cgt-arm_18.12.2.LTS\lib\</path>
         <kind>archive</kind>
         <file>rtsv7M4_T_le_v4SPD16_eabi.lib</file>
         <name>atoi.c.obj</name>
      </input_file>
      <input_file id="fl-ea">
         <path>C:\ti\ccs910\ccs\tools\compiler\ti-cgt-arm_18.12.2.LTS\lib\</path>
         <kind>archive</kind>
         <file>rtsv7M4_T_le_v4SPD16_eabi.lib</file>
         <name>ctype.c.obj</name>
      </input_file>
      <input_file id="fl-eb">
         <path>C:\ti\ccs910\ccs\tools\compiler\ti-cgt-arm_18.12.2.LTS\lib\</path>
         <kind>archive</kind>
         <file>rtsv7M4_T_le_v4SPD16_eabi.lib</file>
         <name>ltoa.c.obj</name>
      </input_file>
      <input_file id="fl-ec">
         <path>C:\ti\ccs910\ccs\tools\compiler\ti-cgt-arm_18.12.2.LTS\lib\</path>
         <kind>archive</kind>
         <file>rtsv7M4_T_le_v4SPD16_eabi.lib</file>
         <name>memccpy.c.obj</name>
      </input_file>
      <input_file id="fl-ed">
         <path>C:\ti\ccs910\ccs\tools\compiler\ti-cgt-arm_18.12.2.LTS\lib\</path>
         <kind>archive</kind>
         <file>rtsv7M4_T_le_v4SPD16_eabi.lib</file>
         <name>strchr.c.obj</name>
      </input_file>
      <input_file id="fl-ee">
         <path>C:\ti\ccs910\ccs\tools\compiler\ti-cgt-arm_18.12.2.LTS\lib\</path>
         <kind>archive</kind>
         <file>rtsv7M4_T_le_v4SPD16_eabi.lib</file>
         <name>errno.c.obj</name>
      </input_file>
      <input_file id="fl-ef">
         <path>C:\ti\ccs910\ccs\tools\compiler\ti-cgt-arm_18.12.2.LTS\lib\</path>
         <kind>archive</kind>
         <file>rtsv7M4_T_le_v4SPD16_eabi.lib</file>
         <name>wcslen.c.obj</name>
      </input_file>
      <input_file id="fl-f0">
         <path>C:\ti\ccs910\ccs\tools\compiler\ti-cgt-arm_18.12.2.LTS\lib\</path>
         <kind>archive</kind>
         <file>rtsv7M4_T_le_v4SPD16_eabi.lib</file>
         <name>s_copysign.c.obj</name>
      </input_file>
      <input_file id="fl-f1">
         <path>C:\ti\ccs910\ccs\tools\compiler\ti-cgt-arm_18.12.2.LTS\lib\</path>
         <kind>archive</kind>
         <file>rtsv7M4_T_le_v4SPD16_eabi.lib</file>
         <name>div0.asm.obj</name>
      </input_file>
   </input_file_list>
   <object_component_list>
      <object_component id="oc-f">
         <name>.intvecs</name>
         <load_address>0x0</load_address>
         <run_address>0x0</run_address>
         <size>0x208</size>
         <input_file_ref idref="fl-7"/>
      </object_component>
      <object_component id="oc-e2">
         <name>.text</name>
         <load_address>0x208</load_address>
         <run_address>0x208</run_address>
         <size>0x14d4</size>
         <input_file_ref idref="fl-5"/>
      </object_component>
      <object_component id="oc-321">
         <name>.text:__TI_printfi</name>
         <load_address>0x16dc</load_address>
         <run_address>0x16dc</run_address>
         <size>0xa4e</size>
         <input_file_ref idref="fl-db"/>
      </object_component>
      <object_component id="oc-4b1">
         <name>.text</name>
         <load_address>0x212a</load_address>
         <run_address>0x212a</run_address>
         <size>0x2</size>
         <input_file_ref idref="fl-f1"/>
      </object_component>
      <object_component id="oc-304">
         <name>.text:__kernel_rem_pio2</name>
         <load_address>0x212c</load_address>
         <run_address>0x212c</run_address>
         <size>0x738</size>
         <input_file_ref idref="fl-d9"/>
      </object_component>
      <object_component id="oc-1b0">
         <name>.text</name>
         <load_address>0x2864</load_address>
         <run_address>0x2864</run_address>
         <size>0x6c8</size>
         <input_file_ref idref="fl-4"/>
      </object_component>
      <object_component id="oc-1ee">
         <name>.text:cos</name>
         <load_address>0x2f2c</load_address>
         <run_address>0x2f2c</run_address>
         <size>0x5dc</size>
         <input_file_ref idref="fl-c8"/>
      </object_component>
      <object_component id="oc-1e2">
         <name>.text:sin</name>
         <load_address>0x3508</load_address>
         <run_address>0x3508</run_address>
         <size>0x5c4</size>
         <input_file_ref idref="fl-ca"/>
      </object_component>
      <object_component id="oc-3f9">
         <name>.text:_pconv_a</name>
         <load_address>0x3acc</load_address>
         <run_address>0x3acc</run_address>
         <size>0x270</size>
         <input_file_ref idref="fl-db"/>
      </object_component>
      <object_component id="oc-c1">
         <name>.text:SysCtlClockFreqSet</name>
         <load_address>0x3d3c</load_address>
         <run_address>0x3d3c</run_address>
         <size>0x200</size>
         <input_file_ref idref="fl-f"/>
      </object_component>
      <object_component id="oc-3e7">
         <name>.text:_pconv_g</name>
         <load_address>0x3f3c</load_address>
         <run_address>0x3f3c</run_address>
         <size>0x1d0</size>
         <input_file_ref idref="fl-db"/>
      </object_component>
      <object_component id="oc-1d0">
         <name>.text</name>
         <load_address>0x410c</load_address>
         <run_address>0x410c</run_address>
         <size>0x1b6</size>
         <input_file_ref idref="fl-cb"/>
      </object_component>
      <object_component id="oc-dc">
         <name>.text</name>
         <load_address>0x42c4</load_address>
         <run_address>0x42c4</run_address>
         <size>0x1a8</size>
         <input_file_ref idref="fl-2"/>
      </object_component>
      <object_component id="oc-2fe">
         <name>.text:__kernel_sin</name>
         <load_address>0x446c</load_address>
         <run_address>0x446c</run_address>
         <size>0x174</size>
         <input_file_ref idref="fl-dd"/>
      </object_component>
      <object_component id="oc-30a">
         <name>.text:__kernel_cos</name>
         <load_address>0x45e0</load_address>
         <run_address>0x45e0</run_address>
         <size>0x16c</size>
         <input_file_ref idref="fl-dc"/>
      </object_component>
      <object_component id="oc-d6">
         <name>.text</name>
         <load_address>0x474c</load_address>
         <run_address>0x474c</run_address>
         <size>0x140</size>
         <input_file_ref idref="fl-3"/>
      </object_component>
      <object_component id="oc-3f3">
         <name>.text:_pconv_e</name>
         <load_address>0x488c</load_address>
         <run_address>0x488c</run_address>
         <size>0x13c</size>
         <input_file_ref idref="fl-db"/>
      </object_component>
      <object_component id="oc-1c6">
         <name>.text</name>
         <load_address>0x49c8</load_address>
         <run_address>0x49c8</run_address>
         <size>0x136</size>
         <input_file_ref idref="fl-cd"/>
      </object_component>
      <object_component id="oc-28c">
         <name>.text:GPIOPadConfigSet</name>
         <load_address>0x4afe</load_address>
         <run_address>0x4afe</run_address>
         <size>0x132</size>
         <input_file_ref idref="fl-d"/>
      </object_component>
      <object_component id="oc-46f">
         <name>.text:fcvt</name>
         <load_address>0x4c30</load_address>
         <run_address>0x4c30</run_address>
         <size>0x124</size>
         <input_file_ref idref="fl-db"/>
      </object_component>
      <object_component id="oc-3bb">
         <name>.text:scalbn</name>
         <load_address>0x4d54</load_address>
         <run_address>0x4d54</run_address>
         <size>0x110</size>
         <input_file_ref idref="fl-e0"/>
      </object_component>
      <object_component id="oc-cc">
         <name>.text</name>
         <load_address>0x4e64</load_address>
         <run_address>0x4e64</run_address>
         <size>0xfc</size>
         <input_file_ref idref="fl-ce"/>
      </object_component>
      <object_component id="oc-317">
         <name>.text:floor</name>
         <load_address>0x4f60</load_address>
         <run_address>0x4f60</run_address>
         <size>0xf8</size>
         <input_file_ref idref="fl-de"/>
      </object_component>
      <object_component id="oc-1e8">
         <name>.text:round</name>
         <load_address>0x5058</load_address>
         <run_address>0x5058</run_address>
         <size>0xc0</size>
         <input_file_ref idref="fl-c9"/>
      </object_component>
      <object_component id="oc-3e1">
         <name>.text:_ltostr</name>
         <load_address>0x5118</load_address>
         <run_address>0x5118</run_address>
         <size>0xb1</size>
         <input_file_ref idref="fl-db"/>
      </object_component>
      <object_component id="oc-38">
         <name>.text</name>
         <load_address>0x51ca</load_address>
         <run_address>0x51ca</run_address>
         <size>0x9c</size>
         <input_file_ref idref="fl-d3"/>
      </object_component>
      <object_component id="oc-456">
         <name>.text</name>
         <load_address>0x5266</load_address>
         <run_address>0x5266</run_address>
         <size>0x96</size>
         <input_file_ref idref="fl-e1"/>
      </object_component>
      <object_component id="oc-1da">
         <name>.text:__aeabi_cdcmple</name>
         <load_address>0x52fc</load_address>
         <run_address>0x52fc</run_address>
         <size>0x86</size>
         <input_file_ref idref="fl-cc"/>
      </object_component>
      <object_component id="oc-1cb">
         <name>.text:__aeabi_cdrcmple</name>
         <load_address>0x5382</load_address>
         <run_address>0x5382</run_address>
         <size>0x86</size>
         <input_file_ref idref="fl-cc"/>
      </object_component>
      <object_component id="oc-8c">
         <name>.text</name>
         <load_address>0x5408</load_address>
         <run_address>0x5408</run_address>
         <size>0x7a</size>
         <input_file_ref idref="fl-e2"/>
      </object_component>
      <object_component id="oc-468">
         <name>.text:_mcpy</name>
         <load_address>0x5482</load_address>
         <run_address>0x5482</run_address>
         <size>0x6e</size>
         <input_file_ref idref="fl-db"/>
      </object_component>
      <object_component id="oc-1a4">
         <name>.text:IntEnable</name>
         <load_address>0x54f0</load_address>
         <run_address>0x54f0</run_address>
         <size>0x68</size>
         <input_file_ref idref="fl-e"/>
      </object_component>
      <object_component id="oc-12">
         <name>.text:decompress:lzss:__TI_decompress_lzss</name>
         <load_address>0x5558</load_address>
         <run_address>0x5558</run_address>
         <size>0x68</size>
         <input_file_ref idref="fl-d7"/>
      </object_component>
      <object_component id="oc-47d">
         <name>.text:frexp</name>
         <load_address>0x55c0</load_address>
         <run_address>0x55c0</run_address>
         <size>0x64</size>
         <input_file_ref idref="fl-df"/>
      </object_component>
      <object_component id="oc-18c">
         <name>.text:TimerConfigure</name>
         <load_address>0x5624</load_address>
         <run_address>0x5624</run_address>
         <size>0x60</size>
         <input_file_ref idref="fl-10"/>
      </object_component>
      <object_component id="oc-98">
         <name>.text</name>
         <load_address>0x5684</load_address>
         <run_address>0x5684</run_address>
         <size>0x60</size>
         <input_file_ref idref="fl-6"/>
      </object_component>
      <object_component id="oc-17a">
         <name>.text:GPIOIntTypeSet</name>
         <load_address>0x56e4</load_address>
         <run_address>0x56e4</run_address>
         <size>0x56</size>
         <input_file_ref idref="fl-d"/>
      </object_component>
      <object_component id="oc-3ed">
         <name>.text:_pconv_f</name>
         <load_address>0x573a</load_address>
         <run_address>0x573a</run_address>
         <size>0x56</size>
         <input_file_ref idref="fl-db"/>
      </object_component>
      <object_component id="oc-45c">
         <name>.text:ltoa</name>
         <load_address>0x5790</load_address>
         <run_address>0x5790</run_address>
         <size>0x54</size>
         <input_file_ref idref="fl-eb"/>
      </object_component>
      <object_component id="oc-462">
         <name>.text:_ecpy</name>
         <load_address>0x57e4</load_address>
         <run_address>0x57e4</run_address>
         <size>0x52</size>
         <input_file_ref idref="fl-db"/>
      </object_component>
      <object_component id="oc-2ad">
         <name>.text:_TimerIntNumberGet</name>
         <load_address>0x5838</load_address>
         <run_address>0x5838</run_address>
         <size>0x4c</size>
         <input_file_ref idref="fl-10"/>
      </object_component>
      <object_component id="oc-3db">
         <name>.text:atoi</name>
         <load_address>0x5884</load_address>
         <run_address>0x5884</run_address>
         <size>0x4c</size>
         <input_file_ref idref="fl-e9"/>
      </object_component>
      <object_component id="oc-142">
         <name>.text:_SysCtlFrequencyGet</name>
         <load_address>0x58d0</load_address>
         <run_address>0x58d0</run_address>
         <size>0x48</size>
         <input_file_ref idref="fl-f"/>
      </object_component>
      <object_component id="oc-1d5">
         <name>.text</name>
         <load_address>0x5918</load_address>
         <run_address>0x5918</run_address>
         <size>0x48</size>
         <input_file_ref idref="fl-cf"/>
      </object_component>
      <object_component id="oc-295">
         <name>.text:_GPIOIntNumberGet</name>
         <load_address>0x5960</load_address>
         <run_address>0x5960</run_address>
         <size>0x44</size>
         <input_file_ref idref="fl-d"/>
      </object_component>
      <object_component id="oc-108">
         <name>.text:__TI_auto_init_nobinit_nopinit:__TI_auto_init_nobinit_nopinit</name>
         <load_address>0x59a4</load_address>
         <run_address>0x59a4</run_address>
         <size>0x44</size>
         <input_file_ref idref="fl-e3"/>
      </object_component>
      <object_component id="oc-d1">
         <name>.text</name>
         <load_address>0x59e8</load_address>
         <run_address>0x59e8</run_address>
         <size>0x44</size>
         <input_file_ref idref="fl-d0"/>
      </object_component>
      <object_component id="oc-1f5">
         <name>.text:sprintf</name>
         <load_address>0x5a2c</load_address>
         <run_address>0x5a2c</run_address>
         <size>0x40</size>
         <input_file_ref idref="fl-c7"/>
      </object_component>
      <object_component id="oc-475">
         <name>.text:_fcpy</name>
         <load_address>0x5a6c</load_address>
         <run_address>0x5a6c</run_address>
         <size>0x3e</size>
         <input_file_ref idref="fl-db"/>
      </object_component>
      <object_component id="oc-2bf">
         <name>.text</name>
         <load_address>0x5aaa</load_address>
         <run_address>0x5aaa</run_address>
         <size>0x38</size>
         <input_file_ref idref="fl-d1"/>
      </object_component>
      <object_component id="oc-29b">
         <name>.text:IntRegister</name>
         <load_address>0x5ae4</load_address>
         <run_address>0x5ae4</run_address>
         <size>0x34</size>
         <input_file_ref idref="fl-e"/>
      </object_component>
      <object_component id="oc-161">
         <name>.text:SysCtlPeripheralEnable</name>
         <load_address>0x5b18</load_address>
         <run_address>0x5b18</run_address>
         <size>0x34</size>
         <input_file_ref idref="fl-f"/>
      </object_component>
      <object_component id="oc-56">
         <name>.text:_c_int00_noargs:_c_int00_noargs</name>
         <load_address>0x5b4c</load_address>
         <run_address>0x5b4c</run_address>
         <size>0x34</size>
         <input_file_ref idref="fl-da"/>
      </object_component>
      <object_component id="oc-1c1">
         <name>.text</name>
         <load_address>0x5b80</load_address>
         <run_address>0x5b80</run_address>
         <size>0x2e</size>
         <input_file_ref idref="fl-d2"/>
      </object_component>
      <object_component id="oc-286">
         <name>.text:GPIODirModeSet</name>
         <load_address>0x5bae</load_address>
         <run_address>0x5bae</run_address>
         <size>0x2a</size>
         <input_file_ref idref="fl-d"/>
      </object_component>
      <object_component id="oc-186">
         <name>.text:IntPrioritySet</name>
         <load_address>0x5bd8</load_address>
         <run_address>0x5bd8</run_address>
         <size>0x24</size>
         <input_file_ref idref="fl-e"/>
      </object_component>
      <object_component id="oc-13c">
         <name>.text:_SysCtlMemTimingGet</name>
         <load_address>0x5bfc</load_address>
         <run_address>0x5bfc</run_address>
         <size>0x20</size>
         <input_file_ref idref="fl-f"/>
      </object_component>
      <object_component id="oc-c7">
         <name>.text</name>
         <load_address>0x5c1c</load_address>
         <run_address>0x5c1c</run_address>
         <size>0x20</size>
         <input_file_ref idref="fl-d4"/>
      </object_component>
      <object_component id="oc-44">
         <name>.text:decompress:ZI:__TI_zero_init_nomemset:__TI_zero_init_nomemset</name>
         <load_address>0x5c3c</load_address>
         <run_address>0x5c3c</run_address>
         <size>0x1c</size>
         <input_file_ref idref="fl-d5"/>
      </object_component>
      <object_component id="oc-3ff">
         <name>.text:memccpy</name>
         <load_address>0x5c58</load_address>
         <run_address>0x5c58</run_address>
         <size>0x1c</size>
         <input_file_ref idref="fl-ec"/>
      </object_component>
      <object_component id="oc-43c">
         <name>.text:copysign</name>
         <load_address>0x5c74</load_address>
         <run_address>0x5c74</run_address>
         <size>0x1a</size>
         <input_file_ref idref="fl-f0"/>
      </object_component>
      <object_component id="oc-174">
         <name>.text:GPIOIntRegister</name>
         <load_address>0x5c8e</load_address>
         <run_address>0x5c8e</run_address>
         <size>0x18</size>
         <input_file_ref idref="fl-d"/>
      </object_component>
      <object_component id="oc-16e">
         <name>.text:GPIOPinTypeGPIOOutput</name>
         <load_address>0x5ca6</load_address>
         <run_address>0x5ca6</run_address>
         <size>0x18</size>
         <input_file_ref idref="fl-d"/>
      </object_component>
      <object_component id="oc-2d3">
         <name>.text:TimerDisable</name>
         <load_address>0x5cc0</load_address>
         <run_address>0x5cc0</run_address>
         <size>0x18</size>
         <input_file_ref idref="fl-10"/>
      </object_component>
      <object_component id="oc-19e">
         <name>.text:TimerIntRegister</name>
         <load_address>0x5cd8</load_address>
         <run_address>0x5cd8</run_address>
         <size>0x18</size>
         <input_file_ref idref="fl-10"/>
      </object_component>
      <object_component id="oc-327">
         <name>.text:_outs</name>
         <load_address>0x5cf0</load_address>
         <run_address>0x5cf0</run_address>
         <size>0x18</size>
         <input_file_ref idref="fl-c7"/>
      </object_component>
      <object_component id="oc-483">
         <name>.text:strchr</name>
         <load_address>0x5d08</load_address>
         <run_address>0x5d08</run_address>
         <size>0x16</size>
         <input_file_ref idref="fl-ed"/>
      </object_component>
      <object_component id="oc-1b8">
         <name>.text:strlen</name>
         <load_address>0x5d1e</load_address>
         <run_address>0x5d1e</run_address>
         <size>0x14</size>
         <input_file_ref idref="fl-d8"/>
      </object_component>
      <object_component id="oc-168">
         <name>.text:GPIOPinTypeGPIOInput</name>
         <load_address>0x5d32</load_address>
         <run_address>0x5d32</run_address>
         <size>0x12</size>
         <input_file_ref idref="fl-d"/>
      </object_component>
      <object_component id="oc-198">
         <name>.text:TimerLoadSet</name>
         <load_address>0x5d44</load_address>
         <run_address>0x5d44</run_address>
         <size>0x12</size>
         <input_file_ref idref="fl-10"/>
      </object_component>
      <object_component id="oc-405">
         <name>.text:wcslen</name>
         <load_address>0x5d56</load_address>
         <run_address>0x5d56</run_address>
         <size>0x12</size>
         <input_file_ref idref="fl-ef"/>
      </object_component>
      <object_component id="oc-15b">
         <name>.text:IntMasterDisable</name>
         <load_address>0x5d68</load_address>
         <run_address>0x5d68</run_address>
         <size>0x10</size>
         <input_file_ref idref="fl-e"/>
      </object_component>
      <object_component id="oc-e8">
         <name>.text:IntMasterEnable</name>
         <load_address>0x5d78</load_address>
         <run_address>0x5d78</run_address>
         <size>0x10</size>
         <input_file_ref idref="fl-e"/>
      </object_component>
      <object_component id="oc-192">
         <name>.text:TimerEnable</name>
         <load_address>0x5d88</load_address>
         <run_address>0x5d88</run_address>
         <size>0xe</size>
         <input_file_ref idref="fl-10"/>
      </object_component>
      <object_component id="oc-18">
         <name>.text:decompress:none:__TI_decompress_none</name>
         <load_address>0x5d96</load_address>
         <run_address>0x5d96</run_address>
         <size>0xe</size>
         <input_file_ref idref="fl-d6"/>
      </object_component>
      <object_component id="oc-27e">
         <name>.text:CPUcpsid</name>
         <load_address>0x5da4</load_address>
         <run_address>0x5da4</run_address>
         <size>0xc</size>
         <input_file_ref idref="fl-11"/>
      </object_component>
      <object_component id="oc-231">
         <name>.text:CPUcpsie</name>
         <load_address>0x5db0</load_address>
         <run_address>0x5db0</run_address>
         <size>0xc</size>
         <input_file_ref idref="fl-11"/>
      </object_component>
      <object_component id="oc-180">
         <name>.text:GPIOIntEnable</name>
         <load_address>0x5dbc</load_address>
         <run_address>0x5dbc</run_address>
         <size>0xc</size>
         <input_file_ref idref="fl-d"/>
      </object_component>
      <object_component id="oc-32d">
         <name>.text:_outc</name>
         <load_address>0x5dc8</load_address>
         <run_address>0x5dc8</run_address>
         <size>0xa</size>
         <input_file_ref idref="fl-c7"/>
      </object_component>
      <object_component id="oc-1aa">
         <name>.text:TimerIntEnable</name>
         <load_address>0x5dd2</load_address>
         <run_address>0x5dd2</run_address>
         <size>0x8</size>
         <input_file_ref idref="fl-10"/>
      </object_component>
      <object_component id="oc-40b">
         <name>.text:__aeabi_errno_addr</name>
         <load_address>0x5ddc</load_address>
         <run_address>0x5ddc</run_address>
         <size>0x8</size>
         <input_file_ref idref="fl-ee"/>
      </object_component>
      <object_component id="oc-24">
         <name>.text</name>
         <load_address>0x5de4</load_address>
         <run_address>0x5de4</run_address>
         <size>0x8</size>
         <input_file_ref idref="fl-7"/>
      </object_component>
      <object_component id="oc-2d9">
         <name>.text:GPIOIntClear</name>
         <load_address>0x5dec</load_address>
         <run_address>0x5dec</run_address>
         <size>0x6</size>
         <input_file_ref idref="fl-d"/>
      </object_component>
      <object_component id="oc-167">
         <name>.text:SysCtlDelay</name>
         <load_address>0x5df2</load_address>
         <run_address>0x5df2</run_address>
         <size>0x6</size>
         <input_file_ref idref="fl-f"/>
      </object_component>
      <object_component id="oc-2b9">
         <name>.text:TimerIntClear</name>
         <load_address>0x5df8</load_address>
         <run_address>0x5df8</run_address>
         <size>0x4</size>
         <input_file_ref idref="fl-10"/>
      </object_component>
      <object_component id="oc-92">
         <name>.text:_system_pre_init</name>
         <load_address>0x5dfc</load_address>
         <run_address>0x5dfc</run_address>
         <size>0x4</size>
         <input_file_ref idref="fl-e4"/>
      </object_component>
      <object_component id="oc-fc">
         <name>.text:abort:abort</name>
         <load_address>0x5e00</load_address>
         <run_address>0x5e00</run_address>
         <size>0x4</size>
         <input_file_ref idref="fl-e6"/>
      </object_component>
      <object_component id="oc-1be">
         <name>.const:font_12_16</name>
         <load_address>0x5e08</load_address>
         <run_address>0x5e08</run_address>
         <size>0x2000</size>
         <input_file_ref idref="fl-5"/>
      </object_component>
      <object_component id="oc-14b">
         <name>.const:g_pppui32XTALtoVCO</name>
         <load_address>0x7e08</load_address>
         <run_address>0x7e08</run_address>
         <size>0x1b0</size>
         <input_file_ref idref="fl-f"/>
      </object_component>
      <object_component id="oc-3c1">
         <name>.const:$O1$$</name>
         <load_address>0x7fb8</load_address>
         <run_address>0x7fb8</run_address>
         <size>0x158</size>
         <input_file_ref idref="fl-d9"/>
      </object_component>
      <object_component id="oc-451">
         <name>.const:.string:_ctypes_</name>
         <load_address>0x8110</load_address>
         <run_address>0x8110</run_address>
         <size>0x101</size>
         <input_file_ref idref="fl-ea"/>
      </object_component>
      <object_component id="oc-386">
         <name>.const:g_ppui32GPIOIntMapSnowflake</name>
         <load_address>0x8214</load_address>
         <run_address>0x8214</run_address>
         <size>0xd8</size>
         <input_file_ref idref="fl-d"/>
      </object_component>
      <object_component id="oc-383">
         <name>.const:g_ppui32GPIOIntMapBlizzard</name>
         <load_address>0x82ec</load_address>
         <run_address>0x82ec</run_address>
         <size>0xc0</size>
         <input_file_ref idref="fl-d"/>
      </object_component>
      <object_component id="oc-2a4">
         <name>.const:g_pui32Regs</name>
         <load_address>0x83ac</load_address>
         <run_address>0x83ac</run_address>
         <size>0x9c</size>
         <input_file_ref idref="fl-e"/>
      </object_component>
      <object_component id="oc-2b4">
         <name>.const</name>
         <load_address>0x8448</load_address>
         <run_address>0x8448</run_address>
         <size>0x70</size>
         <input_file_ref idref="fl-e"/>
      </object_component>
      <object_component id="oc-148">
         <name>.const:g_pui32Xtals</name>
         <load_address>0x84b8</load_address>
         <run_address>0x84b8</run_address>
         <size>0x6c</size>
         <input_file_ref idref="fl-f"/>
      </object_component>
      <object_component id="oc-394">
         <name>.const:g_ppui32TimerIntMap</name>
         <load_address>0x8524</load_address>
         <run_address>0x8524</run_address>
         <size>0x60</size>
         <input_file_ref idref="fl-10"/>
      </object_component>
      <object_component id="oc-397">
         <name>.const:g_ppui32TimerIntMapSnowflake</name>
         <load_address>0x8584</load_address>
         <run_address>0x8584</run_address>
         <size>0x40</size>
         <input_file_ref idref="fl-10"/>
      </object_component>
      <object_component id="oc-26c">
         <name>.const:g_sXTALtoMEMTIM</name>
         <load_address>0x85c4</load_address>
         <run_address>0x85c4</run_address>
         <size>0x30</size>
         <input_file_ref idref="fl-f"/>
      </object_component>
      <object_component id="oc-14e">
         <name>.const</name>
         <load_address>0x85f4</load_address>
         <run_address>0x85f4</run_address>
         <size>0x8</size>
         <input_file_ref idref="fl-f"/>
      </object_component>
      <object_component id="oc-2e2">
         <name>.const:$P$T10$15</name>
         <load_address>0x85fc</load_address>
         <run_address>0x85fc</run_address>
         <size>0x4</size>
         <input_file_ref idref="fl-4"/>
      </object_component>
      <object_component id="oc-1fb">
         <name>.const:$P$T10$5</name>
         <load_address>0x8600</load_address>
         <run_address>0x8600</run_address>
         <size>0x4</size>
         <input_file_ref idref="fl-5"/>
      </object_component>
      <object_component id="oc-2e5">
         <name>.const:$P$T11$16</name>
         <load_address>0x8604</load_address>
         <run_address>0x8604</run_address>
         <size>0x4</size>
         <input_file_ref idref="fl-4"/>
      </object_component>
      <object_component id="oc-1fe">
         <name>.const:$P$T11$6</name>
         <load_address>0x8608</load_address>
         <run_address>0x8608</run_address>
         <size>0x4</size>
         <input_file_ref idref="fl-5"/>
      </object_component>
      <object_component id="oc-2e8">
         <name>.const:$P$T12$17</name>
         <load_address>0x860c</load_address>
         <run_address>0x860c</run_address>
         <size>0x4</size>
         <input_file_ref idref="fl-4"/>
      </object_component>
      <object_component id="oc-201">
         <name>.const:$P$T12$7</name>
         <load_address>0x8610</load_address>
         <run_address>0x8610</run_address>
         <size>0x4</size>
         <input_file_ref idref="fl-5"/>
      </object_component>
      <object_component id="oc-204">
         <name>.const:$P$T14$8</name>
         <load_address>0x8614</load_address>
         <run_address>0x8614</run_address>
         <size>0x4</size>
         <input_file_ref idref="fl-5"/>
      </object_component>
      <object_component id="oc-2eb">
         <name>.const:$P$T15$18</name>
         <load_address>0x8618</load_address>
         <run_address>0x8618</run_address>
         <size>0x4</size>
         <input_file_ref idref="fl-4"/>
      </object_component>
      <object_component id="oc-207">
         <name>.const:$P$T15$9</name>
         <load_address>0x861c</load_address>
         <run_address>0x861c</run_address>
         <size>0x4</size>
         <input_file_ref idref="fl-5"/>
      </object_component>
      <object_component id="oc-20a">
         <name>.const:$P$T16$10</name>
         <load_address>0x8620</load_address>
         <run_address>0x8620</run_address>
         <size>0x4</size>
         <input_file_ref idref="fl-5"/>
      </object_component>
      <object_component id="oc-2ee">
         <name>.const:$P$T16$19</name>
         <load_address>0x8624</load_address>
         <run_address>0x8624</run_address>
         <size>0x4</size>
         <input_file_ref idref="fl-4"/>
      </object_component>
      <object_component id="oc-20d">
         <name>.const:$P$T17$11</name>
         <load_address>0x8628</load_address>
         <run_address>0x8628</run_address>
         <size>0x4</size>
         <input_file_ref idref="fl-5"/>
      </object_component>
      <object_component id="oc-210">
         <name>.const:$P$T19$12</name>
         <load_address>0x862c</load_address>
         <run_address>0x862c</run_address>
         <size>0x4</size>
         <input_file_ref idref="fl-5"/>
      </object_component>
      <object_component id="oc-213">
         <name>.const:$P$T22$13</name>
         <load_address>0x8630</load_address>
         <run_address>0x8630</run_address>
         <size>0x4</size>
         <input_file_ref idref="fl-5"/>
      </object_component>
      <object_component id="oc-216">
         <name>.const:$P$T23$14</name>
         <load_address>0x8634</load_address>
         <run_address>0x8634</run_address>
         <size>0x4</size>
         <input_file_ref idref="fl-5"/>
      </object_component>
      <object_component id="oc-219">
         <name>.const:$P$T24$15</name>
         <load_address>0x8638</load_address>
         <run_address>0x8638</run_address>
         <size>0x4</size>
         <input_file_ref idref="fl-5"/>
      </object_component>
      <object_component id="oc-21c">
         <name>.const:$P$T29$16</name>
         <load_address>0x863c</load_address>
         <run_address>0x863c</run_address>
         <size>0x4</size>
         <input_file_ref idref="fl-5"/>
      </object_component>
      <object_component id="oc-2c7">
         <name>.const:$P$T3$12</name>
         <load_address>0x8640</load_address>
         <run_address>0x8640</run_address>
         <size>0x4</size>
         <input_file_ref idref="fl-4"/>
      </object_component>
      <object_component id="oc-222">
         <name>.const:$P$T30$17</name>
         <load_address>0x8644</load_address>
         <run_address>0x8644</run_address>
         <size>0x4</size>
         <input_file_ref idref="fl-5"/>
      </object_component>
      <object_component id="oc-225">
         <name>.const:$P$T31$18</name>
         <load_address>0x8648</load_address>
         <run_address>0x8648</run_address>
         <size>0x4</size>
         <input_file_ref idref="fl-5"/>
      </object_component>
      <object_component id="oc-228">
         <name>.const:$P$T32$19</name>
         <load_address>0x864c</load_address>
         <run_address>0x864c</run_address>
         <size>0x4</size>
         <input_file_ref idref="fl-5"/>
      </object_component>
      <object_component id="oc-2cd">
         <name>.const:$P$T4$13</name>
         <load_address>0x8650</load_address>
         <run_address>0x8650</run_address>
         <size>0x4</size>
         <input_file_ref idref="fl-4"/>
      </object_component>
      <object_component id="oc-1df">
         <name>.const:$P$T6$4</name>
         <load_address>0x8654</load_address>
         <run_address>0x8654</run_address>
         <size>0x4</size>
         <input_file_ref idref="fl-5"/>
      </object_component>
      <object_component id="oc-2df">
         <name>.const:$P$T9$14</name>
         <load_address>0x8658</load_address>
         <run_address>0x8658</run_address>
         <size>0x4</size>
         <input_file_ref idref="fl-4"/>
      </object_component>
      <object_component id="oc-506">
         <name>.cinit..data.load</name>
         <load_address>0x8660</load_address>
         <run_address>0x8660</run_address>
         <size>0x20</size>
      </object_component>
      <object_component id="oc-503">
         <name>__TI_handler_table</name>
         <load_address>0x8680</load_address>
         <run_address>0x8680</run_address>
         <size>0xc</size>
      </object_component>
      <object_component id="oc-507">
         <name>.cinit..bss.load</name>
         <load_address>0x8690</load_address>
         <run_address>0x8690</run_address>
         <size>0x8</size>
      </object_component>
      <object_component id="oc-505">
         <name>.cinit..vtable.load</name>
         <load_address>0x8698</load_address>
         <run_address>0x8698</run_address>
         <size>0x8</size>
      </object_component>
      <object_component id="oc-504">
         <name>__TI_cinit_table</name>
         <load_address>0x86a0</load_address>
         <run_address>0x86a0</run_address>
         <size>0x18</size>
      </object_component>
      <object_component id="oc-38a">
         <name>.vtable</name>
         <uninitialized>true</uninitialized>
         <run_address>0x20000000</run_address>
         <size>0x26c</size>
         <input_file_ref idref="fl-e"/>
      </object_component>
      <object_component id="oc-2ca">
         <name>.data:backroundColor</name>
         <load_address>0x20001238</load_address>
         <run_address>0x20001238</run_address>
         <size>0x4</size>
         <input_file_ref idref="fl-4"/>
      </object_component>
      <object_component id="oc-2d0">
         <name>.data</name>
         <load_address>0x20001210</load_address>
         <run_address>0x20001210</run_address>
         <size>0x1c</size>
         <input_file_ref idref="fl-4"/>
      </object_component>
      <object_component id="oc-21f">
         <name>.data:backroundColor</name>
         <load_address>0x2000123c</load_address>
         <run_address>0x2000123c</run_address>
         <size>0x4</size>
         <input_file_ref idref="fl-5"/>
      </object_component>
      <object_component id="oc-1f4">
         <name>.data</name>
         <load_address>0x2000122c</load_address>
         <run_address>0x2000122c</run_address>
         <size>0xc</size>
         <input_file_ref idref="fl-5"/>
      </object_component>
      <object_component id="oc-f8">
         <name>.data:backroundColor</name>
         <load_address>0x20001240</load_address>
         <run_address>0x20001240</run_address>
         <size>0x4</size>
         <input_file_ref idref="fl-6"/>
      </object_component>
      <object_component id="oc-493">
         <name>.data</name>
         <load_address>0x20001244</load_address>
         <run_address>0x20001244</run_address>
         <size>0x4</size>
         <input_file_ref idref="fl-ee"/>
      </object_component>
      <object_component id="oc-2c4">
         <name>.bss</name>
         <uninitialized>true</uninitialized>
         <run_address>0x20001248</run_address>
         <size>0x8</size>
         <input_file_ref idref="fl-4"/>
      </object_component>
      <object_component id="oc-f7">
         <name>.common:timerScaler</name>
         <uninitialized>true</uninitialized>
         <run_address>0x20001254</run_address>
         <size>0x4</size>
      </object_component>
      <object_component id="oc-ee">
         <name>.common:sysClk</name>
         <uninitialized>true</uninitialized>
         <run_address>0x20001250</run_address>
         <size>0x4</size>
      </object_component>
      <object_component id="oc-21">
         <name>.stack</name>
         <uninitialized>true</uninitialized>
         <run_address>0x20000270</run_address>
         <size>0x4</size>
         <input_file_ref idref="fl-da"/>
      </object_component>
      <object_component id="oc-508">
         <name>.stack</name>
         <uninitialized>true</uninitialized>
         <run_address>0x20000270</run_address>
         <size>0x0</size>
      </object_component>
      <object_component id="oc-af">
         <name>.debug_info</name>
         <load_address>0x0</load_address>
         <run_address>0x0</run_address>
         <size>0x337</size>
         <input_file_ref idref="fl-2"/>
      </object_component>
      <object_component id="oc-dd">
         <name>.debug_info</name>
         <load_address>0x337</load_address>
         <run_address>0x337</run_address>
         <size>0x5c1</size>
         <input_file_ref idref="fl-2"/>
      </object_component>
      <object_component id="oc-22c">
         <name>.debug_info</name>
         <load_address>0x8f8</load_address>
         <run_address>0x8f8</run_address>
         <size>0x111</size>
         <input_file_ref idref="fl-2"/>
      </object_component>
      <object_component id="oc-6d">
         <name>.debug_info</name>
         <load_address>0xa09</load_address>
         <run_address>0xa09</run_address>
         <size>0x26b</size>
         <input_file_ref idref="fl-2"/>
      </object_component>
      <object_component id="oc-33">
         <name>.debug_info</name>
         <load_address>0xc74</load_address>
         <run_address>0xc74</run_address>
         <size>0x84</size>
         <input_file_ref idref="fl-2"/>
      </object_component>
      <object_component id="oc-aa">
         <name>.debug_info</name>
         <load_address>0xcf8</load_address>
         <run_address>0xcf8</run_address>
         <size>0x297</size>
         <input_file_ref idref="fl-2"/>
      </object_component>
      <object_component id="oc-72">
         <name>.debug_info</name>
         <load_address>0xf8f</load_address>
         <run_address>0xf8f</run_address>
         <size>0xbb</size>
         <input_file_ref idref="fl-2"/>
      </object_component>
      <object_component id="oc-243">
         <name>.debug_info</name>
         <load_address>0x104a</load_address>
         <run_address>0x104a</run_address>
         <size>0xcc</size>
         <input_file_ref idref="fl-2"/>
      </object_component>
      <object_component id="oc-335">
         <name>.debug_info</name>
         <load_address>0x1116</load_address>
         <run_address>0x1116</run_address>
         <size>0x2c</size>
         <input_file_ref idref="fl-2"/>
      </object_component>
      <object_component id="oc-ef">
         <name>.debug_info</name>
         <load_address>0x1142</load_address>
         <run_address>0x1142</run_address>
         <size>0x667</size>
         <input_file_ref idref="fl-3"/>
      </object_component>
      <object_component id="oc-d7">
         <name>.debug_info</name>
         <load_address>0x17a9</load_address>
         <run_address>0x17a9</run_address>
         <size>0x3f1</size>
         <input_file_ref idref="fl-3"/>
      </object_component>
      <object_component id="oc-238">
         <name>.debug_info</name>
         <load_address>0x1b9a</load_address>
         <run_address>0x1b9a</run_address>
         <size>0x8b</size>
         <input_file_ref idref="fl-3"/>
      </object_component>
      <object_component id="oc-f1">
         <name>.debug_info</name>
         <load_address>0x1c25</load_address>
         <run_address>0x1c25</run_address>
         <size>0x4fe</size>
         <input_file_ref idref="fl-4"/>
      </object_component>
      <object_component id="oc-2cb">
         <name>.debug_info</name>
         <load_address>0x2123</load_address>
         <run_address>0x2123</run_address>
         <size>0xe9</size>
         <input_file_ref idref="fl-4"/>
      </object_component>
      <object_component id="oc-2d1">
         <name>.debug_info</name>
         <load_address>0x220c</load_address>
         <run_address>0x220c</run_address>
         <size>0xef</size>
         <input_file_ref idref="fl-4"/>
      </object_component>
      <object_component id="oc-2c5">
         <name>.debug_info</name>
         <load_address>0x22fb</load_address>
         <run_address>0x22fb</run_address>
         <size>0x107</size>
         <input_file_ref idref="fl-4"/>
      </object_component>
      <object_component id="oc-2c8">
         <name>.debug_info</name>
         <load_address>0x2402</load_address>
         <run_address>0x2402</run_address>
         <size>0xdd</size>
         <input_file_ref idref="fl-4"/>
      </object_component>
      <object_component id="oc-2ce">
         <name>.debug_info</name>
         <load_address>0x24df</load_address>
         <run_address>0x24df</run_address>
         <size>0xdd</size>
         <input_file_ref idref="fl-4"/>
      </object_component>
      <object_component id="oc-2e0">
         <name>.debug_info</name>
         <load_address>0x25bc</load_address>
         <run_address>0x25bc</run_address>
         <size>0xdd</size>
         <input_file_ref idref="fl-4"/>
      </object_component>
      <object_component id="oc-2e3">
         <name>.debug_info</name>
         <load_address>0x2699</load_address>
         <run_address>0x2699</run_address>
         <size>0xdf</size>
         <input_file_ref idref="fl-4"/>
      </object_component>
      <object_component id="oc-2e6">
         <name>.debug_info</name>
         <load_address>0x2778</load_address>
         <run_address>0x2778</run_address>
         <size>0xdf</size>
         <input_file_ref idref="fl-4"/>
      </object_component>
      <object_component id="oc-2e9">
         <name>.debug_info</name>
         <load_address>0x2857</load_address>
         <run_address>0x2857</run_address>
         <size>0xdf</size>
         <input_file_ref idref="fl-4"/>
      </object_component>
      <object_component id="oc-2ec">
         <name>.debug_info</name>
         <load_address>0x2936</load_address>
         <run_address>0x2936</run_address>
         <size>0xdf</size>
         <input_file_ref idref="fl-4"/>
      </object_component>
      <object_component id="oc-2ef">
         <name>.debug_info</name>
         <load_address>0x2a15</load_address>
         <run_address>0x2a15</run_address>
         <size>0xdf</size>
         <input_file_ref idref="fl-4"/>
      </object_component>
      <object_component id="oc-1b1">
         <name>.debug_info</name>
         <load_address>0x2af4</load_address>
         <run_address>0x2af4</run_address>
         <size>0xa3d</size>
         <input_file_ref idref="fl-4"/>
      </object_component>
      <object_component id="oc-f3">
         <name>.debug_info</name>
         <load_address>0x3531</load_address>
         <run_address>0x3531</run_address>
         <size>0x3ec</size>
         <input_file_ref idref="fl-5"/>
      </object_component>
      <object_component id="oc-220">
         <name>.debug_info</name>
         <load_address>0x391d</load_address>
         <run_address>0x391d</run_address>
         <size>0xe1</size>
         <input_file_ref idref="fl-5"/>
      </object_component>
      <object_component id="oc-1bf">
         <name>.debug_info</name>
         <load_address>0x39fe</load_address>
         <run_address>0x39fe</run_address>
         <size>0xda</size>
         <input_file_ref idref="fl-5"/>
      </object_component>
      <object_component id="oc-1e0">
         <name>.debug_info</name>
         <load_address>0x3ad8</load_address>
         <run_address>0x3ad8</run_address>
         <size>0xd4</size>
         <input_file_ref idref="fl-5"/>
      </object_component>
      <object_component id="oc-1fc">
         <name>.debug_info</name>
         <load_address>0x3bac</load_address>
         <run_address>0x3bac</run_address>
         <size>0xd6</size>
         <input_file_ref idref="fl-5"/>
      </object_component>
      <object_component id="oc-1ff">
         <name>.debug_info</name>
         <load_address>0x3c82</load_address>
         <run_address>0x3c82</run_address>
         <size>0xd6</size>
         <input_file_ref idref="fl-5"/>
      </object_component>
      <object_component id="oc-202">
         <name>.debug_info</name>
         <load_address>0x3d58</load_address>
         <run_address>0x3d58</run_address>
         <size>0xd6</size>
         <input_file_ref idref="fl-5"/>
      </object_component>
      <object_component id="oc-205">
         <name>.debug_info</name>
         <load_address>0x3e2e</load_address>
         <run_address>0x3e2e</run_address>
         <size>0xd6</size>
         <input_file_ref idref="fl-5"/>
      </object_component>
      <object_component id="oc-208">
         <name>.debug_info</name>
         <load_address>0x3f04</load_address>
         <run_address>0x3f04</run_address>
         <size>0xd6</size>
         <input_file_ref idref="fl-5"/>
      </object_component>
      <object_component id="oc-20b">
         <name>.debug_info</name>
         <load_address>0x3fda</load_address>
         <run_address>0x3fda</run_address>
         <size>0xd8</size>
         <input_file_ref idref="fl-5"/>
      </object_component>
      <object_component id="oc-20e">
         <name>.debug_info</name>
         <load_address>0x40b2</load_address>
         <run_address>0x40b2</run_address>
         <size>0xd8</size>
         <input_file_ref idref="fl-5"/>
      </object_component>
      <object_component id="oc-211">
         <name>.debug_info</name>
         <load_address>0x418a</load_address>
         <run_address>0x418a</run_address>
         <size>0xd8</size>
         <input_file_ref idref="fl-5"/>
      </object_component>
      <object_component id="oc-214">
         <name>.debug_info</name>
         <load_address>0x4262</load_address>
         <run_address>0x4262</run_address>
         <size>0xd8</size>
         <input_file_ref idref="fl-5"/>
      </object_component>
      <object_component id="oc-217">
         <name>.debug_info</name>
         <load_address>0x433a</load_address>
         <run_address>0x433a</run_address>
         <size>0xd8</size>
         <input_file_ref idref="fl-5"/>
      </object_component>
      <object_component id="oc-21a">
         <name>.debug_info</name>
         <load_address>0x4412</load_address>
         <run_address>0x4412</run_address>
         <size>0xd8</size>
         <input_file_ref idref="fl-5"/>
      </object_component>
      <object_component id="oc-21d">
         <name>.debug_info</name>
         <load_address>0x44ea</load_address>
         <run_address>0x44ea</run_address>
         <size>0xd8</size>
         <input_file_ref idref="fl-5"/>
      </object_component>
      <object_component id="oc-223">
         <name>.debug_info</name>
         <load_address>0x45c2</load_address>
         <run_address>0x45c2</run_address>
         <size>0xd8</size>
         <input_file_ref idref="fl-5"/>
      </object_component>
      <object_component id="oc-226">
         <name>.debug_info</name>
         <load_address>0x469a</load_address>
         <run_address>0x469a</run_address>
         <size>0xd8</size>
         <input_file_ref idref="fl-5"/>
      </object_component>
      <object_component id="oc-229">
         <name>.debug_info</name>
         <load_address>0x4772</load_address>
         <run_address>0x4772</run_address>
         <size>0xd8</size>
         <input_file_ref idref="fl-5"/>
      </object_component>
      <object_component id="oc-e4">
         <name>.debug_info</name>
         <load_address>0x484a</load_address>
         <run_address>0x484a</run_address>
         <size>0x22de</size>
         <input_file_ref idref="fl-5"/>
      </object_component>
      <object_component id="oc-f5">
         <name>.debug_info</name>
         <load_address>0x6b28</load_address>
         <run_address>0x6b28</run_address>
         <size>0x417</size>
         <input_file_ref idref="fl-6"/>
      </object_component>
      <object_component id="oc-f9">
         <name>.debug_info</name>
         <load_address>0x6f3f</load_address>
         <run_address>0x6f3f</run_address>
         <size>0xe7</size>
         <input_file_ref idref="fl-6"/>
      </object_component>
      <object_component id="oc-99">
         <name>.debug_info</name>
         <load_address>0x7026</load_address>
         <run_address>0x7026</run_address>
         <size>0x1e8</size>
         <input_file_ref idref="fl-6"/>
      </object_component>
      <object_component id="oc-2c">
         <name>.debug_info</name>
         <load_address>0x720e</load_address>
         <run_address>0x720e</run_address>
         <size>0x2af</size>
         <input_file_ref idref="fl-7"/>
      </object_component>
      <object_component id="oc-10">
         <name>.debug_info</name>
         <load_address>0x74bd</load_address>
         <run_address>0x74bd</run_address>
         <size>0xee</size>
         <input_file_ref idref="fl-7"/>
      </object_component>
      <object_component id="oc-27">
         <name>.debug_info</name>
         <load_address>0x75ab</load_address>
         <run_address>0x75ab</run_address>
         <size>0x26d</size>
         <input_file_ref idref="fl-7"/>
      </object_component>
      <object_component id="oc-294">
         <name>.debug_info</name>
         <load_address>0x7818</load_address>
         <run_address>0x7818</run_address>
         <size>0x240</size>
         <input_file_ref idref="fl-d"/>
      </object_component>
      <object_component id="oc-384">
         <name>.debug_info</name>
         <load_address>0x7a58</load_address>
         <run_address>0x7a58</run_address>
         <size>0x167</size>
         <input_file_ref idref="fl-d"/>
      </object_component>
      <object_component id="oc-387">
         <name>.debug_info</name>
         <load_address>0x7bbf</load_address>
         <run_address>0x7bbf</run_address>
         <size>0x169</size>
         <input_file_ref idref="fl-d"/>
      </object_component>
      <object_component id="oc-28a">
         <name>.debug_info</name>
         <load_address>0x7d28</load_address>
         <run_address>0x7d28</run_address>
         <size>0x2b3</size>
         <input_file_ref idref="fl-d"/>
      </object_component>
      <object_component id="oc-290">
         <name>.debug_info</name>
         <load_address>0x7fdb</load_address>
         <run_address>0x7fdb</run_address>
         <size>0x316</size>
         <input_file_ref idref="fl-d"/>
      </object_component>
      <object_component id="oc-170">
         <name>.debug_info</name>
         <load_address>0x82f1</load_address>
         <run_address>0x82f1</run_address>
         <size>0x2b7</size>
         <input_file_ref idref="fl-d"/>
      </object_component>
      <object_component id="oc-16a">
         <name>.debug_info</name>
         <load_address>0x85a8</load_address>
         <run_address>0x85a8</run_address>
         <size>0x285</size>
         <input_file_ref idref="fl-d"/>
      </object_component>
      <object_component id="oc-298">
         <name>.debug_info</name>
         <load_address>0x882d</load_address>
         <run_address>0x882d</run_address>
         <size>0x298</size>
         <input_file_ref idref="fl-d"/>
      </object_component>
      <object_component id="oc-17d">
         <name>.debug_info</name>
         <load_address>0x8ac5</load_address>
         <run_address>0x8ac5</run_address>
         <size>0x2bb</size>
         <input_file_ref idref="fl-d"/>
      </object_component>
      <object_component id="oc-177">
         <name>.debug_info</name>
         <load_address>0x8d80</load_address>
         <run_address>0x8d80</run_address>
         <size>0x2cf</size>
         <input_file_ref idref="fl-d"/>
      </object_component>
      <object_component id="oc-183">
         <name>.debug_info</name>
         <load_address>0x904f</load_address>
         <run_address>0x904f</run_address>
         <size>0x28f</size>
         <input_file_ref idref="fl-d"/>
      </object_component>
      <object_component id="oc-2dc">
         <name>.debug_info</name>
         <load_address>0x92de</load_address>
         <run_address>0x92de</run_address>
         <size>0x28d</size>
         <input_file_ref idref="fl-d"/>
      </object_component>
      <object_component id="oc-152">
         <name>.debug_info</name>
         <load_address>0x956b</load_address>
         <run_address>0x956b</run_address>
         <size>0x18b</size>
         <input_file_ref idref="fl-d"/>
      </object_component>
      <object_component id="oc-2a8">
         <name>.debug_info</name>
         <load_address>0x96f6</load_address>
         <run_address>0x96f6</run_address>
         <size>0x20e</size>
         <input_file_ref idref="fl-e"/>
      </object_component>
      <object_component id="oc-2b5">
         <name>.debug_info</name>
         <load_address>0x9904</load_address>
         <run_address>0x9904</run_address>
         <size>0x210</size>
         <input_file_ref idref="fl-e"/>
      </object_component>
      <object_component id="oc-2a5">
         <name>.debug_info</name>
         <load_address>0x9b14</load_address>
         <run_address>0x9b14</run_address>
         <size>0x14e</size>
         <input_file_ref idref="fl-e"/>
      </object_component>
      <object_component id="oc-38b">
         <name>.debug_info</name>
         <load_address>0x9c62</load_address>
         <run_address>0x9c62</run_address>
         <size>0x157</size>
         <input_file_ref idref="fl-e"/>
      </object_component>
      <object_component id="oc-29e">
         <name>.debug_info</name>
         <load_address>0x9db9</load_address>
         <run_address>0x9db9</run_address>
         <size>0x2c1</size>
         <input_file_ref idref="fl-e"/>
      </object_component>
      <object_component id="oc-18a">
         <name>.debug_info</name>
         <load_address>0xa07a</load_address>
         <run_address>0xa07a</run_address>
         <size>0x2c9</size>
         <input_file_ref idref="fl-e"/>
      </object_component>
      <object_component id="oc-eb">
         <name>.debug_info</name>
         <load_address>0xa343</load_address>
         <run_address>0xa343</run_address>
         <size>0x23e</size>
         <input_file_ref idref="fl-e"/>
      </object_component>
      <object_component id="oc-15e">
         <name>.debug_info</name>
         <load_address>0xa581</load_address>
         <run_address>0xa581</run_address>
         <size>0x240</size>
         <input_file_ref idref="fl-e"/>
      </object_component>
      <object_component id="oc-1a8">
         <name>.debug_info</name>
         <load_address>0xa7c1</load_address>
         <run_address>0xa7c1</run_address>
         <size>0x268</size>
         <input_file_ref idref="fl-e"/>
      </object_component>
      <object_component id="oc-157">
         <name>.debug_info</name>
         <load_address>0xaa29</load_address>
         <run_address>0xaa29</run_address>
         <size>0x298</size>
         <input_file_ref idref="fl-f"/>
      </object_component>
      <object_component id="oc-149">
         <name>.debug_info</name>
         <load_address>0xacc1</load_address>
         <run_address>0xacc1</run_address>
         <size>0x14d</size>
         <input_file_ref idref="fl-f"/>
      </object_component>
      <object_component id="oc-14c">
         <name>.debug_info</name>
         <load_address>0xae0e</load_address>
         <run_address>0xae0e</run_address>
         <size>0x159</size>
         <input_file_ref idref="fl-f"/>
      </object_component>
      <object_component id="oc-26d">
         <name>.debug_info</name>
         <load_address>0xaf67</load_address>
         <run_address>0xaf67</run_address>
         <size>0x153</size>
         <input_file_ref idref="fl-f"/>
      </object_component>
      <object_component id="oc-14f">
         <name>.debug_info</name>
         <load_address>0xb0ba</load_address>
         <run_address>0xb0ba</run_address>
         <size>0x160</size>
         <input_file_ref idref="fl-f"/>
      </object_component>
      <object_component id="oc-165">
         <name>.debug_info</name>
         <load_address>0xb21a</load_address>
         <run_address>0xb21a</run_address>
         <size>0x27d</size>
         <input_file_ref idref="fl-f"/>
      </object_component>
      <object_component id="oc-140">
         <name>.debug_info</name>
         <load_address>0xb497</load_address>
         <run_address>0xb497</run_address>
         <size>0x270</size>
         <input_file_ref idref="fl-f"/>
      </object_component>
      <object_component id="oc-146">
         <name>.debug_info</name>
         <load_address>0xb707</load_address>
         <run_address>0xb707</run_address>
         <size>0x2ba</size>
         <input_file_ref idref="fl-f"/>
      </object_component>
      <object_component id="oc-c5">
         <name>.debug_info</name>
         <load_address>0xb9c1</load_address>
         <run_address>0xb9c1</run_address>
         <size>0x49a</size>
         <input_file_ref idref="fl-f"/>
      </object_component>
      <object_component id="oc-279">
         <name>.debug_info</name>
         <load_address>0xbe5b</load_address>
         <run_address>0xbe5b</run_address>
         <size>0x5f</size>
         <input_file_ref idref="fl-f"/>
      </object_component>
      <object_component id="oc-2aa">
         <name>.debug_info</name>
         <load_address>0xbeba</load_address>
         <run_address>0xbeba</run_address>
         <size>0x223</size>
         <input_file_ref idref="fl-10"/>
      </object_component>
      <object_component id="oc-395">
         <name>.debug_info</name>
         <load_address>0xc0dd</load_address>
         <run_address>0xc0dd</run_address>
         <size>0x15a</size>
         <input_file_ref idref="fl-10"/>
      </object_component>
      <object_component id="oc-398">
         <name>.debug_info</name>
         <load_address>0xc237</load_address>
         <run_address>0xc237</run_address>
         <size>0x16c</size>
         <input_file_ref idref="fl-10"/>
      </object_component>
      <object_component id="oc-19b">
         <name>.debug_info</name>
         <load_address>0xc3a3</load_address>
         <run_address>0xc3a3</run_address>
         <size>0x2ba</size>
         <input_file_ref idref="fl-10"/>
      </object_component>
      <object_component id="oc-2b0">
         <name>.debug_info</name>
         <load_address>0xc65d</load_address>
         <run_address>0xc65d</run_address>
         <size>0x2eb</size>
         <input_file_ref idref="fl-10"/>
      </object_component>
      <object_component id="oc-1a1">
         <name>.debug_info</name>
         <load_address>0xc948</load_address>
         <run_address>0xc948</run_address>
         <size>0x2e4</size>
         <input_file_ref idref="fl-10"/>
      </object_component>
      <object_component id="oc-1ad">
         <name>.debug_info</name>
         <load_address>0xcc2c</load_address>
         <run_address>0xcc2c</run_address>
         <size>0x294</size>
         <input_file_ref idref="fl-10"/>
      </object_component>
      <object_component id="oc-2bc">
         <name>.debug_info</name>
         <load_address>0xcec0</load_address>
         <run_address>0xcec0</run_address>
         <size>0x292</size>
         <input_file_ref idref="fl-10"/>
      </object_component>
      <object_component id="oc-195">
         <name>.debug_info</name>
         <load_address>0xd152</load_address>
         <run_address>0xd152</run_address>
         <size>0x27f</size>
         <input_file_ref idref="fl-10"/>
      </object_component>
      <object_component id="oc-2d6">
         <name>.debug_info</name>
         <load_address>0xd3d1</load_address>
         <run_address>0xd3d1</run_address>
         <size>0x281</size>
         <input_file_ref idref="fl-10"/>
      </object_component>
      <object_component id="oc-18f">
         <name>.debug_info</name>
         <load_address>0xd652</load_address>
         <run_address>0xd652</run_address>
         <size>0x28c</size>
         <input_file_ref idref="fl-10"/>
      </object_component>
      <object_component id="oc-232">
         <name>.debug_info</name>
         <load_address>0xd8de</load_address>
         <run_address>0xd8de</run_address>
         <size>0x212</size>
         <input_file_ref idref="fl-11"/>
      </object_component>
      <object_component id="oc-27f">
         <name>.debug_info</name>
         <load_address>0xdaf0</load_address>
         <run_address>0xdaf0</run_address>
         <size>0x20f</size>
         <input_file_ref idref="fl-11"/>
      </object_component>
      <object_component id="oc-334">
         <name>.debug_info</name>
         <load_address>0xdcff</load_address>
         <run_address>0xdcff</run_address>
         <size>0x334</size>
         <input_file_ref idref="fl-c7"/>
      </object_component>
      <object_component id="oc-1f9">
         <name>.debug_info</name>
         <load_address>0xe033</load_address>
         <run_address>0xe033</run_address>
         <size>0x1d2</size>
         <input_file_ref idref="fl-c7"/>
      </object_component>
      <object_component id="oc-32b">
         <name>.debug_info</name>
         <load_address>0xe205</load_address>
         <run_address>0xe205</run_address>
         <size>0x18e</size>
         <input_file_ref idref="fl-c7"/>
      </object_component>
      <object_component id="oc-32e">
         <name>.debug_info</name>
         <load_address>0xe393</load_address>
         <run_address>0xe393</run_address>
         <size>0x16e</size>
         <input_file_ref idref="fl-c7"/>
      </object_component>
      <object_component id="oc-49a">
         <name>.debug_info</name>
         <load_address>0xe501</load_address>
         <run_address>0xe501</run_address>
         <size>0x2c</size>
         <input_file_ref idref="fl-c7"/>
      </object_component>
      <object_component id="oc-320">
         <name>.debug_info</name>
         <load_address>0xe52d</load_address>
         <run_address>0xe52d</run_address>
         <size>0x367</size>
         <input_file_ref idref="fl-c8"/>
      </object_component>
      <object_component id="oc-1ef">
         <name>.debug_info</name>
         <load_address>0xe894</load_address>
         <run_address>0xe894</run_address>
         <size>0x79c</size>
         <input_file_ref idref="fl-c8"/>
      </object_component>
      <object_component id="oc-3d0">
         <name>.debug_info</name>
         <load_address>0xf030</load_address>
         <run_address>0xf030</run_address>
         <size>0x46</size>
         <input_file_ref idref="fl-c8"/>
      </object_component>
      <object_component id="oc-312">
         <name>.debug_info</name>
         <load_address>0xf076</load_address>
         <run_address>0xf076</run_address>
         <size>0x39</size>
         <input_file_ref idref="fl-c8"/>
      </object_component>
      <object_component id="oc-31e">
         <name>.debug_info</name>
         <load_address>0xf0af</load_address>
         <run_address>0xf0af</run_address>
         <size>0x2b1</size>
         <input_file_ref idref="fl-c9"/>
      </object_component>
      <object_component id="oc-1e9">
         <name>.debug_info</name>
         <load_address>0xf360</load_address>
         <run_address>0xf360</run_address>
         <size>0x21a</size>
         <input_file_ref idref="fl-c9"/>
      </object_component>
      <object_component id="oc-311">
         <name>.debug_info</name>
         <load_address>0xf57a</load_address>
         <run_address>0xf57a</run_address>
         <size>0x367</size>
         <input_file_ref idref="fl-ca"/>
      </object_component>
      <object_component id="oc-1e3">
         <name>.debug_info</name>
         <load_address>0xf8e1</load_address>
         <run_address>0xf8e1</run_address>
         <size>0x797</size>
         <input_file_ref idref="fl-ca"/>
      </object_component>
      <object_component id="oc-1d2">
         <name>.debug_info</name>
         <load_address>0x10078</load_address>
         <run_address>0x10078</run_address>
         <size>0x14d</size>
         <input_file_ref idref="fl-cb"/>
      </object_component>
      <object_component id="oc-1db">
         <name>.debug_info</name>
         <load_address>0x101c5</load_address>
         <run_address>0x101c5</run_address>
         <size>0x129</size>
         <input_file_ref idref="fl-cc"/>
      </object_component>
      <object_component id="oc-1cd">
         <name>.debug_info</name>
         <load_address>0x102ee</load_address>
         <run_address>0x102ee</run_address>
         <size>0x12b</size>
         <input_file_ref idref="fl-cc"/>
      </object_component>
      <object_component id="oc-1c8">
         <name>.debug_info</name>
         <load_address>0x10419</load_address>
         <run_address>0x10419</run_address>
         <size>0x13b</size>
         <input_file_ref idref="fl-cd"/>
      </object_component>
      <object_component id="oc-cf">
         <name>.debug_info</name>
         <load_address>0x10554</load_address>
         <run_address>0x10554</run_address>
         <size>0x13b</size>
         <input_file_ref idref="fl-ce"/>
      </object_component>
      <object_component id="oc-1d6">
         <name>.debug_info</name>
         <load_address>0x1068f</load_address>
         <run_address>0x1068f</run_address>
         <size>0x12f</size>
         <input_file_ref idref="fl-cf"/>
      </object_component>
      <object_component id="oc-d3">
         <name>.debug_info</name>
         <load_address>0x107be</load_address>
         <run_address>0x107be</run_address>
         <size>0x13a</size>
         <input_file_ref idref="fl-d0"/>
      </object_component>
      <object_component id="oc-2c0">
         <name>.debug_info</name>
         <load_address>0x108f8</load_address>
         <run_address>0x108f8</run_address>
         <size>0x12d</size>
         <input_file_ref idref="fl-d1"/>
      </object_component>
      <object_component id="oc-1c3">
         <name>.debug_info</name>
         <load_address>0x10a25</load_address>
         <run_address>0x10a25</run_address>
         <size>0x12d</size>
         <input_file_ref idref="fl-d2"/>
      </object_component>
      <object_component id="oc-3a">
         <name>.debug_info</name>
         <load_address>0x10b52</load_address>
         <run_address>0x10b52</run_address>
         <size>0x11a</size>
         <input_file_ref idref="fl-d3"/>
      </object_component>
      <object_component id="oc-c8">
         <name>.debug_info</name>
         <load_address>0x10c6c</load_address>
         <run_address>0x10c6c</run_address>
[...]
            <run_size>0x26c</run_size>
            <compression>zero_init</compression>
         </cprec>
      </cptbl>
   </cptbl_list>
   <handler_table>
      <handler_table_name>__TI_handler_table</handler_table_name>
      <handler>
         <index>0x0</index>
         <name>__TI_zero_init</name>
      </handler>
      <handler>
         <index>0x1</index>
         <name>__TI_decompress_lzss</name>
      </handler>
      <handler>
         <index>0x2</index>
         <name>__TI_decompress_none</name>
      </handler>
   </handler_table>
   <symbol_table>
      <symbol id="sm-1">
         <name>__STACK_TOP</name>
         <value>0x20000470</value>
      </symbol>
      <symbol id="sm-2">
         <name>__TI_CINIT_Base</name>
         <value>0x86a0</value>
      </symbol>
      <symbol id="sm-3">
         <name>__TI_CINIT_Limit</name>
         <value>0x86b8</value>
      </symbol>
      <symbol id="sm-4">
         <name>__TI_Handler_Table_Base</name>
         <value>0x8680</value>
      </symbol>
      <symbol id="sm-5">
         <name>__TI_Handler_Table_Limit</name>
         <value>0x868c</value>
      </symbol>
      <symbol id="sm-6">
         <name>binit</name>
         <value>0xffffffff</value>
      </symbol>
      <symbol id="sm-7">
         <name>__binit__</name>
         <value>0xffffffff</value>
      </symbol>
      <symbol id="sm-8">
         <name>__STACK_SIZE</name>
         <value>0xfa0</value>
      </symbol>
      <symbol id="sm-9">
         <name>__STACK_END</name>
         <value>0x20001210</value>
      </symbol>
      <symbol id="sm-a">
         <name>__c_args__</name>
         <value>0xffffffff</value>
      </symbol>
      <symbol id="sm-b">
         <name>__TI_pprof_out_hndl</name>
         <value>0xffffffff</value>
      </symbol>
      <symbol id="sm-c">
         <name>__TI_prof_data_start</name>
         <value>0xffffffff</value>
      </symbol>
      <symbol id="sm-d">
         <name>__TI_prof_data_size</name>
         <value>0xffffffff</value>
      </symbol>
      <symbol id="sm-59">
         <name>timerScaler</name>
         <value>0x20001254</value>
      </symbol>
      <symbol id="sm-5a">
         <name>sysClk</name>
         <value>0x20001250</value>
      </symbol>
      <symbol id="sm-5b">
         <name>wait</name>
         <value>0x42c5</value>
         <object_component_ref idref="oc-dc"/>
      </symbol>
      <symbol id="sm-5c">
         <name>init_LCD</name>
         <value>0x42e9</value>
         <object_component_ref idref="oc-dc"/>
      </symbol>
      <symbol id="sm-80">
         <name>init_peripherals</name>
         <value>0x474d</value>
         <object_component_ref idref="oc-d6"/>
      </symbol>
      <symbol id="sm-14b">
         <name>portD1IntHandler</name>
         <value>0x2e17</value>
         <object_component_ref idref="oc-1b0"/>
      </symbol>
      <symbol id="sm-14c">
         <name>Timer2IntHandler</name>
         <value>0x2865</value>
         <object_component_ref idref="oc-1b0"/>
      </symbol>
      <symbol id="sm-14d">
         <name>Timer1IntHandler</name>
         <value>0x2e91</value>
         <object_component_ref idref="oc-1b0"/>
      </symbol>
      <symbol id="sm-284">
         <name>write_data</name>
         <value>0x435</value>
         <object_component_ref idref="oc-e2"/>
      </symbol>
      <symbol id="sm-285">
         <name>write_line</name>
         <value>0x4f9</value>
         <object_component_ref idref="oc-e2"/>
      </symbol>
      <symbol id="sm-286">
         <name>darstellung_display</name>
         <value>0x15c9</value>
         <object_component_ref idref="oc-e2"/>
      </symbol>
      <symbol id="sm-287">
         <name>write_cmd_data</name>
         <value>0x415</value>
         <object_component_ref idref="oc-e2"/>
      </symbol>
      <symbol id="sm-288">
         <name>darstellung_tacho</name>
         <value>0x975</value>
         <object_component_ref idref="oc-e2"/>
      </symbol>
      <symbol id="sm-289">
         <name>print_string</name>
         <value>0x2b3</value>
         <object_component_ref idref="oc-e2"/>
      </symbol>
      <symbol id="sm-28a">
         <name>write_command</name>
         <value>0x3f5</value>
         <object_component_ref idref="oc-e2"/>
      </symbol>
      <symbol id="sm-28b">
         <name>write_position</name>
         <value>0x47b</value>
         <object_component_ref idref="oc-e2"/>
      </symbol>
      <symbol id="sm-28c">
         <name>write_screen_color</name>
         <value>0x37f</value>
         <object_component_ref idref="oc-e2"/>
      </symbol>
      <symbol id="sm-28d">
         <name>write_char</name>
         <value>0x209</value>
         <object_component_ref idref="oc-e2"/>
      </symbol>
      <symbol id="sm-28e">
         <name>font_12_16</name>
         <value>0x5e08</value>
         <object_component_ref idref="oc-1be"/>
      </symbol>
      <symbol id="sm-2ac">
         <name>main</name>
         <value>0x5685</value>
         <object_component_ref idref="oc-98"/>
      </symbol>
      <symbol id="sm-2c8">
         <name>ResetISR</name>
         <value>0x5de5</value>
         <object_component_ref idref="oc-24"/>
      </symbol>
      <symbol id="sm-2c9">
         <name>g_pfnVectors</name>
         <value>0x0</value>
         <object_component_ref idref="oc-f"/>
      </symbol>
      <symbol id="sm-334">
         <name>GPIOIntRegister</name>
         <value>0x5c8f</value>
         <object_component_ref idref="oc-174"/>
      </symbol>
      <symbol id="sm-335">
         <name>GPIOIntEnable</name>
         <value>0x5dbd</value>
         <object_component_ref idref="oc-180"/>
      </symbol>
      <symbol id="sm-336">
         <name>GPIOIntTypeSet</name>
         <value>0x56e5</value>
         <object_component_ref idref="oc-17a"/>
      </symbol>
      <symbol id="sm-337">
         <name>GPIOPinTypeGPIOInput</name>
         <value>0x5d33</value>
         <object_component_ref idref="oc-168"/>
      </symbol>
      <symbol id="sm-338">
         <name>GPIOIntClear</name>
         <value>0x5ded</value>
         <object_component_ref idref="oc-2d9"/>
      </symbol>
      <symbol id="sm-339">
         <name>GPIOPinTypeGPIOOutput</name>
         <value>0x5ca7</value>
         <object_component_ref idref="oc-16e"/>
      </symbol>
      <symbol id="sm-33a">
         <name>GPIODirModeSet</name>
         <value>0x5baf</value>
         <object_component_ref idref="oc-286"/>
      </symbol>
      <symbol id="sm-33b">
         <name>GPIOPadConfigSet</name>
         <value>0x4aff</value>
         <object_component_ref idref="oc-28c"/>
      </symbol>
      <symbol id="sm-397">
         <name>IntPrioritySet</name>
         <value>0x5bd9</value>
         <object_component_ref idref="oc-186"/>
      </symbol>
      <symbol id="sm-398">
         <name>IntEnable</name>
         <value>0x54f1</value>
         <object_component_ref idref="oc-1a4"/>
      </symbol>
      <symbol id="sm-399">
         <name>IntRegister</name>
         <value>0x5ae5</value>
         <object_component_ref idref="oc-29b"/>
      </symbol>
      <symbol id="sm-39a">
         <name>IntMasterDisable</name>
         <value>0x5d69</value>
         <object_component_ref idref="oc-15b"/>
      </symbol>
      <symbol id="sm-39b">
         <name>g_pfnRAMVectors</name>
         <value>0x20000000</value>
         <object_component_ref idref="oc-38a"/>
      </symbol>
      <symbol id="sm-39c">
         <name>IntMasterEnable</name>
         <value>0x5d79</value>
         <object_component_ref idref="oc-e8"/>
      </symbol>
      <symbol id="sm-40d">
         <name>SysCtlDelay</name>
         <value>0x5df3</value>
         <object_component_ref idref="oc-167"/>
      </symbol>
      <symbol id="sm-40e">
         <name>SysCtlPeripheralEnable</name>
         <value>0x5b19</value>
         <object_component_ref idref="oc-161"/>
      </symbol>
      <symbol id="sm-40f">
         <name>SysCtlClockFreqSet</name>
         <value>0x3d3d</value>
         <object_component_ref idref="oc-c1"/>
      </symbol>
      <symbol id="sm-474">
         <name>TimerLoadSet</name>
         <value>0x5d45</value>
         <object_component_ref idref="oc-198"/>
      </symbol>
      <symbol id="sm-475">
         <name>TimerDisable</name>
         <value>0x5cc1</value>
         <object_component_ref idref="oc-2d3"/>
      </symbol>
      <symbol id="sm-476">
         <name>TimerIntRegister</name>
         <value>0x5cd9</value>
         <object_component_ref idref="oc-19e"/>
      </symbol>
      <symbol id="sm-477">
         <name>TimerEnable</name>
         <value>0x5d89</value>
         <object_component_ref idref="oc-192"/>
      </symbol>
      <symbol id="sm-478">
         <name>TimerIntEnable</name>
         <value>0x5dd3</value>
         <object_component_ref idref="oc-1aa"/>
      </symbol>
      <symbol id="sm-479">
         <name>TimerConfigure</name>
         <value>0x5625</value>
         <object_component_ref idref="oc-18c"/>
      </symbol>
      <symbol id="sm-47a">
         <name>TimerIntClear</name>
         <value>0x5df9</value>
         <object_component_ref idref="oc-2b9"/>
      </symbol>
      <symbol id="sm-48c">
         <name>CPUcpsie</name>
         <value>0x5db1</value>
         <object_component_ref idref="oc-231"/>
      </symbol>
      <symbol id="sm-48d">
         <name>CPUcpsid</name>
         <value>0x5da5</value>
         <object_component_ref idref="oc-27e"/>
      </symbol>
      <symbol id="sm-4b4">
         <name>sprintf</name>
         <value>0x5a2d</value>
         <object_component_ref idref="oc-1f5"/>
      </symbol>
      <symbol id="sm-50f">
         <name>cosl</name>
         <value>0x2f2d</value>
         <object_component_ref idref="oc-1ee"/>
      </symbol>
      <symbol id="sm-510">
         <name>cos</name>
         <value>0x2f2d</value>
         <object_component_ref idref="oc-1ee"/>
      </symbol>
      <symbol id="sm-528">
         <name>roundl</name>
         <value>0x5059</value>
         <object_component_ref idref="oc-1e8"/>
      </symbol>
      <symbol id="sm-529">
         <name>round</name>
         <value>0x5059</value>
         <object_component_ref idref="oc-1e8"/>
      </symbol>
      <symbol id="sm-575">
         <name>sin</name>
         <value>0x3509</value>
         <object_component_ref idref="oc-1e2"/>
      </symbol>
      <symbol id="sm-576">
         <name>sinl</name>
         <value>0x3509</value>
         <object_component_ref idref="oc-1e2"/>
      </symbol>
      <symbol id="sm-58d">
         <name>__aeabi_dsub</name>
         <value>0x410d</value>
         <object_component_ref idref="oc-1d0"/>
      </symbol>
      <symbol id="sm-58e">
         <name>__aeabi_dadd</name>
         <value>0x4117</value>
         <object_component_ref idref="oc-1d0"/>
      </symbol>
      <symbol id="sm-5b0">
         <name>__aeabi_cdcmpeq</name>
         <value>0x52fd</value>
         <object_component_ref idref="oc-1da"/>
      </symbol>
      <symbol id="sm-5b1">
         <name>__aeabi_cdcmple</name>
         <value>0x52fd</value>
         <object_component_ref idref="oc-1da"/>
      </symbol>
      <symbol id="sm-5b2">
         <name>__aeabi_cdrcmple</name>
         <value>0x5383</value>
         <object_component_ref idref="oc-1cb"/>
      </symbol>
      <symbol id="sm-5c6">
         <name>__aeabi_ddiv</name>
         <value>0x49c9</value>
         <object_component_ref idref="oc-1c6"/>
      </symbol>
      <symbol id="sm-5d1">
         <name>__aeabi_dmul</name>
         <value>0x4e65</value>
         <object_component_ref idref="oc-cc"/>
      </symbol>
      <symbol id="sm-5db">
         <name>__aeabi_d2iz</name>
         <value>0x5919</value>
         <object_component_ref idref="oc-1d5"/>
      </symbol>
      <symbol id="sm-5e5">
         <name>__aeabi_d2uiz</name>
         <value>0x59e9</value>
         <object_component_ref idref="oc-d1"/>
      </symbol>
      <symbol id="sm-5f0">
         <name>__aeabi_f2d</name>
         <value>0x5aab</value>
         <object_component_ref idref="oc-2bf"/>
      </symbol>
      <symbol id="sm-5fa">
         <name>__aeabi_i2d</name>
         <value>0x5b81</value>
         <object_component_ref idref="oc-1c1"/>
      </symbol>
      <symbol id="sm-615">
         <name>memcpy</name>
         <value>0x51cb</value>
         <object_component_ref idref="oc-38"/>
      </symbol>
      <symbol id="sm-616">
         <name>__aeabi_memcpy</name>
         <value>0x51cb</value>
         <object_component_ref idref="oc-38"/>
      </symbol>
      <symbol id="sm-617">
         <name>__aeabi_memcpy8</name>
         <value>0x51cb</value>
         <object_component_ref idref="oc-38"/>
      </symbol>
      <symbol id="sm-618">
         <name>__aeabi_memcpy4</name>
         <value>0x51cb</value>
         <object_component_ref idref="oc-38"/>
      </symbol>
      <symbol id="sm-622">
         <name>__aeabi_ui2d</name>
         <value>0x5c1d</value>
         <object_component_ref idref="oc-c7"/>
      </symbol>
      <symbol id="sm-63b">
         <name>__TI_zero_init_nomemset</name>
         <value>0x5c3d</value>
         <object_component_ref idref="oc-44"/>
      </symbol>
      <symbol id="sm-652">
         <name>__TI_decompress_none</name>
         <value>0x5d97</value>
         <object_component_ref idref="oc-18"/>
      </symbol>
      <symbol id="sm-675">
         <name>__TI_decompress_lzss</name>
         <value>0x5559</value>
         <object_component_ref idref="oc-12"/>
      </symbol>
      <symbol id="sm-683">
         <name>strlen</name>
         <value>0x5d1f</value>
         <object_component_ref idref="oc-1b8"/>
      </symbol>
      <symbol id="sm-6f3">
         <name>__kernel_rem_pio2</name>
         <value>0x212d</value>
         <object_component_ref idref="oc-304"/>
      </symbol>
      <symbol id="sm-706">
         <name>__stack</name>
         <value>0x20000270</value>
         <object_component_ref idref="oc-21"/>
      </symbol>
      <symbol id="sm-707">
         <name>_c_int00_noargs</name>
         <value>0x5b4d</value>
         <object_component_ref idref="oc-56"/>
      </symbol>
      <symbol id="sm-86c">
         <name>__TI_printfi</name>
         <value>0x16dd</value>
         <object_component_ref idref="oc-321"/>
      </symbol>
      <symbol id="sm-882">
         <name>__kernel_cos</name>
         <value>0x45e1</value>
         <object_component_ref idref="oc-30a"/>
      </symbol>
      <symbol id="sm-899">
         <name>__kernel_sin</name>
         <value>0x446d</value>
         <object_component_ref idref="oc-2fe"/>
      </symbol>
      <symbol id="sm-8b6">
         <name>floorl</name>
         <value>0x4f61</value>
         <object_component_ref idref="oc-317"/>
      </symbol>
      <symbol id="sm-8b7">
         <name>floor</name>
         <value>0x4f61</value>
         <object_component_ref idref="oc-317"/>
      </symbol>
      <symbol id="sm-8cd">
         <name>frexpl</name>
         <value>0x55c1</value>
         <object_component_ref idref="oc-47d"/>
      </symbol>
      <symbol id="sm-8ce">
         <name>frexp</name>
         <value>0x55c1</value>
         <object_component_ref idref="oc-47d"/>
      </symbol>
      <symbol id="sm-8eb">
         <name>scalbn</name>
         <value>0x4d55</value>
         <object_component_ref idref="oc-3bb"/>
      </symbol>
      <symbol id="sm-8ec">
         <name>scalbnl</name>
         <value>0x4d55</value>
         <object_component_ref idref="oc-3bb"/>
      </symbol>
      <symbol id="sm-8ed">
         <name>ldexpl</name>
         <value>0x4d55</value>
         <object_component_ref idref="oc-3bb"/>
      </symbol>
      <symbol id="sm-8ee">
         <name>ldexp</name>
         <value>0x4d55</value>
         <object_component_ref idref="oc-3bb"/>
      </symbol>
      <symbol id="sm-8fb">
         <name>__aeabi_uldivmod</name>
         <value>0x5267</value>
         <object_component_ref idref="oc-456"/>
      </symbol>
      <symbol id="sm-90a">
         <name>__aeabi_memset</name>
         <value>0x540b</value>
         <object_component_ref idref="oc-8c"/>
      </symbol>
      <symbol id="sm-90b">
         <name>memset</name>
         <value>0x5411</value>
         <object_component_ref idref="oc-8c"/>
      </symbol>
      <symbol id="sm-90c">
         <name>__aeabi_memset8</name>
         <value>0x540b</value>
         <object_component_ref idref="oc-8c"/>
      </symbol>
      <symbol id="sm-90d">
         <name>__aeabi_memset4</name>
         <value>0x540b</value>
         <object_component_ref idref="oc-8c"/>
      </symbol>
      <symbol id="sm-90e">
         <name>__aeabi_memclr8</name>
         <value>0x5409</value>
         <object_component_ref idref="oc-8c"/>
      </symbol>
      <symbol id="sm-90f">
         <name>__aeabi_memclr4</name>
         <value>0x5409</value>
         <object_component_ref idref="oc-8c"/>
      </symbol>
      <symbol id="sm-910">
         <name>__aeabi_memclr</name>
         <value>0x5409</value>
         <object_component_ref idref="oc-8c"/>
      </symbol>
      <symbol id="sm-938">
         <name>__TI_auto_init_nobinit_nopinit</name>
         <value>0x59a5</value>
         <object_component_ref idref="oc-108"/>
      </symbol>
      <symbol id="sm-942">
         <name>_system_pre_init</name>
         <value>0x5dfd</value>
         <object_component_ref idref="oc-92"/>
      </symbol>
      <symbol id="sm-94e">
         <name>C$$EXIT</name>
         <value>0x5e01</value>
         <object_component_ref idref="oc-fc"/>
      </symbol>
      <symbol id="sm-94f">
         <name>abort</name>
         <value>0x5e01</value>
         <object_component_ref idref="oc-fc"/>
      </symbol>
      <symbol id="sm-967">
         <name>atoi</name>
         <value>0x5885</value>
         <object_component_ref idref="oc-3db"/>
      </symbol>
      <symbol id="sm-972">
         <name>_ctypes_</name>
         <value>0x8110</value>
         <object_component_ref idref="oc-451"/>
      </symbol>
      <symbol id="sm-981">
         <name>ltoa</name>
         <value>0x5791</value>
         <object_component_ref idref="oc-45c"/>
      </symbol>
      <symbol id="sm-991">
         <name>memccpy</name>
         <value>0x5c59</value>
         <object_component_ref idref="oc-3ff"/>
      </symbol>
      <symbol id="sm-9a1">
         <name>strchr</name>
         <value>0x5d09</value>
         <object_component_ref idref="oc-483"/>
      </symbol>
      <symbol id="sm-9b7">
         <name>__aeabi_errno_addr</name>
         <value>0x5ddd</value>
         <object_component_ref idref="oc-40b"/>
      </symbol>
      <symbol id="sm-9b8">
         <name>errno</name>
         <value>0x20001244</value>
         <object_component_ref idref="oc-493"/>
      </symbol>
      <symbol id="sm-9d1">
         <name>wcslen</name>
         <value>0x5d57</value>
         <object_component_ref idref="oc-405"/>
      </symbol>
      <symbol id="sm-9db">
         <name>copysign</name>
         <value>0x5c75</value>
         <object_component_ref idref="oc-43c"/>
      </symbol>
      <symbol id="sm-9dc">
         <name>copysignl</name>
         <value>0x5c75</value>
         <object_component_ref idref="oc-43c"/>
      </symbol>
      <symbol id="sm-9e6">
         <name>__aeabi_idiv0</name>
         <value>0x212b</value>
         <object_component_ref idref="oc-4b1"/>
      </symbol>
      <symbol id="sm-9e7">
         <name>__aeabi_ldiv0</name>
         <value>0x212b</value>
         <object_component_ref idref="oc-4b1"/>
      </symbol>
      <symbol id="sm-9e8">
         <name>__TI_static_base__</name>
         <value>0x0</value>
      </symbol>
      <symbol id="sm-9eb">
         <name>__mpu_init</name>
         <value>0x0</value>
      </symbol>
      <symbol id="sm-9ec">
         <name>_system_post_cinit</name>
         <value>0x0</value>
      </symbol>
   </symbol_table>
   <title>Link successful</title>
</link_info>
