******************************************************************************
                  TI ARM Linker PC v18.12.1                    
******************************************************************************
>> Linked Thu Oct 24 16:44:43 2019

OUTPUT FILE NAME:   <student.out>
ENTRY POINT SYMBOL: "_c_int00_noargs"  address: 00002cc9


MEMORY CONFIGURATION

         name            origin    length      used     unused   attr    fill
----------------------  --------  ---------  --------  --------  ----  --------
  FLASH                 00000000   00100000  0000338c  000fcc74  R  X
  SRAM                  20000000   00040000  0000543c  0003abc4  RW X


SEGMENT ALLOCATION MAP

run origin  load origin   length   init length attrs members
----------  ----------- ---------- ----------- ----- -------
00000000    00000000    00003390   00003390    r-x
  00000000    00000000    00000208   00000208    r-- .intvecs
  00000208    00000208    00002d8c   00002d8c    r-x .text
  00002f94    00002f94    00000358   00000358    r-- .const
  000032f0    000032f0    000000a0   000000a0    r-- .cinit
20000000    20000000    00005440   00000000    rw-
  20000000    20000000    0000026c   00000000    rw- .vtable
  20000270    20000270    00003e80   00000000    rw- .sysmem
  200040f0    200040f0    00000fa0   00000000    rw- .stack
  20005090    20005090    000001e8   00000000    rw- .data
  20005278    20005278    000001c8   00000000    rw- .bss


SECTION ALLOCATION MAP

 output                                  attributes/
section   page    origin      length       input sections
--------  ----  ----------  ----------   ----------------
.intvecs   0    00000000    00000208     
                  00000000    00000208     tm4c1294ncpdt_startup_ccs.obj (.intvecs)

.text      0    00000208    00002d8c     
                  00000208    00000a4e     rtsv7M4_T_le_v4SPD16_eabi.lib : _printfi.c.obj (.text:__TI_printfi)
                  00000c56    00000002                                   : _lock.c.obj (.text:_nop)
                  00000c58    00000270                                   : _printfi.c.obj (.text:_pconv_a)
                  00000ec8    00000200     driverlib.lib : sysctl.obj (.text:SysCtlClockFreqSet)
                  000010c8    000001d0     rtsv7M4_T_le_v4SPD16_eabi.lib : _printfi.c.obj (.text:_pconv_g)
                  00001298    000001b6                                   : fd_add_t2.asm.obj (.text)
                  0000144e    00000002                                   : div0.asm.obj (.text)
                  00001450    0000013c                                   : _printfi.c.obj (.text:_pconv_e)
                  0000158c    00000136                                   : fd_div_t2.asm.obj (.text)
                  000016c2    00000002     --HOLE-- [fill = 0]
                  000016c4    00000124                                   : _printfi.c.obj (.text:fcvt)
                  000017e8    00000114                                   : fputs.c.obj (.text:fputs)
                  000018fc    00000110                                   : s_scalbn.c.obj (.text:scalbn)
                  00001a0c    000000fc                                   : fd_mul_t2.asm.obj (.text)
                  00001b08    000000f4                                   : memory.c.obj (.text:aligned_alloc)
                  00001bfc    000000e8                                   : memory.c.obj (.text:free)
                  00001ce4    000000dc                                   : setvbuf.c.obj (.text:setvbuf)
                  00001dc0    000000b1                                   : _printfi.c.obj (.text:_ltostr)
                  00001e71    00000003     --HOLE-- [fill = 0]
                  00001e74    000000ac     main.obj (.text)
                  00001f20    0000009c     rtsv7M4_T_le_v4SPD16_eabi.lib : memcpy_t2.asm.obj (.text)
                  00001fbc    00000096                                   : ull_div_t2.asm.obj (.text)
                  00002052    00000002     --HOLE-- [fill = 0]
                  00002054    0000008c                                   : fputc.c.obj (.text:fputc)
                  000020e0    00000086                                   : fd_cmp_t2.asm.obj (.text:__aeabi_cdcmple)
                  00002166    00000086                                   : fd_cmp_t2.asm.obj (.text:__aeabi_cdrcmple)
                  000021ec    0000007c                                   : memory.c.obj (.text:split)
                  00002268    0000007a                                   : memset_t2.asm.obj (.text)
                  000022e2    00000002     --HOLE-- [fill = 0]
                  000022e4    00000074                                   : fclose.c.obj (.text:__TI_closefile)
                  00002358    0000006e                                   : _printfi.c.obj (.text:_mcpy)
                  000023c6    00000002     --HOLE-- [fill = 0]
                  000023c8    00000068                                   : hostlseek.c.obj (.text:HOSTlseek)
                  00002430    00000068                                   : hostrename.c.obj (.text:HOSTrename)
                  00002498    00000068                                   : copy_decompress_lzss.c.obj (.text:decompress:lzss:__TI_decompress_lzss)
                  00002500    00000068                                   : printf.c.obj (.text:printf)
                  00002568    00000064                                   : s_frexp.c.obj (.text:frexp)
                  000025cc    00000064                                   : fseek.c.obj (.text:fseek)
                  00002630    00000062                                   : _io_perm.c.obj (.text:__TI_wrt_ok)
                  00002692    00000002     --HOLE-- [fill = 0]
                  00002694    00000060                                   : hostopen.c.obj (.text:HOSTopen)
                  000026f4    0000005c                                   : close.c.obj (.text:close)
                  00002750    00000058                                   : hostread.c.obj (.text:HOSTread)
                  000027a8    00000058                                   : hostwrite.c.obj (.text:HOSTwrite)
                  00002800    00000056                                   : _printfi.c.obj (.text:_pconv_f)
                  00002856    00000054                                   : ltoa.c.obj (.text:ltoa)
                  000028aa    00000052                                   : _printfi.c.obj (.text:_ecpy)
                  000028fc    0000004c                                   : fflush.c.obj (.text:__TI_doflush)
                  00002948    0000004c                                   : atoi.c.obj (.text:atoi)
                  00002994    00000048     driverlib.lib : sysctl.obj (.text:_SysCtlFrequencyGet)
                  000029dc    00000048     rtsv7M4_T_le_v4SPD16_eabi.lib : exit.c.obj (.text:exit)
                  00002a24    00000048                                   : fd_toi_t2.asm.obj (.text)
                  00002a6c    00000044                                   : hostclose.c.obj (.text:HOSTclose)
                  00002ab0    00000044                                   : hostunlink.c.obj (.text:HOSTunlink)
                  00002af4    00000044                                   : autoinit.c.obj (.text:__TI_auto_init_nobinit_nopinit:__TI_auto_init_nobinit_nopinit)
                  00002b38    00000044                                   : getdevice.c.obj (.text:getdevice)
                  00002b7c    0000003e                                   : _printfi.c.obj (.text:_fcpy)
                  00002bba    00000002     --HOLE-- [fill = 0]
                  00002bbc    00000038                                   : trgmsg.c.obj (.text:__TI_writemsg)
                  00002bf4    00000036                                   : strncpy.c.obj (.text:strncpy)
                  00002c2a    00000002     --HOLE-- [fill = 0]
                  00002c2c    00000034     driverlib.lib : interrupt.obj (.text:IntRegister)
                  00002c60    00000034     rtsv7M4_T_le_v4SPD16_eabi.lib : fopen.c.obj (.text:__TI_cleanup)
                  00002c94    00000034                                   : trgmsg.c.obj (.text:__TI_readmsg)
                  00002cc8    00000034                                   : boot_cortex_m.c.obj (.text:_c_int00_noargs:_c_int00_noargs)
                  00002cfc    00000030                                   : getdevice.c.obj (.text:finddevice)
                  00002d2c    0000002e                                   : i_tofd_t2.asm.obj (.text)
                  00002d5a    00000002     --HOLE-- [fill = 0]
                  00002d5c    0000002c                                   : unlink.c.obj (.text:unlink)
                  00002d88    00000028                                   : memory.c.obj (.text:free_list_insert)
                  00002db0    00000028                                   : lseek.c.obj (.text:lseek)
                  00002dd8    00000028                                   : write.c.obj (.text:write)
                  00002e00    00000020     driverlib.lib : sysctl.obj (.text:_SysCtlMemTimingGet)
                  00002e20    00000020     rtsv7M4_T_le_v4SPD16_eabi.lib : memchr.c.obj (.text:memchr)
                  00002e40    0000001c     driverlib.lib : systick.obj (.text:SysTickIntRegister)
                  00002e5c    0000001c     rtsv7M4_T_le_v4SPD16_eabi.lib : memory.c.obj (.text:free_list_remove)
                  00002e78    0000001c                                   : memccpy.c.obj (.text:memccpy)
                  00002e94    0000001a                                   : s_copysign.c.obj (.text:copysign)
                  00002eae    00000018                                   : strcmp.c.obj (.text:strcmp)
                  00002ec6    00000016                                   : strchr.c.obj (.text:strchr)
                  00002edc    00000014     driverlib.lib : systick.obj (.text:SysTickEnable)
                  00002ef0    00000014                   : systick.obj (.text:SysTickIntEnable)
                  00002f04    00000014     rtsv7M4_T_le_v4SPD16_eabi.lib : strcpy.c.obj (.text:strcpy)
                  00002f18    00000014                                   : strlen.c.obj (.text:strlen)
                  00002f2c    00000012                                   : wcslen.c.obj (.text:wcslen)
                  00002f3e    00000002     --HOLE-- [fill = 0]
                  00002f40    00000010     driverlib.lib : systick.obj (.text:SysTickPeriodSet)
                  00002f50    0000000e     rtsv7M4_T_le_v4SPD16_eabi.lib : copy_decompress_none.c.obj (.text:decompress:none:__TI_decompress_none)
                  00002f5e    0000000c                                   : copy_zero_init.c.obj (.text:decompress:ZI:__TI_zero_init)
                  00002f6a    00000002     --HOLE-- [fill = 0]
                  00002f6c    00000008                                   : errno.c.obj (.text:__aeabi_errno_addr)
                  00002f74    00000008                                   : memory.c.obj (.text:malloc)
                  00002f7c    00000008     tm4c1294ncpdt_startup_ccs.obj (.text)
                  00002f84    00000004     rtsv7M4_T_le_v4SPD16_eabi.lib : printf.c.obj (.text:_outc)
                  00002f88    00000004                                   : printf.c.obj (.text:_outs)
                  00002f8c    00000004                                   : pre_init.c.obj (.text:_system_pre_init)
                  00002f90    00000004                                   : exit.c.obj (.text:abort:abort)

.const     0    00002f94    00000358     
                  00002f94    000001b0     driverlib.lib : sysctl.obj (.const:g_pppui32XTALtoVCO)
                  00003144    00000101     rtsv7M4_T_le_v4SPD16_eabi.lib : ctype.c.obj (.const:.string:_ctypes_)
                  00003245    00000003     --HOLE-- [fill = 0]
                  00003248    0000006c     driverlib.lib : sysctl.obj (.const:g_pui32Xtals)
                  000032b4    00000030                   : sysctl.obj (.const:g_sXTALtoMEMTIM)
                  000032e4    00000008                   : sysctl.obj (.const)

.cinit     0    000032f0    000000a0     
                  000032f0    00000068     (.cinit..data.load) [load image, compression = lzss]
                  00003358    0000000c     (__TI_handler_table)
                  00003364    00000004     --HOLE-- [fill = 0]
                  00003368    00000008     (.cinit..bss.load) [load image, compression = zero_init]
                  00003370    00000008     (.cinit..vtable.load) [load image, compression = zero_init]
                  00003378    00000018     (__TI_cinit_table)

.init_array 
*          0    00000000    00000000     UNINITIALIZED

.vtable    0    20000000    0000026c     UNINITIALIZED
                  20000000    0000026c     driverlib.lib : interrupt.obj (.vtable)

.sysmem    0    20000270    00003e80     UNINITIALIZED
                  20000270    00000010     rtsv7M4_T_le_v4SPD16_eabi.lib : memory.c.obj (.sysmem)
                  20000280    00003e70     --HOLE--

.stack     0    200040f0    00000fa0     UNINITIALIZED
                  200040f0    00000004     rtsv7M4_T_le_v4SPD16_eabi.lib : boot_cortex_m.c.obj (.stack)
                  200040f4    00000f9c     --HOLE--

.data      0    20005090    000001e8     UNINITIALIZED
                  20005090    000000f0     rtsv7M4_T_le_v4SPD16_eabi.lib : defs.c.obj (.data:_ftable)
                  20005180    00000078                                   : host_device.c.obj (.data:_device)
                  200051f8    00000050                                   : host_device.c.obj (.data:_stream)
                  20005248    00000010                                   : defs.c.obj (.data)
                  20005258    0000000c                                   : exit.c.obj (.data:$O1$$)
                  20005264    00000008                                   : _lock.c.obj (.data:$O1$$)
                  2000526c    00000008                                   : memory.c.obj (.data:$O1$$)
                  20005274    00000004                                   : errno.c.obj (.data)

.bss       0    20005278    000001c8     UNINITIALIZED
                  20005278    00000120     rtsv7M4_T_le_v4SPD16_eabi.lib : trgmsg.c.obj (.bss:_CIOBUF_)
                  20005398    000000a0     (.common:__TI_tmpnams)
                  20005438    00000008     (.common:parmbuf)

MODULE SUMMARY

       Module                          code    ro data   rw data
       ------                          ----    -------   -------
    .\
       tm4c1294ncpdt_startup_ccs.obj   8       520       0      
       main.obj                        172     0         0      
    +--+-------------------------------+-------+---------+---------+
       Total:                          180     520       0      
                                                                
    C:/ccs901/TivaWare_C_Series-2.1.4.178/driverlib/ccs/Debug/driverlib.lib
       sysctl.obj                      616     596       0      
       interrupt.obj                   52      0         620    
       systick.obj                     84      0         0      
    +--+-------------------------------+-------+---------+---------+
       Total:                          752     596       620    
                                                                
    C:\ccs901\ccs\tools\compiler\ti-cgt-arm_18.12.1.LTS\lib\rtsv7M4_T_le_v4SPD16_eabi.lib
       _printfi.c.obj                  4851    0         0      
       memory.c.obj                    676     0         8      
       fd_add_t2.asm.obj               438     0         0      
       defs.c.obj                      0       0         416    
       trgmsg.c.obj                    108     0         288    
       fd_div_t2.asm.obj               310     0         0      
       fputs.c.obj                     276     0         0      
       s_scalbn.c.obj                  272     0         0      
       fd_cmp_t2.asm.obj               268     0         0      
       ctype.c.obj                     0       257       0      
       fd_mul_t2.asm.obj               252     0         0      
       setvbuf.c.obj                   220     0         0      
       host_device.c.obj               0       0         200    
       memcpy_t2.asm.obj               156     0         0      
       ull_div_t2.asm.obj              150     0         0      
       fputc.c.obj                     140     0         0      
       memset_t2.asm.obj               122     0         0      
       fclose.c.obj                    116     0         0      
       getdevice.c.obj                 116     0         0      
       printf.c.obj                    112     0         0      
       copy_decompress_lzss.c.obj      104     0         0      
       hostlseek.c.obj                 104     0         0      
       hostopen.c.obj                  96      0         8      
       hostrename.c.obj                104     0         0      
       fseek.c.obj                     100     0         0      
       s_frexp.c.obj                   100     0         0      
       _io_perm.c.obj                  98      0         0      
       close.c.obj                     92      0         0      
       exit.c.obj                      76      0         12     
       hostread.c.obj                  88      0         0      
       hostwrite.c.obj                 88      0         0      
       ltoa.c.obj                      84      0         0      
       atoi.c.obj                      76      0         0      
       fflush.c.obj                    76      0         0      
       fd_toi_t2.asm.obj               72      0         0      
       autoinit.c.obj                  68      0         0      
       hostclose.c.obj                 68      0         0      
       hostunlink.c.obj                68      0         0      
       strncpy.c.obj                   54      0         0      
       boot_cortex_m.c.obj             52      0         0      
       fopen.c.obj                     52      0         0      
       i_tofd_t2.asm.obj               46      0         0      
       unlink.c.obj                    44      0         0      
       lseek.c.obj                     40      0         0      
       write.c.obj                     40      0         0      
       memchr.c.obj                    32      0         0      
       memccpy.c.obj                   28      0         0      
       s_copysign.c.obj                26      0         0      
       strcmp.c.obj                    24      0         0      
       strchr.c.obj                    22      0         0      
       strcpy.c.obj                    20      0         0      
       strlen.c.obj                    20      0         0      
       wcslen.c.obj                    18      0         0      
       copy_decompress_none.c.obj      14      0         0      
       copy_zero_init.c.obj            12      0         0      
       errno.c.obj                     8       0         4      
       _lock.c.obj                     2       0         8      
       pre_init.c.obj                  4       0         0      
       div0.asm.obj                    2       0         0      
    +--+-------------------------------+-------+---------+---------+
       Total:                          10705   257       944    
                                                                
       Heap:                           0       0         16000  
       Stack:                          0       0         4000   
       Linker Generated:               0       156       0      
    +--+-------------------------------+-------+---------+---------+
       Grand Total:                    11637   1529      21564  


LINKER GENERATED COPY TABLES

__TI_cinit_table @ 00003378 records: 3, size/record: 8, table size: 24
	.data: load addr=000032f0, load size=00000068 bytes, run addr=20005090, run size=000001e8 bytes, compression=lzss
	.bss: load addr=00003368, load size=00000008 bytes, run addr=20005278, run size=000001c8 bytes, compression=zero_init
	.vtable: load addr=00003370, load size=00000008 bytes, run addr=20000000, run size=0000026c bytes, compression=zero_init


LINKER GENERATED HANDLER TABLE

__TI_handler_table @ 00003358 records: 3, size/record: 4, table size: 12
	index: 0, handler: __TI_zero_init
	index: 1, handler: __TI_decompress_lzss
	index: 2, handler: __TI_decompress_none


GLOBAL SYMBOLS: SORTED ALPHABETICALLY BY Name 

address   name                           
-------   ----                           
00002f91  C$$EXIT                        
00002beb  C$$IO$$                        
00002a6d  HOSTclose                      
000023c9  HOSTlseek                      
00002695  HOSTopen                       
00002751  HOSTread                       
00002431  HOSTrename                     
00002ab1  HOSTunlink                     
000027a9  HOSTwrite                      
00002c2d  IntRegister                    
00002f7d  ResetISR                       
00000ec9  SysCtlClockFreqSet             
00002edd  SysTickEnable                  
00002ef1  SysTickIntEnable               
00002e41  SysTickIntRegister             
00002f41  SysTickPeriodSet               
20005278  __CIOBUF_                      
20005090  __STACK_END                    
00000fa0  __STACK_SIZE                   
200042f0  __STACK_TOP                    
00003e80  __SYSMEM_SIZE                  
00003378  __TI_CINIT_Base                
00003390  __TI_CINIT_Limit               
00003358  __TI_Handler_Table_Base        
00003364  __TI_Handler_Table_Limit       
00002af5  __TI_auto_init_nobinit_nopinit 
00002c61  __TI_cleanup                   
20005258  __TI_cleanup_ptr               
000022e5  __TI_closefile                 
00002499  __TI_decompress_lzss           
00002f51  __TI_decompress_none           
000028fd  __TI_doflush                   
2000525c  __TI_dtors_ptr                 
20005260  __TI_enable_exit_profile_output
20005248  __TI_ft_end                    
ffffffff  __TI_pprof_out_hndl            
00000209  __TI_printfi                   
ffffffff  __TI_prof_data_size            
ffffffff  __TI_prof_data_start           
00002c95  __TI_readmsg                   
00000000  __TI_static_base__             
20005398  __TI_tmpnams                   
00002bbd  __TI_writemsg                  
00002631  __TI_wrt_ok                    
00002f5f  __TI_zero_init                 
000020e1  __aeabi_cdcmpeq                
000020e1  __aeabi_cdcmple                
00002167  __aeabi_cdrcmple               
00002a25  __aeabi_d2iz                   
000012a3  __aeabi_dadd                   
0000158d  __aeabi_ddiv                   
00001a0d  __aeabi_dmul                   
00001299  __aeabi_dsub                   
00002f6d  __aeabi_errno_addr             
00002d2d  __aeabi_i2d                    
0000144f  __aeabi_idiv0                  
0000144f  __aeabi_ldiv0                  
00002269  __aeabi_memclr                 
00002269  __aeabi_memclr4                
00002269  __aeabi_memclr8                
00001f21  __aeabi_memcpy                 
00001f21  __aeabi_memcpy4                
00001f21  __aeabi_memcpy8                
0000226b  __aeabi_memset                 
0000226b  __aeabi_memset4                
0000226b  __aeabi_memset8                
20005254  __aeabi_stderr                 
2000524c  __aeabi_stdin                  
20005250  __aeabi_stdout                 
00001fbd  __aeabi_uldivmod               
ffffffff  __binit__                      
ffffffff  __c_args__                     
UNDEFED   __mpu_init                     
200040f0  __stack                        
00002cc9  _c_int00_noargs                
00003144  _ctypes_                       
20005180  _device                        
20005090  _ftable                        
20005264  _lock                          
00000c57  _nop                           
200051f8  _stream                        
20000270  _sys_memory                    
UNDEFED   _system_post_cinit             
00002f8d  _system_pre_init               
20005268  _unlock                        
00002f91  abort                          
00001b09  aligned_alloc                  
00002949  atoi                           
ffffffff  binit                          
000026f5  close                          
00002e95  copysign                       
00002e95  copysignl                      
20005274  errno                          
000029dd  exit                           
00002cfd  finddevice                     
00002055  fputc                          
000017e9  fputs                          
00001bfd  free                           
00002569  frexp                          
00002569  frexpl                         
000025cd  fseek                          
20000000  g_pfnRAMVectors                
00000000  g_pfnVectors                   
00002b39  getdevice                      
000018fd  ldexp                          
000018fd  ldexpl                         
00002db1  lseek                          
00002857  ltoa                           
00001ea1  main                           
00002f75  malloc                         
00001b09  memalign                       
00002e79  memccpy                        
00002e21  memchr                         
00001f21  memcpy                         
00002271  memset                         
20005438  parmbuf                        
00002501  printf                         
00002055  putc                           
00002d5d  remove                         
000018fd  scalbn                         
000018fd  scalbnl                        
00001ce5  setvbuf                        
00002ec7  strchr                         
00002eaf  strcmp                         
00002f05  strcpy                         
00002f19  strlen                         
00002bf5  strncpy                        
00001e75  tiky                           
00002d5d  unlink                         
00001e7f  wait                           
00002f2d  wcslen                         
00002dd9  write                          


GLOBAL SYMBOLS: SORTED BY Symbol Address 

address   name                           
-------   ----                           
00000000  __TI_static_base__             
00000000  g_pfnVectors                   
00000209  __TI_printfi                   
00000c57  _nop                           
00000ec9  SysCtlClockFreqSet             
00000fa0  __STACK_SIZE                   
00001299  __aeabi_dsub                   
000012a3  __aeabi_dadd                   
0000144f  __aeabi_idiv0                  
0000144f  __aeabi_ldiv0                  
0000158d  __aeabi_ddiv                   
000017e9  fputs                          
000018fd  ldexp                          
000018fd  ldexpl                         
000018fd  scalbn                         
000018fd  scalbnl                        
00001a0d  __aeabi_dmul                   
00001b09  aligned_alloc                  
00001b09  memalign                       
00001bfd  free                           
00001ce5  setvbuf                        
00001e75  tiky                           
00001e7f  wait                           
00001ea1  main                           
00001f21  __aeabi_memcpy                 
00001f21  __aeabi_memcpy4                
00001f21  __aeabi_memcpy8                
00001f21  memcpy                         
00001fbd  __aeabi_uldivmod               
00002055  fputc                          
00002055  putc                           
000020e1  __aeabi_cdcmpeq                
000020e1  __aeabi_cdcmple                
00002167  __aeabi_cdrcmple               
00002269  __aeabi_memclr                 
00002269  __aeabi_memclr4                
00002269  __aeabi_memclr8                
0000226b  __aeabi_memset                 
0000226b  __aeabi_memset4                
0000226b  __aeabi_memset8                
00002271  memset                         
000022e5  __TI_closefile                 
000023c9  HOSTlseek                      
00002431  HOSTrename                     
00002499  __TI_decompress_lzss           
00002501  printf                         
00002569  frexp                          
00002569  frexpl                         
000025cd  fseek                          
00002631  __TI_wrt_ok                    
00002695  HOSTopen                       
000026f5  close                          
00002751  HOSTread                       
000027a9  HOSTwrite                      
00002857  ltoa                           
000028fd  __TI_doflush                   
00002949  atoi                           
000029dd  exit                           
00002a25  __aeabi_d2iz                   
00002a6d  HOSTclose                      
00002ab1  HOSTunlink                     
00002af5  __TI_auto_init_nobinit_nopinit 
00002b39  getdevice                      
00002bbd  __TI_writemsg                  
00002beb  C$$IO$$                        
00002bf5  strncpy                        
00002c2d  IntRegister                    
00002c61  __TI_cleanup                   
00002c95  __TI_readmsg                   
00002cc9  _c_int00_noargs                
00002cfd  finddevice                     
00002d2d  __aeabi_i2d                    
00002d5d  remove                         
00002d5d  unlink                         
00002db1  lseek                          
00002dd9  write                          
00002e21  memchr                         
00002e41  SysTickIntRegister             
00002e79  memccpy                        
00002e95  copysign                       
00002e95  copysignl                      
00002eaf  strcmp                         
00002ec7  strchr                         
00002edd  SysTickEnable                  
00002ef1  SysTickIntEnable               
00002f05  strcpy                         
00002f19  strlen                         
00002f2d  wcslen                         
00002f41  SysTickPeriodSet               
00002f51  __TI_decompress_none           
00002f5f  __TI_zero_init                 
00002f6d  __aeabi_errno_addr             
00002f75  malloc                         
00002f7d  ResetISR                       
00002f8d  _system_pre_init               
00002f91  C$$EXIT                        
00002f91  abort                          
00003144  _ctypes_                       
00003358  __TI_Handler_Table_Base        
00003364  __TI_Handler_Table_Limit       
00003378  __TI_CINIT_Base                
00003390  __TI_CINIT_Limit               
00003e80  __SYSMEM_SIZE                  
20000000  g_pfnRAMVectors                
20000270  _sys_memory                    
200040f0  __stack                        
200042f0  __STACK_TOP                    
20005090  __STACK_END                    
20005090  _ftable                        
20005180  _device                        
200051f8  _stream                        
20005248  __TI_ft_end                    
2000524c  __aeabi_stdin                  
20005250  __aeabi_stdout                 
20005254  __aeabi_stderr                 
20005258  __TI_cleanup_ptr               
2000525c  __TI_dtors_ptr                 
20005260  __TI_enable_exit_profile_output
20005264  _lock                          
20005268  _unlock                        
20005274  errno                          
20005278  __CIOBUF_                      
20005398  __TI_tmpnams                   
20005438  parmbuf                        
ffffffff  __TI_pprof_out_hndl            
ffffffff  __TI_prof_data_size            
ffffffff  __TI_prof_data_start           
ffffffff  __binit__                      
ffffffff  __c_args__                     
ffffffff  binit                          
UNDEFED   __mpu_init                     
UNDEFED   _system_post_cinit             

[132 symbols]
