******************************************************************************
                  TI ARM Linker PC v5.2.2                      
******************************************************************************
>> Linked Tue Jan 26 11:43:44 2016

OUTPUT FILE NAME:   <test.out>
ENTRY POINT SYMBOL: "_c_int00"  address: 000004e5


MEMORY CONFIGURATION

         name            origin    length      used     unused   attr    fill
----------------------  --------  ---------  --------  --------  ----  --------
  FLASH                 00000000   00100000  00000630  000ff9d0  R  X
  SRAM                  20000000   00040000  00000214  0003fdec  RW X


SEGMENT ALLOCATION MAP

run origin  load origin   length   init length attrs members
----------  ----------- ---------- ----------- ----- -------
00000000    00000000    00000630   00000630    r-x
  00000000    00000000    00000208   00000208    r-- .intvecs
  00000208    00000208    00000408   00000408    r-x .text
  00000610    00000610    00000020   00000020    r-- .cinit
20000000    20000000    00000214   00000000    rw-
  20000000    20000000    00000200   00000000    rw- .stack
  20000200    20000200    00000014   00000000    rw- .data


SECTION ALLOCATION MAP

 output                                  attributes/
section   page    origin      length       input sections
--------  ----  ----------  ----------   ----------------
.intvecs   0    00000000    00000208     
                  00000000    00000208     tm4c1294ncpdt_startup_ccs.obj (.intvecs)

.text      0    00000208    00000408     
                  00000208    000000ec     blinkypro.obj (.text)
                  000002f4    0000009c     rtsv7M4_T_le_v4SPD16_eabi.lib : memcpy_t2.obj (.text)
                  00000390    0000007a                                   : memset_t2.obj (.text)
                  0000040a    00000002     --HOLE-- [fill = 0]
                  0000040c    0000006c                                   : autoinit.obj (.text)
                  00000478    0000006a                                   : copy_decompress_rle.obj (.text)
                  000004e2    00000002     --HOLE-- [fill = 0]
                  000004e4    00000050                                   : boot.obj (.text)
                  00000534    0000004c                                   : cpy_tbl.obj (.text)
                  00000580    00000044                                   : exit.obj (.text)
                  000005c4    00000018                                   : args_main.obj (.text)
                  000005dc    00000014                                   : _lock.obj (.text)
                  000005f0    0000000e                                   : copy_decompress_none.obj (.text:decompress:none)
                  000005fe    00000008     tm4c1294ncpdt_startup_ccs.obj (.text)
                  00000606    00000006     rtsv7M4_T_le_v4SPD16_eabi.lib : copy_decompress_rle.obj (.text:decompress:rle24)
                  0000060c    00000004                                   : pre_init.obj (.text)

.cinit     0    00000610    00000020     
                  00000610    0000000f     (.cinit..data.load) [load image, compression = rle]
                  0000061f    00000001     --HOLE-- [fill = 0]
                  00000620    00000008     (__TI_handler_table)
                  00000628    00000008     (__TI_cinit_table)

.init_array 
*          0    00000000    00000000     UNINITIALIZED

.stack     0    20000000    00000200     UNINITIALIZED
                  20000000    00000200     --HOLE--

.data      0    20000200    00000014     UNINITIALIZED
                  20000200    00000008     rtsv7M4_T_le_v4SPD16_eabi.lib : _lock.obj (.data)
                  20000208    00000008                                   : exit.obj (.data)
                  20000210    00000004                                   : stkdepth_vars.obj (.data)

.TI.persistent 
*          0    20000200    00000000     UNINITIALIZED


LINKER GENERATED COPY TABLES

__TI_cinit_table @ 00000628 records: 1, size/record: 8, table size: 8
	.data: load addr=00000610, load size=0000000f bytes, run addr=20000200, run size=00000014 bytes, compression=rle


LINKER GENERATED HANDLER TABLE

__TI_handler_table @ 00000620 records: 2, size/record: 4, table size: 8
	index: 0, handler: __TI_decompress_rle24
	index: 1, handler: __TI_decompress_none


GLOBAL SYMBOLS: SORTED ALPHABETICALLY BY Name 

address   name                    
-------   ----                    
00000581  C$$EXIT                 
000005ff  ResetISR                
UNDEFED   SHT$$INIT_ARRAY$$Base   
UNDEFED   SHT$$INIT_ARRAY$$Limit  
20000200  __STACK_END             
00000200  __STACK_SIZE            
20000200  __STACK_TOP             
00000628  __TI_CINIT_Base         
00000630  __TI_CINIT_Limit        
00000620  __TI_Handler_Table_Base 
00000628  __TI_Handler_Table_Limit
0000040d  __TI_auto_init          
20000208  __TI_cleanup_ptr        
000005f1  __TI_decompress_none    
00000607  __TI_decompress_rle24   
2000020c  __TI_dtors_ptr          
00000000  __TI_static_base__      
00000391  __aeabi_memclr          
00000391  __aeabi_memclr4         
00000391  __aeabi_memclr8         
000002f5  __aeabi_memcpy          
000002f5  __aeabi_memcpy4         
000002f5  __aeabi_memcpy8         
00000393  __aeabi_memset          
00000393  __aeabi_memset4         
00000393  __aeabi_memset8         
ffffffff  __binit__               
ffffffff  __c_args__              
20000000  __stack                 
000005c5  _args_main              
000004e5  _c_int00                
20000200  _lock                   
000005eb  _nop                    
000005e3  _register_lock          
000005dd  _register_unlock        
0000060d  _system_pre_init        
20000204  _unlock                 
00000585  abort                   
ffffffff  binit                   
00000535  copy_in                 
0000058d  exit                    
00000000  g_pfnVectors            
00000209  main                    
20000210  main_func_sp            
000002f5  memcpy                  
00000399  memset                  


GLOBAL SYMBOLS: SORTED BY Symbol Address 

address   name                    
-------   ----                    
00000000  __TI_static_base__      
00000000  g_pfnVectors            
00000200  __STACK_SIZE            
00000209  main                    
000002f5  __aeabi_memcpy          
000002f5  __aeabi_memcpy4         
000002f5  __aeabi_memcpy8         
000002f5  memcpy                  
00000391  __aeabi_memclr          
00000391  __aeabi_memclr4         
00000391  __aeabi_memclr8         
00000393  __aeabi_memset          
00000393  __aeabi_memset4         
00000393  __aeabi_memset8         
00000399  memset                  
0000040d  __TI_auto_init          
000004e5  _c_int00                
00000535  copy_in                 
00000581  C$$EXIT                 
00000585  abort                   
0000058d  exit                    
000005c5  _args_main              
000005dd  _register_unlock        
000005e3  _register_lock          
000005eb  _nop                    
000005f1  __TI_decompress_none    
000005ff  ResetISR                
00000607  __TI_decompress_rle24   
0000060d  _system_pre_init        
00000620  __TI_Handler_Table_Base 
00000628  __TI_CINIT_Base         
00000628  __TI_Handler_Table_Limit
00000630  __TI_CINIT_Limit        
20000000  __stack                 
20000200  __STACK_END             
20000200  __STACK_TOP             
20000200  _lock                   
20000204  _unlock                 
20000208  __TI_cleanup_ptr        
2000020c  __TI_dtors_ptr          
20000210  main_func_sp            
ffffffff  __binit__               
ffffffff  __c_args__              
ffffffff  binit                   
UNDEFED   SHT$$INIT_ARRAY$$Base   
UNDEFED   SHT$$INIT_ARRAY$$Limit  

[46 symbols]
